[    0.000000] Initializing cgroup subsys cpuset
[    0.000000] Initializing cgroup subsys cpu
[    0.000000] Initializing cgroup subsys cpuacct
[    0.000000] Linux version 4.3.0-rc1-g00ade1f (emacs@ded) (gcc version 5.2.0 (GCC) ) #121 SMP Sun Sep 20 00:12:33 CEST 2015
[    0.000000] Command line: BOOT_IMAGE=/vmlinuz-linux-git root=UUID=bfa4ab6e-19a3-4601-ba2b-267c55841c73 rw cryptdevice=/dev/disk/by-uuid/70c08890-417a-497d-b6ab-c0d0357a63e2:cryptManjaro:allow-discards ipv6.disable=1 pnp.debug=1 loglevel=9 log_buf_len=10M printk.always_kmsg_dump=y printk.time=y mminit_loglevel=0 memory_corruption_check=1 fbcon=scrollback:4096k fbcon=font:ProFont6x11 apic=debug earlyprintk=vga dynamic_debug.verbose=1 "dyndbg=file arch/x86/kernel/apic/* +pflmt ; file drivers/video/* +pflmt ; file drivers/input/* -pflmt ; file drivers/acpi/* -pflmt ; file net/netfilter/* +pflmt" i8042.debug acpi_backlight=vendor nohz=on rcu_nocbs=1-3 pcie_aspm=force radeon.audio=0 radeon.lockup_timeout=120000 radeon.test=0 radeon.agpmode=-1 radeon.benchmark=0 radeon.tv=0 radeon.hard_reset=1 radeon.aspm=1 radeon.msi=1 radeon.pcie_gen2=-1 radeon.no_wb=1 radeon.r4xx_atom=0 radeonfb radeon.fastfb=1 radeon.modeset=1 radeon.dpm=1 radeon.runpm=1 radeon.dynclks=0 slub_debug=U noefi CPUunderclocking
[    0.000000] KERNEL supported cpus:
[    0.000000]   AMD AuthenticAMD
[    0.000000] tseg: 00bfe00000
[    0.000000] x86/fpu: Legacy x87 FPU detected.
[    0.000000] x86/fpu: Using 'lazy' FPU context switches.
[    0.000000] e820: BIOS-provided physical RAM map:
[    0.000000] BIOS-e820: [mem 0x0000000000000000-0x000000000009d7ff] usable
[    0.000000] BIOS-e820: [mem 0x000000000009d800-0x000000000009ffff] reserved
[    0.000000] BIOS-e820: [mem 0x00000000000e0000-0x00000000000fffff] reserved
[    0.000000] BIOS-e820: [mem 0x0000000000100000-0x00000000bed9afff] usable
[    0.000000] BIOS-e820: [mem 0x00000000bed9b000-0x00000000bf39afff] reserved
[    0.000000] BIOS-e820: [mem 0x00000000bf39b000-0x00000000bf49afff] ACPI NVS
[    0.000000] BIOS-e820: [mem 0x00000000bf49b000-0x00000000bf51afff] ACPI data
[    0.000000] BIOS-e820: [mem 0x00000000bf51b000-0x00000000bfdfffff] usable
[    0.000000] BIOS-e820: [mem 0x00000000bfe00000-0x00000000bfffffff] reserved
[    0.000000] BIOS-e820: [mem 0x00000000fec00000-0x00000000fecfffff] reserved
[    0.000000] BIOS-e820: [mem 0x00000000fed80000-0x00000000fed80fff] reserved
[    0.000000] BIOS-e820: [mem 0x00000000ffe00000-0x00000000ffffffff] reserved
[    0.000000] BIOS-e820: [mem 0x0000000100000000-0x000000041effffff] usable
[    0.000000] bootconsole [earlyvga0] enabled
[    0.000000] NX (Execute Disable) protection: active
[    0.000000] SMBIOS 2.6 present.
[    0.000000] DMI: LENOVO Sabine/Torpedo, BIOS 54CN18WW 07/20/2011
[    0.000000] e820: update [mem 0x00000000-0x00000fff] usable ==> reserved
[    0.000000] e820: remove [mem 0x000a0000-0x000fffff] usable
[    0.000000] e820: last_pfn = 0x41f000 max_arch_pfn = 0x400000000
[    0.000000] MTRR default type: uncachable
[    0.000000] MTRR fixed ranges enabled:
[    0.000000]   00000-9FFFF write-back
[    0.000000]   A0000-BFFFF uncachable
[    0.000000]   C0000-FFFFF write-protect
[    0.000000] MTRR variable ranges enabled:
[    0.000000]   0 base 0000000000 mask FF80000000 write-back
[    0.000000]   1 base 0080000000 mask FFC0000000 write-back
[    0.000000]   2 base 00FFF90000 mask FFFFFF0000 uncachable
[    0.000000]   3 base 00FED80000 mask 0FFFFFF000 uncachable
[    0.000000]   4 disabled
[    0.000000]   5 disabled
[    0.000000]   6 disabled
[    0.000000]   7 base 00FFE00000 mask FFFFE00000 write-protect
[    0.000000] TOM2: 000000041f000000 aka 16880M
[    0.000000] x86/PAT: Configuration [0-7]: WB  WT  UC- UC  WB  WT  UC- UC  
[    0.000000] mtrr: your BIOS has configured an incorrect mask, fixing it.
[    0.000000] e820: last_pfn = 0xbfe00 max_arch_pfn = 0x400000000
[    0.000000] Scan for SMP in [mem 0x00000000-0x000003ff]
[    0.000000] Scan for SMP in [mem 0x0009fc00-0x0009ffff]
[    0.000000] Scan for SMP in [mem 0x000f0000-0x000fffff]
[    0.000000] found SMP MP-table at [mem 0x000fa8b0-0x000fa8bf] mapped at [ffff8800000fa8b0]
[    0.000000]   mpc: fa8c0-faa24
[    0.000000] Base memory trampoline at [ffff880000097000] 97000 size 24576
[    0.000000] Using GB pages for direct mapping
[    0.000000] init_memory_mapping: [mem 0x00000000-0x000fffff]
[    0.000000]  [mem 0x00000000-0x000fffff] page 4k
[    0.000000] BRK [0x22a4d000, 0x22a4dfff] PGTABLE
[    0.000000] BRK [0x22a4e000, 0x22a4efff] PGTABLE
[    0.000000] BRK [0x22a4f000, 0x22a4ffff] PGTABLE
[    0.000000] init_memory_mapping: [mem 0x41ee00000-0x41effffff]
[    0.000000]  [mem 0x41ee00000-0x41effffff] page 2M
[    0.000000] BRK [0x22a50000, 0x22a50fff] PGTABLE
[    0.000000] init_memory_mapping: [mem 0x400000000-0x41edfffff]
[    0.000000]  [mem 0x400000000-0x41edfffff] page 2M
[    0.000000] init_memory_mapping: [mem 0x3e0000000-0x3ffffffff]
[    0.000000]  [mem 0x3e0000000-0x3ffffffff] page 1G
[    0.000000] init_memory_mapping: [mem 0x00100000-0xbed9afff]
[    0.000000]  [mem 0x00100000-0x001fffff] page 4k
[    0.000000]  [mem 0x00200000-0x3fffffff] page 2M
[    0.000000]  [mem 0x40000000-0x7fffffff] page 1G
[    0.000000]  [mem 0x80000000-0xbebfffff] page 2M
[    0.000000]  [mem 0xbec00000-0xbed9afff] page 4k
[    0.000000] init_memory_mapping: [mem 0xbf51b000-0xbfdfffff]
[    0.000000]  [mem 0xbf51b000-0xbf5fffff] page 4k
[    0.000000]  [mem 0xbf600000-0xbfdfffff] page 2M
[    0.000000] BRK [0x22a51000, 0x22a51fff] PGTABLE
[    0.000000] init_memory_mapping: [mem 0x100000000-0x3dfffffff]
[    0.000000]  [mem 0x100000000-0x3dfffffff] page 1G
[    0.000000] log_buf_len: 16777216 bytes
[    0.000000] early log buf free: 2091376(99%)
[    0.000000] RAMDISK: [mem 0x366e0000-0x37367fff]
[    0.000000] ACPI: Early table checksum verification disabled
[    0.000000] ACPI: RSDP 0x00000000000F0110 000024 (v02 LENOVO)
[    0.000000] ACPI: XSDT 0x00000000BF51A120 000074 (v01 LENOVO CB-01    00000001 LENO 00000001)
[    0.000000] ACPI: FACP 0x00000000BF508000 0000F4 (v04 LENOVO CB-01    00000001 PTL  00000001)
[    0.000000] ACPI: DSDT 0x00000000BF50A000 00FD10 (v01 LENOVO CB-01    00001000 LENO 00000001)
[    0.000000] ACPI: FACS 0x00000000BF478000 000040
[    0.000000] ACPI: FACS 0x00000000BF478000 000040
[    0.000000] ACPI: HPET 0x00000000BF507000 000038 (v01 LENOVO CB-01    00000001 PTL  00000001)
[    0.000000] ACPI: APIC 0x00000000BF506000 00007A (v02 LENOVO CB-01    00000001 PTL  00000001)
[    0.000000] ACPI: MCFG 0x00000000BF505000 00003C (v01 LENOVO CB-01    00000001 PTL  00000001)
[    0.000000] ACPI: SLIC 0x00000000BF504000 000176 (v01 LENOVO CB-01    00000001 LENO 00000001)
[    0.000000] ACPI: UEFI 0x00000000BF503000 00003E (v01 LENOVO CB-01    00000001 PTL  00000001)
[    0.000000] ACPI: UEFI 0x00000000BF502000 000042 (v01 PTL    COMBUF   00000001 PTL  00000001)
[    0.000000] ACPI: SSDT 0x00000000BF501000 000E34 (v01 AMD    POWERNOW 00000001 AMD  00000001)
[    0.000000] ACPI: SSDT 0x00000000BF4FF000 00193D (v02 AMD    ALIB     00000001 MSFT 04000000)
[    0.000000] ACPI: UEFI 0x00000000BF4FE000 00021A (v01 LENOVO CB-01    00000001 PTL  00000001)
[    0.000000] ACPI: Local APIC address 0xfee00000
[    0.000000] mapped APIC to ffffffffff7fc000 (        fee00000)
[    0.000000] No NUMA configuration found
[    0.000000] Faking a node at [mem 0x0000000000000000-0x000000041effffff]
[    0.000000] NODE_DATA(0) allocated [mem 0x41dff9000-0x41dffcfff]
[    0.000000]  [ffffea0000000000-ffffea00107fffff] PMD -> [ffff88040de00000-ffff88041d5fffff] on node 0
[    0.000000] Zone ranges:
[    0.000000]   DMA      [mem 0x0000000000001000-0x0000000000ffffff]
[    0.000000]   DMA32    [mem 0x0000000001000000-0x00000000ffffffff]
[    0.000000]   Normal   [mem 0x0000000100000000-0x000000041effffff]
[    0.000000] Movable zone start for each node
[    0.000000] Early memory node ranges
[    0.000000]   node   0: [mem 0x0000000000001000-0x000000000009cfff]
[    0.000000]   node   0: [mem 0x0000000000100000-0x00000000bed9afff]
[    0.000000]   node   0: [mem 0x00000000bf51b000-0x00000000bfdfffff]
[    0.000000]   node   0: [mem 0x0000000100000000-0x000000041effffff]
[    0.000000] Initmem setup node 0 [mem 0x0000000000001000-0x000000041effffff]
[    0.000000] On node 0 totalpages: 4056604
[    0.000000]   DMA zone: 64 pages used for memmap
[    0.000000]   DMA zone: 21 pages reserved
[    0.000000]   DMA zone: 3996 pages, LIFO batch:0
[    0.000000]   DMA32 zone: 12186 pages used for memmap
[    0.000000]   DMA32 zone: 779904 pages, LIFO batch:31
[    0.000000]   Normal zone: 51136 pages used for memmap
[    0.000000]   Normal zone: 3272704 pages, LIFO batch:31
[    0.000000] ACPI: PM-Timer IO Port: 0x808
[    0.000000] ACPI: Local APIC address 0xfee00000
[    0.000000] mapped APIC to ffffffffff7fc000 (        fee00000)
[    0.000000] ACPI: LAPIC (acpi_id[0x00] lapic_id[0x00] enabled)
[    0.000000] ACPI: LAPIC (acpi_id[0x01] lapic_id[0x01] enabled)
[    0.000000] ACPI: LAPIC (acpi_id[0x02] lapic_id[0x02] enabled)
[    0.000000] ACPI: LAPIC (acpi_id[0x03] lapic_id[0x03] enabled)
[    0.000000] ACPI: LAPIC_NMI (acpi_id[0x00] high edge lint[0x1])
[    0.000000] ACPI: LAPIC_NMI (acpi_id[0x01] high edge lint[0x1])
[    0.000000] ACPI: LAPIC_NMI (acpi_id[0x02] high edge lint[0x1])
[    0.000000] ACPI: LAPIC_NMI (acpi_id[0x03] high edge lint[0x1])
[    0.000000] ACPI: IOAPIC (id[0x02] address[0xfec00000] gsi_base[0])
[    0.000000] IOAPIC[0]: apic_id 2, version 33, address 0xfec00000, GSI 0-23
[    0.000000] ACPI: INT_SRC_OVR (bus 0 bus_irq 0 global_irq 2 dfl dfl)
[    0.000000] Int: type 0, pol 0, trig 0, bus 00, IRQ 00, APIC ID 2, APIC INT 02
[    0.000000] Int: type 0, pol 3, trig 3, bus 00, IRQ 09, APIC ID 2, APIC INT 09
[    0.000000] ACPI: IRQ0 used by override.
[    0.000000] Int: type 0, pol 0, trig 0, bus 00, IRQ 01, APIC ID 2, APIC INT 01
[    0.000000] Int: type 0, pol 0, trig 0, bus 00, IRQ 03, APIC ID 2, APIC INT 03
[    0.000000] Int: type 0, pol 0, trig 0, bus 00, IRQ 04, APIC ID 2, APIC INT 04
[    0.000000] Int: type 0, pol 0, trig 0, bus 00, IRQ 05, APIC ID 2, APIC INT 05
[    0.000000] Int: type 0, pol 0, trig 0, bus 00, IRQ 06, APIC ID 2, APIC INT 06
[    0.000000] Int: type 0, pol 0, trig 0, bus 00, IRQ 07, APIC ID 2, APIC INT 07
[    0.000000] Int: type 0, pol 0, trig 0, bus 00, IRQ 08, APIC ID 2, APIC INT 08
[    0.000000] ACPI: IRQ9 used by override.
[    0.000000] Int: type 0, pol 0, trig 0, bus 00, IRQ 0a, APIC ID 2, APIC INT 0a
[    0.000000] Int: type 0, pol 0, trig 0, bus 00, IRQ 0b, APIC ID 2, APIC INT 0b
[    0.000000] Int: type 0, pol 0, trig 0, bus 00, IRQ 0c, APIC ID 2, APIC INT 0c
[    0.000000] Int: type 0, pol 0, trig 0, bus 00, IRQ 0d, APIC ID 2, APIC INT 0d
[    0.000000] Int: type 0, pol 0, trig 0, bus 00, IRQ 0e, APIC ID 2, APIC INT 0e
[    0.000000] Int: type 0, pol 0, trig 0, bus 00, IRQ 0f, APIC ID 2, APIC INT 0f
[    0.000000] Using ACPI (MADT) for SMP configuration information
[    0.000000] ACPI: HPET id: 0x43538210 base: 0xfed00000
[    0.000000] smpboot: Allowing 4 CPUs, 0 hotplug CPUs
[    0.000000] mapped IOAPIC to ffffffffff7fb000 (fec00000)
[    0.000000] e820: [mem 0xc0000000-0xfebfffff] available for PCI devices
[    0.000000] clocksource: refined-jiffies: mask: 0xffffffff max_cycles: 0xffffffff, max_idle_ns: 6370452778343963 ns
[    0.000000] setup_percpu: NR_CPUS:64 nr_cpumask_bits:64 nr_cpu_ids:4 nr_node_ids:1
[    0.000000] PERCPU: Embedded 31 pages/cpu @ffff88041dc00000 s89624 r8192 d29160 u524288
[    0.000000] pcpu-alloc: s89624 r8192 d29160 u524288 alloc=1*2097152
[    0.000000] pcpu-alloc: [0] 0 1 2 3 
[    0.000000] Built 1 zonelists in Node order, mobility grouping on.  Total pages: 3993197
[    0.000000] Policy zone: Normal
[    0.000000] Kernel command line: BOOT_IMAGE=/vmlinuz-linux-git root=UUID=bfa4ab6e-19a3-4601-ba2b-267c55841c73 rw cryptdevice=/dev/disk/by-uuid/70c08890-417a-497d-b6ab-c0d0357a63e2:cryptManjaro:allow-discards ipv6.disable=1 pnp.debug=1 loglevel=9 log_buf_len=10M printk.always_kmsg_dump=y printk.time=y mminit_loglevel=0 memory_corruption_check=1 fbcon=scrollback:4096k fbcon=font:ProFont6x11 apic=debug earlyprintk=vga dynamic_debug.verbose=1 "dyndbg=file arch/x86/kernel/apic/* +pflmt ; file drivers/video/* +pflmt ; file drivers/input/* -pflmt ; file drivers/acpi/* -pflmt ; file net/netfilter/* +pflmt" i8042.debug acpi_backlight=vendor nohz=on rcu_nocbs=1-3 pcie_aspm=force radeon.audio=0 radeon.lockup_timeout=120000 radeon.test=0 radeon.agpmode=-1 radeon.benchmark=0 radeon.tv=0 radeon.hard_reset=1 radeon.aspm=1 radeon.msi=1 radeon.pcie_gen2=-1 radeon.no_wb=1 radeon.r4xx_atom=0 radeonfb radeon.fastfb=1 radeon.modeset=1 radeon.dpm=1 radeon.runpm=1 radeon.dynclks=0 slub_debug=U noefi CPUunderc
[    0.000000] PCIe ASPM is forcibly enabled
[    0.000000] PID hash table entries: 4096 (order: 3, 32768 bytes)
[    0.000000] Memory: 15859720K/16226416K available (6792K kernel code, 899K rwdata, 2940K rodata, 872K init, 2600K bss, 366696K reserved, 0K cma-reserved)
[    0.000000] SLUB: HWalign=64, Order=0-3, MinObjects=0, CPUs=4, Nodes=1
[    0.000000] Hierarchical RCU implementation.
[    0.000000] 	Build-time adjustment of leaf fanout to 64.
[    0.000000] 	RCU restricting CPUs from NR_CPUS=64 to nr_cpu_ids=4.
[    0.000000] RCU: Adjusting geometry for rcu_fanout_leaf=64, nr_cpu_ids=4
[    0.000000] NR_IRQS:4352 nr_irqs:456 16
[    0.000000] spurious 8259A interrupt: IRQ7.
[    0.000000] vgacon: allocated 4194304 bytes of memory for scrollback. CONFIG_VGACON_SOFT_SCROLLBACK_SIZE=4096
[    0.000000] Console: colour VGA+ 80x25
[    0.000000] console [tty0] enabled
[    0.000000] bootconsole [earlyvga0] disabled
[    0.000000] clocksource: hpet: mask: 0xffffffff max_cycles: 0xffffffff, max_idle_ns: 133484873504 ns
[    0.000000] hpet clockevent registered
[    0.000000] tsc: Fast TSC calibration using PIT
[    0.000000] tsc: Detected 1397.483 MHz processor
[    0.000039] Calibrating delay loop (skipped), value calculated using timer frequency.. 2796.42 BogoMIPS (lpj=4658276)
[    0.000145] pid_max: default: 32768 minimum: 301
[    0.000221] ACPI: Core revision 20150818
[    0.000307] ACPI: acpi_os_initialize: map reset_reg status 0
[    0.372078] ACPI: 3 ACPI AML tables successfully acquired and loaded
[    0.372385] Security Framework initialized
[    0.373526] Dentry cache hash table entries: 2097152 (order: 12, 16777216 bytes)
[    0.378368] Inode-cache hash table entries: 1048576 (order: 11, 8388608 bytes)
[    0.380677] Mount-cache hash table entries: 32768 (order: 6, 262144 bytes)
[    0.380824] Mountpoint-cache hash table entries: 32768 (order: 6, 262144 bytes)
[    0.382088] Initializing cgroup subsys io
[    0.382287] Initializing cgroup subsys memory
[    0.382461] Initializing cgroup subsys devices
[    0.382586] Initializing cgroup subsys freezer
[    0.382719] Initializing cgroup subsys net_cls
[    0.382874] CPU: Physical Processor ID: 0
[    0.383009] CPU: Processor Core ID: 0
[    0.383133] mce: CPU supports 6 MCE banks
[    0.383276] Last level iTLB entries: 4KB 512, 2MB 16, 4MB 8
[    0.383402] Last level dTLB entries: 4KB 1024, 2MB 128, 4MB 64, 1GB 0
[    0.383651] Freeing SMP alternatives memory: 24K (ffffffffa27bc000 - ffffffffa27c2000)
[    0.385947] enabled ExtINT on CPU#0
[    0.386285] ENABLING IO-APIC IRQs
[    0.386414] init IO_APIC IRQs
[    0.386537]  apic 2 pin 0 not connected
[    0.386681] IOAPIC[0]: Set routing entry (2-1 -> 0x31 -> IRQ 1 Mode:0 Active:0 Dest:1)
[    0.386826] IOAPIC[0]: Set routing entry (2-2 -> 0x30 -> IRQ 0 Mode:0 Active:0 Dest:1)
[    0.387010] IOAPIC[0]: Set routing entry (2-3 -> 0x33 -> IRQ 3 Mode:0 Active:0 Dest:1)
[    0.387193] IOAPIC[0]: Set routing entry (2-4 -> 0x34 -> IRQ 4 Mode:0 Active:0 Dest:1)
[    0.387387] IOAPIC[0]: Set routing entry (2-5 -> 0x35 -> IRQ 5 Mode:0 Active:0 Dest:1)
[    0.387557] IOAPIC[0]: Set routing entry (2-6 -> 0x36 -> IRQ 6 Mode:0 Active:0 Dest:1)
[    0.387726] IOAPIC[0]: Set routing entry (2-7 -> 0x37 -> IRQ 7 Mode:0 Active:0 Dest:1)
[    0.387898] IOAPIC[0]: Set routing entry (2-8 -> 0x38 -> IRQ 8 Mode:0 Active:0 Dest:1)
[    0.388070] IOAPIC[0]: Set routing entry (2-9 -> 0x39 -> IRQ 9 Mode:1 Active:1 Dest:1)
[    0.388244] IOAPIC[0]: Set routing entry (2-10 -> 0x3a -> IRQ 10 Mode:0 Active:0 Dest:1)
[    0.388415] IOAPIC[0]: Set routing entry (2-11 -> 0x3b -> IRQ 11 Mode:0 Active:0 Dest:1)
[    0.388587] IOAPIC[0]: Set routing entry (2-12 -> 0x3c -> IRQ 12 Mode:0 Active:0 Dest:1)
[    0.388747] IOAPIC[0]: Set routing entry (2-13 -> 0x3d -> IRQ 13 Mode:0 Active:0 Dest:1)
[    0.388919] IOAPIC[0]: Set routing entry (2-14 -> 0x3e -> IRQ 14 Mode:0 Active:0 Dest:1)
[    0.389090] IOAPIC[0]: Set routing entry (2-15 -> 0x3f -> IRQ 15 Mode:0 Active:0 Dest:1)
[    0.389246]  apic 2 pin 16 not connected
[    0.389364]  apic 2 pin 17 not connected
[    0.389434]  apic 2 pin 18 not connected
[    0.389552]  apic 2 pin 19 not connected
[    0.389670]  apic 2 pin 20 not connected
[    0.389739]  apic 2 pin 21 not connected
[    0.389809]  apic 2 pin 22 not connected
[    0.389879]  apic 2 pin 23 not connected
[    0.390174] ..TIMER: vector=0x30 apic1=0 pin1=2 apic2=-1 pin2=-1
[    0.423311] Using local APIC timer interrupts.
               calibrating APIC timer ...
[    0.529166] ... lapic delta = 1247729
[    0.529294] ... PM-Timer delta = 357954
[    0.529421] ... PM-Timer result ok
[    0.529547] ..... delta 1247729
[    0.529671] ..... mult: 53589557
[    0.529781] ..... calibration result: 665455
[    0.529862] ..... CPU clock speed is 1397.1999 MHz.
[    0.529990] ..... host bus clock speed is 199.2188 MHz.
[    0.530126] smpboot: CPU0: AMD A6-3400M APU with Radeon(tm) HD Graphics (family: 0x12, model: 0x1, stepping: 0x0)
[    0.530511] Performance Events: AMD PMU driver.
[    0.530720] ... version:                0
[    0.530831] ... bit width:              48
[    0.530959] ... generic registers:      4
[    0.531086] ... value mask:             0000ffffffffffff
[    0.531216] ... max period:             00007fffffffffff
[    0.531344] ... fixed-purpose events:   0
[    0.531472] ... event mask:             000000000000000f
[    0.532847] dynamic_debug:ddebug_add_module: 2 debug prints in module main
[    0.532981] dynamic_debug:ddebug_add_module: 1 debug prints in module initramfs
[    0.533159] dynamic_debug:ddebug_add_module: 1 debug prints in module common
[    0.533301] dynamic_debug:ddebug_add_module: 2 debug prints in module main
[    0.533447] dynamic_debug:ddebug_add_module: 7 debug prints in module generic
[    0.533598] dynamic_debug:ddebug_add_module: 8 debug prints in module microcode
[    0.533786] dynamic_debug:ddebug_add_module: 1 debug prints in module boot
[    0.533885] dynamic_debug:ddebug_add_module: 22 debug prints in module smpboot
[    0.534063] dynamic_debug:ddebug_add_module: 1 debug prints in module tsc_sync
[    0.534238] dynamic_debug:ddebug_add_module: 2 debug prints in module setup_percpu
[    0.534426] dynamic_debug:ddebug_add_module: 30 debug prints in module vector
[    0.534560] dynamic_debug:ddebug_add_module: 4 debug prints in module init_64
[    0.534693] dynamic_debug:ddebug_add_module: 1 debug prints in module numa
[    0.534815] dynamic_debug:ddebug_add_module: 4 debug prints in module params
[    0.534949] dynamic_debug:ddebug_add_module: 4 debug prints in module async
[    0.535082] dynamic_debug:ddebug_add_module: 1 debug prints in module manage
[    0.535224] dynamic_debug:ddebug_add_module: 14 debug prints in module irqdomain
[    0.535394] dynamic_debug:ddebug_add_module: 2 debug prints in module msi
[    0.535528] dynamic_debug:ddebug_add_module: 2 debug prints in module freezer
[    0.535665] dynamic_debug:ddebug_add_module: 18 debug prints in module module
[    0.535794] dynamic_debug:ddebug_add_module: 6 debug prints in module mempolicy
[    0.535966] dynamic_debug:ddebug_add_module: 1 debug prints in module vmpressure
[    0.536144] dynamic_debug:ddebug_add_module: 1 debug prints in module fsnotify
[    0.536317] dynamic_debug:ddebug_add_module: 2 debug prints in module notification
[    0.536489] dynamic_debug:ddebug_add_module: 1 debug prints in module inotify_fsnotify
[    0.536662] dynamic_debug:ddebug_add_module: 5 debug prints in module inotify_user
[    0.536808] dynamic_debug:ddebug_add_module: 6 debug prints in module fanotify
[    0.536982] dynamic_debug:ddebug_add_module: 13 debug prints in module fanotify_user
[    0.537163] dynamic_debug:ddebug_add_module: 20 debug prints in module aio
[    0.537300] dynamic_debug:ddebug_add_module: 13 debug prints in module binfmt_misc
[    0.537474] dynamic_debug:ddebug_add_module: 2 debug prints in module mount
[    0.537608] dynamic_debug:ddebug_add_module: 1 debug prints in module dir
[    0.537743] dynamic_debug:ddebug_add_module: 8 debug prints in module configfs
[    0.537877] dynamic_debug:ddebug_add_module: 1 debug prints in module debugfs
[    0.538010] dynamic_debug:ddebug_add_module: 1 debug prints in module tracefs
[    0.538146] dynamic_debug:ddebug_add_module: 2 debug prints in module ramoops
[    0.538281] dynamic_debug:ddebug_add_module: 1 debug prints in module inode
[    0.538416] dynamic_debug:ddebug_add_module: 2 debug prints in module asymmetric_keys
[    0.538590] dynamic_debug:ddebug_add_module: 1 debug prints in module public_key
[    0.538769] dynamic_debug:ddebug_add_module: 18 debug prints in module x509_key_parser
[    0.538900] dynamic_debug:ddebug_add_module: 13 debug prints in module efi
[    0.539034] dynamic_debug:ddebug_add_module: 1 debug prints in module decompress
[    0.539211] dynamic_debug:ddebug_add_module: 10 debug prints in module kobject
[    0.539386] dynamic_debug:ddebug_add_module: 6 debug prints in module kobject_uevent
[    0.539564] dynamic_debug:ddebug_add_module: 1 debug prints in module list_sort
[    0.539739] dynamic_debug:ddebug_add_module: 1 debug prints in module percpu_refcount
[    0.539875] dynamic_debug:ddebug_add_module: 11 debug prints in module asn1_decoder
[    0.540051] dynamic_debug:ddebug_add_module: 5 debug prints in module probe
[    0.540189] dynamic_debug:ddebug_add_module: 4 debug prints in module pci
[    0.540325] dynamic_debug:ddebug_add_module: 3 debug prints in module slot
[    0.540461] dynamic_debug:ddebug_add_module: 3 debug prints in module quirks
[    0.540597] dynamic_debug:ddebug_add_module: 2 debug prints in module pme
[    0.540732] dynamic_debug:ddebug_add_module: 1 debug prints in module pci_hotplug
[    0.540868] dynamic_debug:ddebug_add_module: 12 debug prints in module acpiphp
[    0.541042] dynamic_debug:ddebug_add_module: 1 debug prints in module htirq
[    0.541177] dynamic_debug:ddebug_add_module: 1 debug prints in module pci_acpi
[    0.541351] dynamic_debug:ddebug_add_module: 3 debug prints in module backlight
[    0.541526] dynamic_debug:ddebug_add_module: 4 debug prints in module fb
[    0.541674] dynamic_debug:ddebug_add_module: 44 debug prints in module radeonfb
[    0.541809] dynamic_debug:ddebug_add_module: 7 debug prints in module tables
[    0.541954] dynamic_debug:ddebug_add_module: 40 debug prints in module acpi
[    0.542088] dynamic_debug:ddebug_add_module: 3 debug prints in module fan
[    0.542222] dynamic_debug:ddebug_add_module: 1 debug prints in module video
[    0.542357] dynamic_debug:ddebug_add_module: 4 debug prints in module pci_slot
[    0.542531] dynamic_debug:ddebug_add_module: 2 debug prints in module processor
[    0.544643] dynamic_debug:ddebug_add_module: 4 debug prints in module pnp
[    0.544783] dynamic_debug:ddebug_add_module: 2 debug prints in module acpi_dma
[    0.544961] dynamic_debug:ddebug_add_module: 10 debug prints in module core
[    0.545095] dynamic_debug:ddebug_add_module: 1 debug prints in module fixed
[    0.545231] dynamic_debug:ddebug_add_module: 6 debug prints in module virtual
[    0.545366] dynamic_debug:ddebug_add_module: 3 debug prints in module lp3971
[    0.545508] dynamic_debug:ddebug_add_module: 3 debug prints in module lp3972
[    0.545644] dynamic_debug:ddebug_add_module: 1 debug prints in module tty_io
[    0.545784] dynamic_debug:ddebug_add_module: 1 debug prints in module vt_ioctl
[    0.545959] dynamic_debug:ddebug_add_module: 1 debug prints in module tpm
[    0.546097] dynamic_debug:ddebug_add_module: 10 debug prints in module tpm_tis
[    0.546272] dynamic_debug:ddebug_add_module: 2 debug prints in module dmar
[    0.546408] dynamic_debug:ddebug_add_module: 3 debug prints in module drm
[    0.546543] dynamic_debug:ddebug_add_module: 3 debug prints in module ttm
[    0.546678] dynamic_debug:ddebug_add_module: 2 debug prints in module radeon
[    0.546806] dynamic_debug:ddebug_add_module: 17 debug prints in module vgaarb
[    0.546895] dynamic_debug:ddebug_add_module: 2 debug prints in module component
[    0.547070] dynamic_debug:ddebug_add_module: 11 debug prints in module core
[    0.547206] dynamic_debug:ddebug_add_module: 9 debug prints in module bus
[    0.547343] dynamic_debug:ddebug_add_module: 12 debug prints in module dd
[    0.547478] dynamic_debug:ddebug_add_module: 5 debug prints in module class
[    0.547612] dynamic_debug:ddebug_add_module: 1 debug prints in module platform
[    0.547788] dynamic_debug:ddebug_add_module: 6 debug prints in module firmware_class
[    0.547968] dynamic_debug:ddebug_add_module: 1 debug prints in module regmap
[    0.548104] dynamic_debug:ddebug_add_module: 7 debug prints in module regcache
[    0.548279] dynamic_debug:ddebug_add_module: 1 debug prints in module regcache_lzo
[    0.548453] dynamic_debug:ddebug_add_module: 1 debug prints in module dma_buf
[    0.548590] dynamic_debug:ddebug_add_module: 3 debug prints in module scsi_mod
[    0.548764] dynamic_debug:ddebug_add_module: 2 debug prints in module libphy
[    0.548854] dynamic_debug:ddebug_add_module: 1 debug prints in module r8169
[    0.548994] dynamic_debug:ddebug_add_module: 98 debug prints in module cdrom
[    0.549164] dynamic_debug:ddebug_add_module: 145 debug prints in module usbcore
[    0.549386] dynamic_debug:ddebug_add_module: 5 debug prints in module phy
[    0.549523] dynamic_debug:ddebug_add_module: 10 debug prints in module pci_quirks
[    0.549698] dynamic_debug:ddebug_add_module: 3 debug prints in module xhci_pci
[    0.549846] dynamic_debug:ddebug_add_module: 58 debug prints in module ehci_hcd
[    0.550020] dynamic_debug:ddebug_add_module: 2 debug prints in module ehci_pci
[    0.550208] dynamic_debug:ddebug_add_module: 46 debug prints in module ohci_hcd
[    0.550447] dynamic_debug:ddebug_add_module: 255 debug prints in module xhci_hcd
[    0.550667] dynamic_debug:ddebug_add_module: 10 debug prints in module usb_storage
[    0.550806] dynamic_debug:ddebug_add_module: 1 debug prints in module ums_realtek
[    0.550979] dynamic_debug:ddebug_add_module: 6 debug prints in module input_core
[    0.551150] dynamic_debug:ddebug_add_module: 4 debug prints in module atkbd
[    0.551287] dynamic_debug:ddebug_add_module: 12 debug prints in module psmouse
[    0.551459] dynamic_debug:ddebug_add_module: 7 debug prints in module rtc_core
[    0.551638] dynamic_debug:ddebug_add_module: 5 debug prints in module rtc_cmos
[    0.551799] dynamic_debug:ddebug_add_module: 1 debug prints in module i2c_boardinfo
[    0.551976] dynamic_debug:ddebug_add_module: 20 debug prints in module i2c_core
[    0.552147] dynamic_debug:ddebug_add_module: 2 debug prints in module i2c_smbus
[    0.552324] dynamic_debug:ddebug_add_module: 17 debug prints in module i2c_algo_bit
[    0.552499] dynamic_debug:ddebug_add_module: 11 debug prints in module power_supply
[    0.552669] dynamic_debug:ddebug_add_module: 1 debug prints in module hwmon
[    0.552801] dynamic_debug:ddebug_add_module: 8 debug prints in module thermal_sys
[    0.552982] dynamic_debug:ddebug_add_module: 41 debug prints in module cpufreq
[    0.553154] dynamic_debug:ddebug_add_module: 6 debug prints in module freq_table
[    0.553331] dynamic_debug:ddebug_add_module: 2 debug prints in module cpufreq_stats
[    0.553506] dynamic_debug:ddebug_add_module: 1 debug prints in module cpufreq_performance
[    0.553683] dynamic_debug:ddebug_add_module: 22 debug prints in module acpi_cpufreq
[    0.553817] dynamic_debug:ddebug_add_module: 1 debug prints in module led_core
[    0.553989] dynamic_debug:ddebug_add_module: 3 debug prints in module dmi_scan
[    0.554160] dynamic_debug:ddebug_add_module: 1 debug prints in module hid
[    0.554294] dynamic_debug:ddebug_add_module: 8 debug prints in module usbhid
[    0.554433] dynamic_debug:ddebug_add_module: 2 debug prints in module i386
[    0.554567] dynamic_debug:ddebug_add_module: 2 debug prints in module fixup
[    0.554700] dynamic_debug:ddebug_add_module: 1 debug prints in module acpi
[    0.554824] dynamic_debug:ddebug_add_module: 7 debug prints in module irq
[    0.554959] dynamic_debug:ddebug_add_module: 1 debug prints in module sock
[    0.555101] dynamic_debug:ddebug_add_module: 14 debug prints in module dev
[    0.555237] dynamic_debug:ddebug_add_module: 2 debug prints in module sch_api
[    0.555373] dynamic_debug:ddebug_add_module: 2 debug prints in module act_api
[    0.555509] dynamic_debug:ddebug_add_module: 1 debug prints in module route
[    0.555646] dynamic_debug:ddebug_add_module: 4 debug prints in module tcp_input
[    0.555800] dynamic_debug:ddebug_add_module: 2 debug prints in module tcp_output
[    0.555974] dynamic_debug:ddebug_add_module: 1 debug prints in module tcp_timer
[    0.556148] dynamic_debug:ddebug_add_module: 1 debug prints in module tcp_ipv4
[    0.556322] dynamic_debug:ddebug_add_module: 1 debug prints in module tcp_cong
[    0.556496] dynamic_debug:ddebug_add_module: 1 debug prints in module arp
[    0.556631] dynamic_debug:ddebug_add_module: 1 debug prints in module devinet
[    0.556767] dynamic_debug:ddebug_add_module: 8 debug prints in module fib_trie
[    0.556903] dynamic_debug:ddebug_add_module: 27 debug prints in module ping
[    0.557024] dynamic_debug:ddebug_add_module: 1 debug prints in module sysctl_net_ipv4
[    0.557187] dynamic_debug:dynamic_debug_init: 145 modules, 1437 entries and 5800 bytes in ddebug tables, 114646 bytes in (readonly) verbose section
[    0.557362] dynamic_debug:ddebug_dyndbg_boot_param_cb: BOOT_IMAGE="/vmlinuz-linux-git"
[    0.557525] dynamic_debug:ddebug_dyndbg_boot_param_cb: root="UUID=bfa4ab6e-19a3-4601-ba2b-267c55841c73"
[    0.557688] dynamic_debug:ddebug_dyndbg_boot_param_cb: rw="(null)"
[    0.557798] dynamic_debug:ddebug_dyndbg_boot_param_cb: cryptdevice="/dev/disk/by-uuid/70c08890-417a-497d-b6ab-c0d0357a63e2:cryptManjaro:allow-discards"
[    0.557965] dynamic_debug:ddebug_dyndbg_boot_param_cb: ipv6.disable="1"
[    0.558087] dynamic_debug:ddebug_dyndbg_boot_param_cb: pnp.debug="1"
[    0.558208] dynamic_debug:ddebug_dyndbg_boot_param_cb: loglevel="9"
[    0.558330] dynamic_debug:ddebug_dyndbg_boot_param_cb: log_buf_len="10M"
[    0.558452] dynamic_debug:ddebug_dyndbg_boot_param_cb: printk.always_kmsg_dump="y"
[    0.558613] dynamic_debug:ddebug_dyndbg_boot_param_cb: printk.time="y"
[    0.558735] dynamic_debug:ddebug_dyndbg_boot_param_cb: mminit_loglevel="0"
[    0.558844] dynamic_debug:ddebug_dyndbg_boot_param_cb: memory_corruption_check="1"
[    0.559005] dynamic_debug:ddebug_dyndbg_boot_param_cb: fbcon="scrollback:4096k"
[    0.559166] dynamic_debug:ddebug_dyndbg_boot_param_cb: fbcon="font:ProFont6x11"
[    0.559327] dynamic_debug:ddebug_dyndbg_boot_param_cb: apic="debug"
[    0.559449] dynamic_debug:ddebug_dyndbg_boot_param_cb: earlyprintk="vga"
[    0.559571] dynamic_debug:ddebug_dyndbg_boot_param_cb: dynamic_debug.verbose="1"
[    0.559735] dynamic_debug:ddebug_dyndbg_boot_param_cb: dyndbg="file arch/x86/kernel/apic/* +pflmt ; file drivers/video/* +pflmt ; file drivers/input/* -pflmt ; file drivers/acpi/* -pflmt ; file net/netfilter/* +pflmt"
[    0.559899] dynamic_debug:ddebug_exec_queries: query 0: "file arch/x86/kernel/apic/* +pflmt "
[    0.560061] dynamic_debug:ddebug_tokenize: split into words: "file" "arch/x86/kernel/apic/*" "+pflmt"
[    0.560350] dynamic_debug:ddebug_parse_flags: op='+'
[    0.560471] dynamic_debug:ddebug_parse_flags: flags=0x1f
[    0.560592] dynamic_debug:ddebug_parse_flags: *flagsp=0x1f *maskp=0xffffffff
[    0.560717] dynamic_debug:vpr_info_dq: parsed: func="" file="arch/x86/kernel/apic/*" module="" format="" lineno=0-0
[    0.560851] dynamic_debug:ddebug_change: changed arch/x86/kernel/apic/vector.c:791 [vector]print_PIC =pmflt
[    0.561015] dynamic_debug:ddebug_change: changed arch/x86/kernel/apic/vector.c:788 [vector]print_PIC =pmflt
[    0.561179] dynamic_debug:ddebug_change: changed arch/x86/kernel/apic/vector.c:778 [vector]print_PIC =pmflt
[    0.561342] dynamic_debug:ddebug_change: changed arch/x86/kernel/apic/vector.c:775 [vector]print_PIC =pmflt
[    0.561506] dynamic_debug:ddebug_change: changed arch/x86/kernel/apic/vector.c:770 [vector]print_PIC =pmflt
[    0.561669] dynamic_debug:ddebug_change: changed arch/x86/kernel/apic/vector.c:740 [vector]print_local_APIC =pmflt
[    0.561802] dynamic_debug:ddebug_change: changed arch/x86/kernel/apic/vector.c:737 [vector]print_local_APIC =pmflt
[    0.561966] dynamic_debug:ddebug_change: changed arch/x86/kernel/apic/vector.c:735 [vector]print_local_APIC =pmflt
[    0.562130] dynamic_debug:ddebug_change: changed arch/x86/kernel/apic/vector.c:730 [vector]print_local_APIC =pmflt
[    0.564233] dynamic_debug:ddebug_change: changed arch/x86/kernel/apic/vector.c:728 [vector]print_local_APIC =pmflt
[    0.564397] dynamic_debug:ddebug_change: changed arch/x86/kernel/apic/vector.c:726 [vector]print_local_APIC =pmflt
[    0.564561] dynamic_debug:ddebug_change: changed arch/x86/kernel/apic/vector.c:722 [vector]print_local_APIC =pmflt
[    0.564725] dynamic_debug:ddebug_change: changed arch/x86/kernel/apic/vector.c:717 [vector]print_local_APIC =pmflt
[    0.564847] dynamic_debug:ddebug_change: changed arch/x86/kernel/apic/vector.c:715 [vector]print_local_APIC =pmflt
[    0.565011] dynamic_debug:ddebug_change: changed arch/x86/kernel/apic/vector.c:712 [vector]print_local_APIC =pmflt
[    0.565175] dynamic_debug:ddebug_change: changed arch/x86/kernel/apic/vector.c:707 [vector]print_local_APIC =pmflt
[    0.565340] dynamic_debug:ddebug_change: changed arch/x86/kernel/apic/vector.c:704 [vector]print_local_APIC =pmflt
[    0.565503] dynamic_debug:ddebug_change: changed arch/x86/kernel/apic/vector.c:703 [vector]print_local_APIC =pmflt
[    0.565668] dynamic_debug:ddebug_change: changed arch/x86/kernel/apic/vector.c:699 [vector]print_local_APIC =pmflt
[    0.565800] dynamic_debug:ddebug_change: changed arch/x86/kernel/apic/vector.c:689 [vector]print_local_APIC =pmflt
[    0.565964] dynamic_debug:ddebug_change: changed arch/x86/kernel/apic/vector.c:687 [vector]print_local_APIC =pmflt
[    0.566128] dynamic_debug:ddebug_change: changed arch/x86/kernel/apic/vector.c:685 [vector]print_local_APIC =pmflt
[    0.566292] dynamic_debug:ddebug_change: changed arch/x86/kernel/apic/vector.c:683 [vector]print_local_APIC =pmflt
[    0.566457] dynamic_debug:ddebug_change: changed arch/x86/kernel/apic/vector.c:680 [vector]print_local_APIC =pmflt
[    0.566621] dynamic_debug:ddebug_change: changed arch/x86/kernel/apic/vector.c:677 [vector]print_local_APIC =pmflt
[    0.566785] dynamic_debug:ddebug_change: changed arch/x86/kernel/apic/vector.c:673 [vector]print_local_APIC =pmflt
[    0.566951] dynamic_debug:ddebug_change: changed arch/x86/kernel/apic/vector.c:664 [vector]print_local_APIC =pmflt
[    0.567115] dynamic_debug:ddebug_change: changed arch/x86/kernel/apic/vector.c:661 [vector]print_local_APIC =pmflt
[    0.567279] dynamic_debug:ddebug_change: changed arch/x86/kernel/apic/vector.c:654 [vector]print_local_APIC =pmflt
[    0.567439] dynamic_debug:ddebug_change: changed arch/x86/kernel/apic/vector.c:645 [vector]print_local_APIC =pmflt
[    0.567717] dynamic_debug:vpr_info_dq: applied: func="" file="arch/x86/kernel/apic/*" module="" format="" lineno=0-0
[    0.567878] dynamic_debug:ddebug_exec_queries: query 1: "file drivers/video/* +pflmt "
[    0.568037] dynamic_debug:ddebug_tokenize: split into words: "file" "drivers/video/*" "+pflmt"
[    0.568321] dynamic_debug:ddebug_parse_flags: op='+'
[    0.568441] dynamic_debug:ddebug_parse_flags: flags=0x1f
[    0.568562] dynamic_debug:ddebug_parse_flags: *flagsp=0x1f *maskp=0xffffffff
[    0.568683] dynamic_debug:vpr_info_dq: parsed: func="" file="drivers/video/*" module="" format="" lineno=0-0
[    0.568834] dynamic_debug:ddebug_change: changed drivers/video/backlight/backlight.c:324 [backlight]backlight_device_register =pmflt
[    0.568996] dynamic_debug:ddebug_change: changed drivers/video/backlight/backlight.c:185 [backlight]brightness_store =pmflt
[    0.569159] dynamic_debug:ddebug_change: changed drivers/video/backlight/backlight.c:146 [backlight]bl_power_store =pmflt
[    0.569323] dynamic_debug:ddebug_change: changed drivers/video/fbdev/core/fbmon.c:1082 [fb]fb_edid_add_monspecs =pmflt
[    0.569485] dynamic_debug:ddebug_change: changed drivers/video/fbdev/core/fbmon.c:1070 [fb]fb_edid_add_monspecs =pmflt
[    0.569646] dynamic_debug:ddebug_change: changed drivers/video/fbdev/core/fbmon.c:1033 [fb]fb_edid_add_monspecs =pmflt
[    0.569792] dynamic_debug:ddebug_change: changed drivers/video/fbdev/core/fbmon.c:1027 [fb]fb_edid_add_monspecs =pmflt
[    0.569954] dynamic_debug:ddebug_change: changed drivers/video/fbdev/aty/radeon_base.c:2367 [radeonfb]radeonfb_pci_register =pmflt
[    0.570116] dynamic_debug:ddebug_change: changed drivers/video/fbdev/aty/radeon_base.c:2270 [radeonfb]radeonfb_pci_register =pmflt
[    0.570282] dynamic_debug:ddebug_change: changed drivers/video/fbdev/aty/radeon_base.c:2144 [radeonfb]radeonfb_pci_register =pmflt
[    0.570443] dynamic_debug:ddebug_change: changed drivers/video/fbdev/aty/radeon_base.c:2078 [radeonfb]radeon_identify_vram =pmflt
[    0.570606] dynamic_debug:ddebug_change: changed drivers/video/fbdev/aty/radeon_base.c:1712 [radeonfb]radeonfb_set_par =pmflt
[    0.570767] dynamic_debug:ddebug_change: changed drivers/video/fbdev/aty/radeon_base.c:1711 [radeonfb]radeonfb_set_par =pmflt
[    0.570883] dynamic_debug:ddebug_change: changed drivers/video/fbdev/aty/radeon_base.c:1706 [radeonfb]radeonfb_set_par =pmflt
[    0.571045] dynamic_debug:ddebug_change: changed drivers/video/fbdev/aty/radeon_base.c:1704 [radeonfb]radeonfb_set_par =pmflt
[    0.571207] dynamic_debug:ddebug_change: changed drivers/video/fbdev/aty/radeon_base.c:1595 [radeonfb]radeonfb_set_par =pmflt
[    0.571370] dynamic_debug:ddebug_change: changed drivers/video/fbdev/aty/radeon_base.c:1593 [radeonfb]radeonfb_set_par =pmflt
[    0.571533] dynamic_debug:ddebug_change: changed drivers/video/fbdev/aty/radeon_base.c:1520 [radeonfb]radeon_calc_pll_regs =pmflt
[    0.571698] dynamic_debug:ddebug_change: changed drivers/video/fbdev/aty/radeon_base.c:1519 [radeonfb]radeon_calc_pll_regs =pmflt
[    0.571820] dynamic_debug:ddebug_change: changed drivers/video/fbdev/aty/radeon_base.c:1518 [radeonfb]radeon_calc_pll_regs =pmflt
[    0.571985] dynamic_debug:ddebug_change: changed drivers/video/fbdev/aty/radeon_base.c:1511 [radeonfb]radeon_calc_pll_regs =pmflt
[    0.572151] dynamic_debug:ddebug_change: changed drivers/video/fbdev/aty/radeon_base.c:1501 [radeonfb]radeon_calc_pll_regs =pmflt
[    0.572316] dynamic_debug:ddebug_change: changed drivers/video/fbdev/aty/radeon_base.c:1479 [radeonfb]radeon_calc_pll_regs =pmflt
[    0.572481] dynamic_debug:ddebug_change: changed drivers/video/fbdev/aty/radeon_monitor.c:849 [radeonfb]radeon_check_modes =pmflt
[    0.572646] dynamic_debug:ddebug_change: changed drivers/video/fbdev/aty/radeon_monitor.c:801 [radeonfb]radeon_check_modes =pmflt
[    0.572793] dynamic_debug:ddebug_change: changed drivers/video/fbdev/aty/radeon_monitor.c:781 [radeonfb]radeon_check_modes =pmflt
[    0.572958] dynamic_debug:ddebug_change: changed drivers/video/fbdev/aty/radeon_monitor.c:485 [radeonfb]radeon_probe_screens =pmflt
[    0.573124] dynamic_debug:ddebug_change: changed drivers/video/fbdev/aty/radeon_monitor.c:455 [radeonfb]radeon_probe_screens =pmflt
[    0.573289] dynamic_debug:ddebug_change: changed drivers/video/fbdev/aty/radeon_monitor.c:289 [radeonfb]radeon_parse_connector_info =pmflt
[    0.573454] dynamic_debug:ddebug_change: changed drivers/video/fbdev/aty/radeon_monitor.c:281 [radeonfb]radeon_parse_connector_info =pmflt
[    0.573622] dynamic_debug:ddebug_change: changed drivers/video/fbdev/aty/radeon_monitor.c:277 [radeonfb]radeon_parse_connector_info =pmflt
[    0.573788] dynamic_debug:ddebug_change: changed drivers/video/fbdev/aty/radeon_monitor.c:245 [radeonfb]radeon_get_panel_info_BIOS =pmflt
[    0.573954] dynamic_debug:ddebug_change: changed drivers/video/fbdev/aty/radeon_monitor.c:240 [radeonfb]radeon_get_panel_info_BIOS =pmflt
[    0.574119] dynamic_debug:ddebug_change: changed drivers/video/fbdev/aty/radeon_monitor.c:239 [radeonfb]radeon_get_panel_info_BIOS =pmflt
[    0.574284] dynamic_debug:ddebug_change: changed drivers/video/fbdev/aty/radeon_monitor.c:238 [radeonfb]radeon_get_panel_info_BIOS =pmflt
[    0.574450] dynamic_debug:ddebug_change: changed drivers/video/fbdev/aty/radeon_monitor.c:237 [radeonfb]radeon_get_panel_info_BIOS =pmflt
[    0.574615] dynamic_debug:ddebug_change: changed drivers/video/fbdev/aty/radeon_monitor.c:236 [radeonfb]radeon_get_panel_info_BIOS =pmflt
[    0.574781] dynamic_debug:ddebug_change: changed drivers/video/fbdev/aty/radeon_monitor.c:235 [radeonfb]radeon_get_panel_info_BIOS =pmflt
[    0.574948] dynamic_debug:ddebug_change: changed drivers/video/fbdev/aty/radeon_monitor.c:234 [radeonfb]radeon_get_panel_info_BIOS =pmflt
[    0.575114] dynamic_debug:ddebug_change: changed drivers/video/fbdev/aty/radeon_monitor.c:233 [radeonfb]radeon_get_panel_info_BIOS =pmflt
[    0.575280] dynamic_debug:ddebug_change: changed drivers/video/fbdev/aty/radeon_monitor.c:214 [radeonfb]radeon_get_panel_info_BIOS =pmflt
[    0.575445] dynamic_debug:ddebug_change: changed drivers/video/fbdev/aty/radeon_monitor.c:209 [radeonfb]radeon_get_panel_info_BIOS =pmflt
[    0.575610] dynamic_debug:ddebug_change: changed drivers/video/fbdev/aty/radeon_monitor.c:207 [radeonfb]radeon_get_panel_info_BIOS =pmflt
[    0.575776] dynamic_debug:ddebug_change: changed drivers/video/fbdev/aty/radeon_monitor.c:206 [radeonfb]radeon_get_panel_info_BIOS =pmflt
[    0.575941] dynamic_debug:ddebug_change: changed drivers/video/fbdev/aty/radeon_monitor.c:205 [radeonfb]radeon_get_panel_info_BIOS =pmflt
[    0.576107] dynamic_debug:ddebug_change: changed drivers/video/fbdev/aty/radeon_monitor.c:191 [radeonfb]radeon_get_panel_info_BIOS =pmflt
[    0.576272] dynamic_debug:ddebug_change: changed drivers/video/fbdev/aty/radeon_i2c.c:164 [radeonfb]radeon_probe_i2c_connector =pmflt
[    0.576437] dynamic_debug:ddebug_change: changed drivers/video/fbdev/aty/radeon_i2c.c:160 [radeonfb]radeon_probe_i2c_connector =pmflt
[    0.576602] dynamic_debug:ddebug_change: changed drivers/video/fbdev/aty/radeon_i2c.c:157 [radeonfb]radeon_probe_i2c_connector =pmflt
[    0.576767] dynamic_debug:ddebug_change: changed drivers/video/fbdev/aty/radeon_i2c.c:150 [radeonfb]radeon_probe_i2c_connector =pmflt
[    0.576888] dynamic_debug:ddebug_change: changed drivers/video/fbdev/aty/radeon_i2c.c:93 [radeonfb]radeon_setup_i2c_bus =pmflt
[    0.577224] dynamic_debug:vpr_info_dq: applied: func="" file="drivers/video/*" module="" format="" lineno=0-0
[    0.577433] dynamic_debug:ddebug_exec_queries: query 2: "file drivers/input/* -pflmt "
[    0.577595] dynamic_debug:ddebug_tokenize: split into words: "file" "drivers/input/*" "-pflmt"
[    0.577879] dynamic_debug:ddebug_parse_flags: op='-'
[    0.578000] dynamic_debug:ddebug_parse_flags: flags=0x1f
[    0.578121] dynamic_debug:ddebug_parse_flags: *flagsp=0x0 *maskp=0xffffffe0
[    0.578244] dynamic_debug:vpr_info_dq: parsed: func="" file="drivers/input/*" module="" format="" lineno=0-0
[    0.578614] dynamic_debug:vpr_info_dq: applied: func="" file="drivers/input/*" module="" format="" lineno=0-0
[    0.578795] dynamic_debug:ddebug_exec_queries: query 3: "file drivers/acpi/* -pflmt "
[    0.578956] dynamic_debug:ddebug_tokenize: split into words: "file" "drivers/acpi/*" "-pflmt"
[    0.579241] dynamic_debug:ddebug_parse_flags: op='-'
[    0.579361] dynamic_debug:ddebug_parse_flags: flags=0x1f
[    0.579482] dynamic_debug:ddebug_parse_flags: *flagsp=0x0 *maskp=0xffffffe0
[    0.579605] dynamic_debug:vpr_info_dq: parsed: func="" file="drivers/acpi/*" module="" format="" lineno=0-0
[    0.579806] dynamic_debug:ddebug_change: changed drivers/acpi/tables.c:202 [tables]acpi_table_print_madt_entry =_
[    0.581955] dynamic_debug:ddebug_change: changed drivers/acpi/tables.c:191 [tables]acpi_table_print_madt_entry =_
[    0.582119] dynamic_debug:ddebug_change: changed drivers/acpi/tables.c:168 [tables]acpi_table_print_madt_entry =_
[    0.582282] dynamic_debug:ddebug_change: changed drivers/acpi/tables.c:158 [tables]acpi_table_print_madt_entry =_
[    0.582446] dynamic_debug:ddebug_change: changed drivers/acpi/tables.c:83 [tables]acpi_table_print_madt_entry =_
[    0.582610] dynamic_debug:ddebug_change: changed drivers/acpi/tables.c:74 [tables]acpi_table_print_madt_entry =_
[    0.582773] dynamic_debug:ddebug_change: changed drivers/acpi/tables.c:64 [tables]acpi_table_print_madt_entry =_
[    0.582891] dynamic_debug:ddebug_change: changed drivers/acpi/osl.c:1840 [acpi]acpi_os_initialize =_
[    0.583054] dynamic_debug:ddebug_change: changed drivers/acpi/device_pm.c:732 [acpi]acpi_pm_device_run_wake =_
[    0.583218] dynamic_debug:ddebug_change: changed drivers/acpi/device_pm.c:631 [acpi]acpi_pm_device_sleep_state =_
[    0.583381] dynamic_debug:ddebug_change: changed drivers/acpi/scan.c:1560 [acpi]acpi_device_dep_initialize =_
[    0.583547] dynamic_debug:ddebug_change: changed drivers/acpi/scan.c:1550 [acpi]acpi_device_dep_initialize =_
[    0.583710] dynamic_debug:ddebug_change: changed drivers/acpi/resource.c:215 [acpi]acpi_decode_space =_
[    0.583832] dynamic_debug:ddebug_change: changed drivers/acpi/resource.c:202 [acpi]acpi_decode_space =_
[    0.583995] dynamic_debug:ddebug_change: changed drivers/acpi/resource.c:48 [acpi]acpi_dev_resource_len_valid =_
[    0.584156] dynamic_debug:ddebug_change: changed drivers/acpi/ec.c:1539 [acpi]acpi_ec_ecdt_probe =_
[    0.584317] dynamic_debug:ddebug_change: changed drivers/acpi/ec.c:1465 [acpi]ec_clear_on_resume =_
[    0.584477] dynamic_debug:ddebug_change: changed drivers/acpi/ec.c:1117 [acpi]acpi_ec_event_handler =_
[    0.584637] dynamic_debug:ddebug_change: changed drivers/acpi/ec.c:1095 [acpi]acpi_ec_event_handler =_
[    0.584797] dynamic_debug:ddebug_change: changed drivers/acpi/ec.c:1051 [acpi]acpi_ec_query =_
[    0.584957] dynamic_debug:ddebug_change: changed drivers/acpi/ec.c:1020 [acpi]acpi_ec_event_processor =_
[    0.585117] dynamic_debug:ddebug_change: changed drivers/acpi/ec.c:1015 [acpi]acpi_ec_event_processor =_
[    0.585277] dynamic_debug:ddebug_change: changed drivers/acpi/ec.c:875 [acpi]acpi_ec_stop =_
[    0.585437] dynamic_debug:ddebug_change: changed drivers/acpi/ec.c:867 [acpi]acpi_ec_stop =_
[    0.585596] dynamic_debug:ddebug_change: changed drivers/acpi/ec.c:843 [acpi]acpi_ec_start =_
[    0.585755] dynamic_debug:ddebug_change: changed drivers/acpi/ec.c:839 [acpi]acpi_ec_start =_
[    0.585877] dynamic_debug:ddebug_change: changed drivers/acpi/ec.c:680 [acpi]acpi_ec_transaction_unlocked =_
[    0.586038] dynamic_debug:ddebug_change: changed drivers/acpi/ec.c:676 [acpi]acpi_ec_transaction_unlocked =_
[    0.586199] dynamic_debug:ddebug_change: changed drivers/acpi/ec.c:667 [acpi]acpi_ec_transaction_unlocked =_
[    0.586359] dynamic_debug:ddebug_change: changed drivers/acpi/ec.c:664 [acpi]acpi_ec_transaction_unlocked =_
[    0.586520] dynamic_debug:ddebug_change: changed drivers/acpi/ec.c:643 [acpi]ec_poll =_
[    0.586679] dynamic_debug:ddebug_change: changed drivers/acpi/ec.c:540 [acpi]advance_transaction =_
[    0.586806] dynamic_debug:ddebug_change: changed drivers/acpi/ec.c:504 [acpi]advance_transaction =_
[    0.586969] dynamic_debug:ddebug_change: changed drivers/acpi/ec.c:438 [acpi]acpi_ec_complete_query =_
[    0.587128] dynamic_debug:ddebug_change: changed drivers/acpi/ec.c:427 [acpi]acpi_ec_submit_query =_
[    0.587288] dynamic_debug:ddebug_change: changed drivers/acpi/ec.c:400 [acpi]acpi_ec_clear_storm =_
[    0.587447] dynamic_debug:ddebug_change: changed drivers/acpi/ec.c:390 [acpi]acpi_ec_set_storm =_
[    0.587606] dynamic_debug:ddebug_change: changed drivers/acpi/ec.c:331 [acpi]acpi_ec_enable_gpe =_
[    0.587765] dynamic_debug:ddebug_change: changed drivers/acpi/ec.c:279 [acpi]acpi_ec_write_data =_
[    0.587887] dynamic_debug:ddebug_change: changed drivers/acpi/ec.c:272 [acpi]acpi_ec_write_cmd =_
[    0.588045] dynamic_debug:ddebug_change: changed drivers/acpi/ec.c:266 [acpi]acpi_ec_read_data =_
[    0.588203] dynamic_debug:ddebug_change: changed drivers/acpi/ec.c:257 [acpi]acpi_ec_read_status =_
[    0.588366] dynamic_debug:ddebug_change: changed drivers/acpi/pci_root.c:339 [acpi]acpi_get_pci_dev =_
[    0.588529] dynamic_debug:ddebug_change: changed drivers/acpi/pci_irq.c:498 [acpi]acpi_pci_irq_disable =_
[    0.588692] dynamic_debug:ddebug_change: changed drivers/acpi/pci_irq.c:466 [acpi]acpi_pci_irq_enable =_
[    0.588813] dynamic_debug:ddebug_change: changed drivers/acpi/acpi_platform.c:113 [acpi]acpi_create_platform_device =_
[    0.588978] dynamic_debug:ddebug_change: changed drivers/acpi/property.c:167 [acpi]acpi_init_properties =_
[    0.589141] dynamic_debug:ddebug_change: changed drivers/acpi/fan.c:359 [fan]acpi_fan_probe =_
[    0.589303] dynamic_debug:ddebug_change: changed drivers/acpi/fan.c:195 [fan]fan_set_state_acpi4 =_
[    0.589466] dynamic_debug:ddebug_change: changed drivers/acpi/fan.c:136 [fan]fan_get_state_acpi4 =_
[    0.589630] dynamic_debug:ddebug_change: changed drivers/acpi/acpi_video.c:1576 [video]acpi_video_dev_register_backlight =_
[    0.589794] dynamic_debug:ddebug_change: changed drivers/acpi/pci_slot.c:154 [pci_slot]register_slot =_
[    0.589957] dynamic_debug:ddebug_change: changed drivers/acpi/pci_slot.c:97 [pci_slot]check_slot =_
[    0.590121] dynamic_debug:ddebug_change: changed drivers/acpi/pci_slot.c:90 [pci_slot]check_slot =_
[    0.590286] dynamic_debug:ddebug_change: changed drivers/acpi/pci_slot.c:79 [pci_slot]check_slot =_
[    0.590449] dynamic_debug:ddebug_change: changed drivers/acpi/processor_driver.c:183 [processor]acpi_pss_perf_init =_
[    0.590613] dynamic_debug:ddebug_change: changed drivers/acpi/processor_perflib.c:138 [processor]acpi_processor_get_platform_limit =_
[    0.590939] dynamic_debug:vpr_info_dq: applied: func="" file="drivers/acpi/*" module="" format="" lineno=0-0
[    0.591149] dynamic_debug:ddebug_exec_queries: query 4: "file net/netfilter/* +pflmt"
[    0.591310] dynamic_debug:ddebug_tokenize: split into words: "file" "net/netfilter/*" "+pflmt"
[    0.591595] dynamic_debug:ddebug_parse_flags: op='+'
[    0.591716] dynamic_debug:ddebug_parse_flags: flags=0x1f
[    0.591825] dynamic_debug:ddebug_parse_flags: *flagsp=0x1f *maskp=0xffffffff
[    0.591948] dynamic_debug:vpr_info_dq: parsed: func="" file="net/netfilter/*" module="" format="" lineno=0-0
[    0.592233] dynamic_debug:ddebug_change: no matches for query
[    0.592401] dynamic_debug:vpr_info_dq: no-match: func="" file="net/netfilter/*" module="" format="" lineno=0-0
[    0.592564] dynamic_debug:ddebug_exec_queries: processed 5 queries, with 160 matches, 0 errs
[    0.592726] dynamic_debug:ddebug_dyndbg_boot_param_cb: i8042.debug="(null)"
[    0.592836] dynamic_debug:ddebug_dyndbg_boot_param_cb: acpi_backlight="vendor"
[    0.592997] dynamic_debug:ddebug_dyndbg_boot_param_cb: nohz="on"
[    0.593119] dynamic_debug:ddebug_dyndbg_boot_param_cb: rcu_nocbs="1-3"
[    0.593241] dynamic_debug:ddebug_dyndbg_boot_param_cb: pcie_aspm="force"
[    0.593363] dynamic_debug:ddebug_dyndbg_boot_param_cb: radeon.audio="0"
[    0.593488] dynamic_debug:ddebug_dyndbg_boot_param_cb: radeon.lockup_timeout="120000"
[    0.593650] dynamic_debug:ddebug_dyndbg_boot_param_cb: radeon.test="0"
[    0.593772] dynamic_debug:ddebug_dyndbg_boot_param_cb: radeon.agpmode="-1"
[    0.593848] dynamic_debug:ddebug_dyndbg_boot_param_cb: radeon.benchmark="0"
[    0.593970] dynamic_debug:ddebug_dyndbg_boot_param_cb: radeon.tv="0"
[    0.594091] dynamic_debug:ddebug_dyndbg_boot_param_cb: radeon.hard_reset="1"
[    0.594213] dynamic_debug:ddebug_dyndbg_boot_param_cb: radeon.aspm="1"
[    0.594335] dynamic_debug:ddebug_dyndbg_boot_param_cb: radeon.msi="1"
[    0.594457] dynamic_debug:ddebug_dyndbg_boot_param_cb: radeon.pcie_gen2="-1"
[    0.594579] dynamic_debug:ddebug_dyndbg_boot_param_cb: radeon.no_wb="1"
[    0.594701] dynamic_debug:ddebug_dyndbg_boot_param_cb: radeon.r4xx_atom="0"
[    0.594810] dynamic_debug:ddebug_dyndbg_boot_param_cb: radeonfb="(null)"
[    0.594885] dynamic_debug:ddebug_dyndbg_boot_param_cb: radeon.fastfb="1"
[    0.595007] dynamic_debug:ddebug_dyndbg_boot_param_cb: radeon.modeset="1"
[    0.595130] dynamic_debug:ddebug_dyndbg_boot_param_cb: radeon.dpm="1"
[    0.595251] dynamic_debug:ddebug_dyndbg_boot_param_cb: radeon.runpm="1"
[    0.595373] dynamic_debug:ddebug_dyndbg_boot_param_cb: radeon.dynclks="0"
[    0.595494] dynamic_debug:ddebug_dyndbg_boot_param_cb: slub_debug="U"
[    0.595616] dynamic_debug:ddebug_dyndbg_boot_param_cb: noefi="(null)"
[    0.595738] dynamic_debug:ddebug_dyndbg_boot_param_cb: CPUunderclocking="(null)"
[    0.595935] MCE: In-kernel MCE decoding enabled.
[    0.596397] started {early_reset_EHCIs kernel/smp.c:1310}
[    0.596565] early_pci_allowed {early_reset_EHCIs kernel/smp.c:1316}
[    0.596850] Found EHCI on 00:12.2 {kline kernel/smp.c:1236}
[    0.596960] bar_val: f014a900 {kline kernel/smp.c:1239}
[    0.597084] ehci_bar: ffffffffff7fe900 {kline kernel/smp.c:1261}
[    0.597208] n_ports:    5 {kline kernel/smp.c:1268}
[    0.597329] BIOS USB Legacy is likely Enabled. {kline kernel/smp.c:1283}
[    0.597452] before setting FLAG_CF {ehci_status kernel/smp.c:1052}
[    0.597574]   ehci cmd     : 00080B00 {ehci_status kernel/smp.c:1054}
[    0.597697]   ehci conf flg: 00000000 {ehci_status kernel/smp.c:1055}
[    0.597807]   ehci status  : 00001000 {ehci_status kernel/smp.c:1056}
[    0.597884] port 1 status 00003000 {ehci_status kernel/smp.c:1059}
[    0.598006] port 2 status 00003000 {ehci_status kernel/smp.c:1059}
[    0.598129] port 3 status 00003000 {ehci_status kernel/smp.c:1059}
[    0.598252] port 4 status 00003000 {ehci_status kernel/smp.c:1059}
[    0.598374] port 5 status 00003000 {ehci_status kernel/smp.c:1059}
[    0.598496] after setting FLAG_CF {ehci_status kernel/smp.c:1052}
[    0.601306]   ehci cmd     : 00080B00 {ehci_status kernel/smp.c:1054}
[    0.601428]   ehci conf flg: 00000001 {ehci_status kernel/smp.c:1055}
[    0.601549]   ehci status  : 00001000 {ehci_status kernel/smp.c:1056}
[    0.601671] port 1 status 00001000 {ehci_status kernel/smp.c:1059}
[    0.601792] port 2 status 00001000 {ehci_status kernel/smp.c:1059}
[    0.603690] port 3 status 00001803 {ehci_status kernel/smp.c:1059}
[    0.603804] port 4 status 00001000 {ehci_status kernel/smp.c:1059}
[    0.603879] port 5 status 00001000 {ehci_status kernel/smp.c:1059}
[    0.604000] ended {kline kernel/smp.c:1301}
[    0.604131] Found EHCI on 00:13.2 {kline kernel/smp.c:1236}
[    0.604253] bar_val: f014a800 {kline kernel/smp.c:1239}
[    0.604376] ehci_bar: ffffffffff7fe800 {kline kernel/smp.c:1261}
[    0.604498] n_ports:    5 {kline kernel/smp.c:1268}
[    0.604619] BIOS USB Legacy is likely Enabled. {kline kernel/smp.c:1283}
[    0.604740] before setting FLAG_CF {ehci_status kernel/smp.c:1052}
[    0.604850]   ehci cmd     : 00080B00 {ehci_status kernel/smp.c:1054}
[    0.604971]   ehci conf flg: 00000000 {ehci_status kernel/smp.c:1055}
[    0.605094]   ehci status  : 00001000 {ehci_status kernel/smp.c:1056}
[    0.605216] port 1 status 00003000 {ehci_status kernel/smp.c:1059}
[    0.605339] port 2 status 00003000 {ehci_status kernel/smp.c:1059}
[    0.605462] port 3 status 00003000 {ehci_status kernel/smp.c:1059}
[    0.605584] port 4 status 00003000 {ehci_status kernel/smp.c:1059}
[    0.605707] port 5 status 00003000 {ehci_status kernel/smp.c:1059}
[    0.605816] after setting FLAG_CF {ehci_status kernel/smp.c:1052}
[    0.606133]   ehci cmd     : 00080B00 {ehci_status kernel/smp.c:1054}
[    0.606256]   ehci conf flg: 00000001 {ehci_status kernel/smp.c:1055}
[    0.606379]   ehci status  : 00001000 {ehci_status kernel/smp.c:1056}
[    0.606502] port 1 status 00001803 {ehci_status kernel/smp.c:1059}
[    0.606624] port 2 status 00001000 {ehci_status kernel/smp.c:1059}
[    0.606747] port 3 status 00001803 {ehci_status kernel/smp.c:1059}
[    0.606859] port 4 status 00001000 {ehci_status kernel/smp.c:1059}
[    0.606982] port 5 status 00001000 {ehci_status kernel/smp.c:1059}
[    0.607104] ended {kline kernel/smp.c:1301}
[    0.678586] ended, failed 0 times {early_reset_EHCIs kernel/smp.c:1329}
[    0.678695] All EHCI controllers were reset. {smp_init kernel/smp.c:1348}
[    0.678886] NMI watchdog: enabled on all CPUs, permanently consumes one hw-PMU counter.
[    0.679587] smpboot: ++++++++++++++++++++=_---CPU UP  1
[    0.679758] x86: Booting SMP configuration:
[    0.679868] .... node  #0, CPUs:      #1
[    0.679965] smpboot: Setting warm reset code and vector.
[    0.680150] smpboot: 1.
[    0.680222] smpboot: 2.
[    0.680290] smpboot: 3.
[    0.680409] smpboot: Asserting INIT
[    0.680530] smpboot: Waiting for send to finish...
[    0.680651] smpboot: Deasserting INIT
[    0.680771] smpboot: Waiting for send to finish...
[    0.680880] smpboot: #startup loops: 2
[    0.681000] smpboot: Sending STARTUP #1
[    0.681069] smpboot: After apic_write
[    0.681138] smpboot: Startup point 1
[    0.681245] smpboot: Waiting for send to finish...
[    0.681364] smpboot: Sending STARTUP #2
[    0.681484] smpboot: After apic_write
[    0.681604] smpboot: Startup point 1
[    0.681724] smpboot: Waiting for send to finish...
[    0.681833] smpboot: After Startup
[    0.587182] masked ExtINT on CPU#1
[    0.587207] smpboot: Stack at about ffff88040bb9ff38
[    0.684017] TSC synchronization [CPU#0 -> CPU#1]:
[    0.684320] Measured 132365489 cycles TSC warp between CPUs, turning off TSC clock.
[    0.684482] tsc: Marking TSC unstable due to check_tsc_sync_source failed
[    0.685265] smpboot: ++++++++++++++++++++=_---CPU UP  2
[    0.685433]  #2
[    0.685466] smpboot: Setting warm reset code and vector.
[    0.685655] smpboot: 1.
[    0.685725] smpboot: 2.
[    0.685794] smpboot: 3.
[    0.685865] smpboot: Asserting INIT
[    0.685973] smpboot: Waiting for send to finish...
[    0.686041] smpboot: Deasserting INIT
[    0.686109] smpboot: Waiting for send to finish...
[    0.686177] smpboot: #startup loops: 2
[    0.686246] smpboot: Sending STARTUP #1
[    0.686314] smpboot: After apic_write
[    0.686434] smpboot: Startup point 1
[    0.686504] smpboot: Waiting for send to finish...
[    0.686576] smpboot: Sending STARTUP #2
[    0.686696] smpboot: After apic_write
[    0.686816] smpboot: Startup point 1
[    0.686892] smpboot: Waiting for send to finish...
[    0.687012] smpboot: After Startup
[    0.558495] masked ExtINT on CPU#2
[    0.558521] smpboot: Stack at about ffff88040bba3f38
[    0.687801] smpboot: ++++++++++++++++++++=_---CPU UP  3
[    0.688128]  #3
[    0.688161] smpboot: Setting warm reset code and vector.
[    0.688296] smpboot: 1.
[    0.688363] smpboot: 2.
[    0.688432] smpboot: 3.
[    0.688501] smpboot: Asserting INIT
[    0.688620] smpboot: Waiting for send to finish...
[    0.688741] smpboot: Deasserting INIT
[    0.688849] smpboot: Waiting for send to finish...
[    0.688923] smpboot: #startup loops: 2
[    0.689043] smpboot: Sending STARTUP #1
[    0.689163] smpboot: After apic_write
[    0.689232] smpboot: Startup point 1
[    0.689302] smpboot: Waiting for send to finish...
[    0.689420] smpboot: Sending STARTUP #2
[    0.689538] smpboot: After apic_write
[    0.689658] smpboot: Startup point 1
[    0.689778] smpboot: Waiting for send to finish...
[    0.689887] smpboot: After Startup
[    0.527684] masked ExtINT on CPU#3
[    0.527716] smpboot: Stack at about ffff88040bba7f38
[    0.690149] x86: Booted up 1 node, 4 CPUs
[    0.690509] CPUunderclocking: activating(?)=1 {apply_underclocking_if_needed kernel/smp.c:962}
[    0.690668] CPUunderclocking: activating... {apply_underclocking_if_needed kernel/smp.c:964}
[    0.690831] CPUunderclocking:   !! Rdmsr(1of2): core:0 idx:c0010064 ... {Rdmsr kernel/smp.c:712}
[    0.690996] CPUunderclocking:     !! Rdmsr(2of2): core:0 idx:c0010064 done. (resultx==8000017d000025e2 hi:8000017d lo:000025e2) {Rdmsr kernel/smp.c:728}
[    0.691163] CPUunderclocking:   !! Rdmsr(1of2): core:1 idx:c0010064 ... {Rdmsr kernel/smp.c:712}
[    0.691339] CPUunderclocking:     !! Rdmsr(2of2): core:1 idx:c0010064 done. (resultx==8000017d000025e2 hi:8000017d lo:000025e2) {Rdmsr kernel/smp.c:728}
[    0.691499] CPUunderclocking:   !! Rdmsr(1of2): core:2 idx:c0010064 ... {Rdmsr kernel/smp.c:712}
[    0.691689] CPUunderclocking:     !! Rdmsr(2of2): core:2 idx:c0010064 done. (resultx==8000017d000025e2 hi:8000017d lo:000025e2) {Rdmsr kernel/smp.c:728}
[    0.691832] CPUunderclocking:   !! Rdmsr(1of2): core:3 idx:c0010064 ... {Rdmsr kernel/smp.c:712}
[    0.691999] CPUunderclocking:     !! Rdmsr(2of2): core:3 idx:c0010064 done. (resultx==8000017d000025e2 hi:8000017d lo:000025e2) {Rdmsr kernel/smp.c:728}
[    0.692166] CPUunderclocking: !! Write(1of3) PState0 read : fid:30 did:2 vid:18 Multi:N/A {WritePState kernel/smp.c:870}
[    0.692329] CPUunderclocking: !! Write(2of3) PState0 write:6 did:0 vid:37 (multi:22) ... {WritePState kernel/smp.c:898}
[    0.692487] CPUunderclocking:   !! Wrmsr(before write): core:0/64 idx:c0010064 valx:8000017d00004a60 ...  {Wrmsr kernel/smp.c:653}
[    0.692647] CPUunderclocking:     !! Wrmsr(after write): done. {Wrmsr kernel/smp.c:692}
[    0.692810] CPUunderclocking:   !! Wrmsr(before write): core:1/64 idx:c0010064 valx:8000017d00004a60 ...  {Wrmsr kernel/smp.c:653}
[    0.693006] CPUunderclocking:     !! Wrmsr(after write): done. {Wrmsr kernel/smp.c:692}
[    0.693167] CPUunderclocking:   !! Wrmsr(before write): core:2/64 idx:c0010064 valx:8000017d00004a60 ...  {Wrmsr kernel/smp.c:653}
[    0.693358] CPUunderclocking:     !! Wrmsr(after write): done. {Wrmsr kernel/smp.c:692}
[    0.693519] CPUunderclocking:   !! Wrmsr(before write): core:3/64 idx:c0010064 valx:8000017d00004a60 ...  {Wrmsr kernel/smp.c:653}
[    0.693687] CPUunderclocking:     !! Wrmsr(after write): done. {Wrmsr kernel/smp.c:692}
[    0.693833] CPUunderclocking: !! Write(3of3) PState0 done. status:0 (0=success) {WritePState kernel/smp.c:900}
[    0.693997] CPUunderclocking:   !! Rdmsr(1of2): core:0 idx:c0010065 ... {Rdmsr kernel/smp.c:712}
[    0.694160] CPUunderclocking:     !! Rdmsr(2of2): core:0 idx:c0010065 done. (resultx==8000014000004fa3 hi:80000140 lo:00004fa3) {Rdmsr kernel/smp.c:728}
[    0.694320] CPUunderclocking:   !! Rdmsr(1of2): core:1 idx:c0010065 ... {Rdmsr kernel/smp.c:712}
[    0.694509] CPUunderclocking:     !! Rdmsr(2of2): core:1 idx:c0010065 done. (resultx==8000014000004fa3 hi:80000140 lo:00004fa3) {Rdmsr kernel/smp.c:728}
[    0.694676] CPUunderclocking:   !! Rdmsr(1of2): core:2 idx:c0010065 ... {Rdmsr kernel/smp.c:712}
[    0.694864] CPUunderclocking:     !! Rdmsr(2of2): core:2 idx:c0010065 done. (resultx==8000014000004fa3 hi:80000140 lo:00004fa3) {Rdmsr kernel/smp.c:728}
[    0.695031] CPUunderclocking:   !! Rdmsr(1of2): core:3 idx:c0010065 ... {Rdmsr kernel/smp.c:712}
[    0.695195] CPUunderclocking:     !! Rdmsr(2of2): core:3 idx:c0010065 done. (resultx==8000014000004fa3 hi:80000140 lo:00004fa3) {Rdmsr kernel/smp.c:728}
[    0.695356] CPUunderclocking: !! Write(1of3) PState1 read : fid:26 did:3 vid:39 Multi:N/A {WritePState kernel/smp.c:870}
[    0.695518] CPUunderclocking: !! Write(2of3) PState1 write:4 did:0 vid:42 (multi:20) ... {WritePState kernel/smp.c:898}
[    0.695683] CPUunderclocking:   !! Wrmsr(before write): core:0/64 idx:c0010065 valx:8000014000005440 ...  {Wrmsr kernel/smp.c:653}
[    0.695834] CPUunderclocking:     !! Wrmsr(after write): done. {Wrmsr kernel/smp.c:692}
[    0.695997] CPUunderclocking:   !! Wrmsr(before write): core:1/64 idx:c0010065 valx:8000014000005440 ...  {Wrmsr kernel/smp.c:653}
[    0.696191] CPUunderclocking:     !! Wrmsr(after write): done. {Wrmsr kernel/smp.c:692}
[    0.696348] CPUunderclocking:   !! Wrmsr(before write): core:2/64 idx:c0010065 valx:8000014000005440 ...  {Wrmsr kernel/smp.c:653}
[    0.696540] CPUunderclocking:     !! Wrmsr(after write): done. {Wrmsr kernel/smp.c:692}
[    0.696698] CPUunderclocking:   !! Wrmsr(before write): core:3/64 idx:c0010065 valx:8000014000005440 ...  {Wrmsr kernel/smp.c:653}
[    0.698783] CPUunderclocking:     !! Wrmsr(after write): done. {Wrmsr kernel/smp.c:692}
[    0.698903] CPUunderclocking: !! Write(3of3) PState1 done. status:0 (0=success) {WritePState kernel/smp.c:900}
[    0.699063] CPUunderclocking:   !! Rdmsr(1of2): core:0 idx:c0010066 ... {Rdmsr kernel/smp.c:712}
[    0.699222] CPUunderclocking:     !! Rdmsr(2of2): core:0 idx:c0010066 done. (resultx==8000013700005573 hi:80000137 lo:00005573) {Rdmsr kernel/smp.c:728}
[    0.699385] CPUunderclocking:   !! Rdmsr(1of2): core:1 idx:c0010066 ... {Rdmsr kernel/smp.c:712}
[    0.699571] CPUunderclocking:     !! Rdmsr(2of2): core:1 idx:c0010066 done. (resultx==8000013700005573 hi:80000137 lo:00005573) {Rdmsr kernel/smp.c:728}
[    0.699733] CPUunderclocking:   !! Rdmsr(1of2): core:2 idx:c0010066 ... {Rdmsr kernel/smp.c:712}
[    0.699879] CPUunderclocking:     !! Rdmsr(2of2): core:2 idx:c0010066 done. (resultx==8000013700005573 hi:80000137 lo:00005573) {Rdmsr kernel/smp.c:728}
[    0.700042] CPUunderclocking:   !! Rdmsr(1of2): core:3 idx:c0010066 ... {Rdmsr kernel/smp.c:712}
[    0.700214] CPUunderclocking:     !! Rdmsr(2of2): core:3 idx:c0010066 done. (resultx==8000013700005573 hi:80000137 lo:00005573) {Rdmsr kernel/smp.c:728}
[    0.700376] CPUunderclocking: !! Write(1of3) PState2 read : fid:23 did:3 vid:42 Multi:N/A {WritePState kernel/smp.c:870}
[    0.700537] CPUunderclocking: !! Write(2of3) PState2 write:2 did:0 vid:47 (multi:18) ... {WritePState kernel/smp.c:898}
[    0.700696] CPUunderclocking:   !! Wrmsr(before write): core:0/64 idx:c0010066 valx:8000013700005e20 ...  {Wrmsr kernel/smp.c:653}
[    0.700835] CPUunderclocking:     !! Wrmsr(after write): done. {Wrmsr kernel/smp.c:692}
[    0.700990] CPUunderclocking:   !! Wrmsr(before write): core:1/64 idx:c0010066 valx:8000013700005e20 ...  {Wrmsr kernel/smp.c:653}
[    0.701173] CPUunderclocking:     !! Wrmsr(after write): done. {Wrmsr kernel/smp.c:692}
[    0.701329] CPUunderclocking:   !! Wrmsr(before write): core:2/64 idx:c0010066 valx:8000013700005e20 ...  {Wrmsr kernel/smp.c:653}
[    0.701518] CPUunderclocking:     !! Wrmsr(after write): done. {Wrmsr kernel/smp.c:692}
[    0.701672] CPUunderclocking:   !! Wrmsr(before write): core:3/64 idx:c0010066 valx:8000013700005e20 ...  {Wrmsr kernel/smp.c:653}
[    0.701859] CPUunderclocking:     !! Wrmsr(after write): done. {Wrmsr kernel/smp.c:692}
[    0.702013] CPUunderclocking: !! Write(3of3) PState2 done. status:0 (0=success) {WritePState kernel/smp.c:900}
[    0.702170] CPUunderclocking:   !! Rdmsr(1of2): core:0 idx:c0010067 ... {Rdmsr kernel/smp.c:712}
[    0.702325] CPUunderclocking:     !! Rdmsr(2of2): core:0 idx:c0010067 done. (resultx==8000013200005b43 hi:80000132 lo:00005b43) {Rdmsr kernel/smp.c:728}
[    0.702482] CPUunderclocking:   !! Rdmsr(1of2): core:1 idx:c0010067 ... {Rdmsr kernel/smp.c:712}
[    0.702669] CPUunderclocking:     !! Rdmsr(2of2): core:1 idx:c0010067 done. (resultx==8000013200005b43 hi:80000132 lo:00005b43) {Rdmsr kernel/smp.c:728}
[    0.702827] CPUunderclocking:   !! Rdmsr(1of2): core:2 idx:c0010067 ... {Rdmsr kernel/smp.c:712}
[    0.703009] CPUunderclocking:     !! Rdmsr(2of2): core:2 idx:c0010067 done. (resultx==8000013200005b43 hi:80000132 lo:00005b43) {Rdmsr kernel/smp.c:728}
[    0.703167] CPUunderclocking:   !! Rdmsr(1of2): core:3 idx:c0010067 ... {Rdmsr kernel/smp.c:712}
[    0.703353] CPUunderclocking:     !! Rdmsr(2of2): core:3 idx:c0010067 done. (resultx==8000013200005b43 hi:80000132 lo:00005b43) {Rdmsr kernel/smp.c:728}
[    0.703514] CPUunderclocking: !! Write(1of3) PState3 read : fid:20 did:3 vid:45 Multi:N/A {WritePState kernel/smp.c:870}
[    0.703671] CPUunderclocking: !! Write(2of3) PState3 write:1 did:0 vid:49 (multi:17) ... {WritePState kernel/smp.c:898}
[    0.703829] CPUunderclocking:   !! Wrmsr(before write): core:0/64 idx:c0010067 valx:8000013200006210 ...  {Wrmsr kernel/smp.c:653}
[    0.703985] CPUunderclocking:     !! Wrmsr(after write): done. {Wrmsr kernel/smp.c:692}
[    0.704143] CPUunderclocking:   !! Wrmsr(before write): core:1/64 idx:c0010067 valx:8000013200006210 ...  {Wrmsr kernel/smp.c:653}
[    0.704325] CPUunderclocking:     !! Wrmsr(after write): done. {Wrmsr kernel/smp.c:692}
[    0.704481] CPUunderclocking:   !! Wrmsr(before write): core:2/64 idx:c0010067 valx:8000013200006210 ...  {Wrmsr kernel/smp.c:653}
[    0.704664] CPUunderclocking:     !! Wrmsr(after write): done. {Wrmsr kernel/smp.c:692}
[    0.704820] CPUunderclocking:   !! Wrmsr(before write): core:3/64 idx:c0010067 valx:8000013200006210 ...  {Wrmsr kernel/smp.c:653}
[    0.704961] CPUunderclocking:     !! Wrmsr(after write): done. {Wrmsr kernel/smp.c:692}
[    0.705114] CPUunderclocking: !! Write(3of3) PState3 done. status:0 (0=success) {WritePState kernel/smp.c:900}
[    0.705276] CPUunderclocking:   !! Rdmsr(1of2): core:0 idx:c0010068 ... {Rdmsr kernel/smp.c:712}
[    0.705435] CPUunderclocking:     !! Rdmsr(2of2): core:0 idx:c0010068 done. (resultx==8000012e00005d13 hi:8000012e lo:00005d13) {Rdmsr kernel/smp.c:728}
[    0.705597] CPUunderclocking:   !! Rdmsr(1of2): core:1 idx:c0010068 ... {Rdmsr kernel/smp.c:712}
[    0.705781] CPUunderclocking:     !! Rdmsr(2of2): core:1 idx:c0010068 done. (resultx==8000012e00005d13 hi:8000012e lo:00005d13) {Rdmsr kernel/smp.c:728}
[    0.705901] CPUunderclocking:   !! Rdmsr(1of2): core:2 idx:c0010068 ... {Rdmsr kernel/smp.c:712}
[    0.706087] CPUunderclocking:     !! Rdmsr(2of2): core:2 idx:c0010068 done. (resultx==8000012e00005d13 hi:8000012e lo:00005d13) {Rdmsr kernel/smp.c:728}
[    0.706248] CPUunderclocking:   !! Rdmsr(1of2): core:3 idx:c0010068 ... {Rdmsr kernel/smp.c:712}
[    0.706433] CPUunderclocking:     !! Rdmsr(2of2): core:3 idx:c0010068 done. (resultx==8000012e00005d13 hi:8000012e lo:00005d13) {Rdmsr kernel/smp.c:728}
[    0.706595] CPUunderclocking: !! Write(1of3) PState4 read : fid:17 did:3 vid:46 Multi:N/A {WritePState kernel/smp.c:870}
[    0.706755] CPUunderclocking: !! Write(2of3) PState4 write:0 did:0 vid:52 (multi:16) ... {WritePState kernel/smp.c:898}
[    0.706877] CPUunderclocking:   !! Wrmsr(before write): core:0/64 idx:c0010068 valx:8000012e00006800 ...  {Wrmsr kernel/smp.c:653}
[    0.707039] CPUunderclocking:     !! Wrmsr(after write): done. {Wrmsr kernel/smp.c:692}
[    0.707197] CPUunderclocking:   !! Wrmsr(before write): core:1/64 idx:c0010068 valx:8000012e00006800 ...  {Wrmsr kernel/smp.c:653}
[    0.707383] CPUunderclocking:     !! Wrmsr(after write): done. {Wrmsr kernel/smp.c:692}
[    0.707541] CPUunderclocking:   !! Wrmsr(before write): core:2/64 idx:c0010068 valx:8000012e00006800 ...  {Wrmsr kernel/smp.c:653}
[    0.707728] CPUunderclocking:     !! Wrmsr(after write): done. {Wrmsr kernel/smp.c:692}
[    0.707849] CPUunderclocking:   !! Wrmsr(before write): core:3/64 idx:c0010068 valx:8000012e00006800 ...  {Wrmsr kernel/smp.c:653}
[    0.708013] CPUunderclocking:     !! Wrmsr(after write): done. {Wrmsr kernel/smp.c:692}
[    0.708173] CPUunderclocking: !! Write(3of3) PState4 done. status:0 (0=success) {WritePState kernel/smp.c:900}
[    0.708331] CPUunderclocking:   !! Rdmsr(1of2): core:0 idx:c0010069 ... {Rdmsr kernel/smp.c:712}
[    0.708492] CPUunderclocking:     !! Rdmsr(2of2): core:0 idx:c0010069 done. (resultx==8000012b00005ee3 hi:8000012b lo:00005ee3) {Rdmsr kernel/smp.c:728}
[    0.708654] CPUunderclocking:   !! Rdmsr(1of2): core:1 idx:c0010069 ... {Rdmsr kernel/smp.c:712}
[    0.708839] CPUunderclocking:     !! Rdmsr(2of2): core:1 idx:c0010069 done. (resultx==8000012b00005ee3 hi:8000012b lo:00005ee3) {Rdmsr kernel/smp.c:728}
[    0.709000] CPUunderclocking:   !! Rdmsr(1of2): core:2 idx:c0010069 ... {Rdmsr kernel/smp.c:712}
[    0.709188] CPUunderclocking:     !! Rdmsr(2of2): core:2 idx:c0010069 done. (resultx==8000012b00005ee3 hi:8000012b lo:00005ee3) {Rdmsr kernel/smp.c:728}
[    0.709348] CPUunderclocking:   !! Rdmsr(1of2): core:3 idx:c0010069 ... {Rdmsr kernel/smp.c:712}
[    0.709511] CPUunderclocking:     !! Rdmsr(2of2): core:3 idx:c0010069 done. (resultx==8000012b00005ee3 hi:8000012b lo:00005ee3) {Rdmsr kernel/smp.c:728}
[    0.709672] CPUunderclocking: !! Write(1of3) PState5 read : fid:14 did:3 vid:47 Multi:N/A {WritePState kernel/smp.c:870}
[    0.709832] CPUunderclocking: !! Write(2of3) PState5 write:5 did:1 vid:55 (multi:14) ... {WritePState kernel/smp.c:898}
[    0.709992] CPUunderclocking:   !! Wrmsr(before write): core:0/64 idx:c0010069 valx:8000012b00006e51 ...  {Wrmsr kernel/smp.c:653}
[    0.710153] CPUunderclocking:     !! Wrmsr(after write): done. {Wrmsr kernel/smp.c:692}
[    0.710315] CPUunderclocking:   !! Wrmsr(before write): core:1/64 idx:c0010069 valx:8000012b00006e51 ...  {Wrmsr kernel/smp.c:653}
[    0.710504] CPUunderclocking:     !! Wrmsr(after write): done. {Wrmsr kernel/smp.c:692}
[    0.710664] CPUunderclocking:   !! Wrmsr(before write): core:2/64 idx:c0010069 valx:8000012b00006e51 ...  {Wrmsr kernel/smp.c:653}
[    0.710850] CPUunderclocking:     !! Wrmsr(after write): done. {Wrmsr kernel/smp.c:692}
[    0.711008] CPUunderclocking:   !! Wrmsr(before write): core:3/64 idx:c0010069 valx:8000012b00006e51 ...  {Wrmsr kernel/smp.c:653}
[    0.711173] CPUunderclocking:     !! Wrmsr(after write): done. {Wrmsr kernel/smp.c:692}
[    0.711333] CPUunderclocking: !! Write(3of3) PState5 done. status:0 (0=success) {WritePState kernel/smp.c:900}
[    0.711492] CPUunderclocking:   !! Rdmsr(1of2): core:0 idx:c001006a ... {Rdmsr kernel/smp.c:712}
[    0.711651] CPUunderclocking:     !! Rdmsr(2of2): core:0 idx:c001006a done. (resultx==80000127000060b3 hi:80000127 lo:000060b3) {Rdmsr kernel/smp.c:728}
[    0.711814] CPUunderclocking:   !! Rdmsr(1of2): core:1 idx:c001006a ... {Rdmsr kernel/smp.c:712}
[    0.711953] CPUunderclocking:     !! Rdmsr(2of2): core:1 idx:c001006a done. (resultx==80000127000060b3 hi:80000127 lo:000060b3) {Rdmsr kernel/smp.c:728}
[    0.712115] CPUunderclocking:   !! Rdmsr(1of2): core:2 idx:c001006a ... {Rdmsr kernel/smp.c:712}
[    0.712300] CPUunderclocking:     !! Rdmsr(2of2): core:2 idx:c001006a done. (resultx==80000127000060b3 hi:80000127 lo:000060b3) {Rdmsr kernel/smp.c:728}
[    0.712461] CPUunderclocking:   !! Rdmsr(1of2): core:3 idx:c001006a ... {Rdmsr kernel/smp.c:712}
[    0.712622] CPUunderclocking:     !! Rdmsr(2of2): core:3 idx:c001006a done. (resultx==80000127000060b3 hi:80000127 lo:000060b3) {Rdmsr kernel/smp.c:728}
[    0.712783] CPUunderclocking: !! Write(1of3) PState6 read : fid:11 did:3 vid:48 Multi:N/A {WritePState kernel/smp.c:870}
[    0.712903] CPUunderclocking: !! Write(2of3) PState6 write:2 did:1 vid:59 (multi:12) ... {WritePState kernel/smp.c:898}
[    0.713064] CPUunderclocking:   !! Wrmsr(before write): core:0/64 idx:c001006a valx:8000012700007621 ...  {Wrmsr kernel/smp.c:653}
[    0.713225] CPUunderclocking:     !! Wrmsr(after write): done. {Wrmsr kernel/smp.c:692}
[    0.715307] CPUunderclocking:   !! Wrmsr(before write): core:1/64 idx:c001006a valx:8000012700007621 ...  {Wrmsr kernel/smp.c:653}
[    0.715493] CPUunderclocking:     !! Wrmsr(after write): done. {Wrmsr kernel/smp.c:692}
[    0.715652] CPUunderclocking:   !! Wrmsr(before write): core:2/64 idx:c001006a valx:8000012700007621 ...  {Wrmsr kernel/smp.c:653}
[    0.715841] CPUunderclocking:     !! Wrmsr(after write): done. {Wrmsr kernel/smp.c:692}
[    0.715999] CPUunderclocking:   !! Wrmsr(before write): core:3/64 idx:c001006a valx:8000012700007621 ...  {Wrmsr kernel/smp.c:653}
[    0.716163] CPUunderclocking:     !! Wrmsr(after write): done. {Wrmsr kernel/smp.c:692}
[    0.716321] CPUunderclocking: !! Write(3of3) PState6 done. status:0 (0=success) {WritePState kernel/smp.c:900}
[    0.716480] CPUunderclocking:   !! Rdmsr(1of2): core:0 idx:c001006b ... {Rdmsr kernel/smp.c:712}
[    0.716639] CPUunderclocking:     !! Rdmsr(2of2): core:0 idx:c001006b done. (resultx==8000012500006504 hi:80000125 lo:00006504) {Rdmsr kernel/smp.c:728}
[    0.716801] CPUunderclocking:   !! Rdmsr(1of2): core:1 idx:c001006b ... {Rdmsr kernel/smp.c:712}
[    0.716952] CPUunderclocking:     !! Rdmsr(2of2): core:1 idx:c001006b done. (resultx==8000012500006504 hi:80000125 lo:00006504) {Rdmsr kernel/smp.c:728}
[    0.717113] CPUunderclocking:   !! Rdmsr(1of2): core:2 idx:c001006b ... {Rdmsr kernel/smp.c:712}
[    0.717281] CPUunderclocking:     !! Rdmsr(2of2): core:2 idx:c001006b done. (resultx==8000012500006504 hi:80000125 lo:00006504) {Rdmsr kernel/smp.c:728}
[    0.717443] CPUunderclocking:   !! Rdmsr(1of2): core:3 idx:c001006b ... {Rdmsr kernel/smp.c:712}
[    0.717628] CPUunderclocking:     !! Rdmsr(2of2): core:3 idx:c001006b done. (resultx==8000012500006504 hi:80000125 lo:00006504) {Rdmsr kernel/smp.c:728}
[    0.717788] CPUunderclocking: !! Write(1of3) PState7 read : fid:16 did:4 vid:50 Multi:N/A {WritePState kernel/smp.c:870}
[    0.717908] CPUunderclocking: !! Write(2of3) PState7 write:0 did:2 vid:67 (multi:8) ... {WritePState kernel/smp.c:898}
[    0.718064] CPUunderclocking:   !! Wrmsr(before write): core:0/64 idx:c001006b valx:8000012500008602 ...  {Wrmsr kernel/smp.c:653}
[    0.718222] CPUunderclocking:     !! Wrmsr(after write): done. {Wrmsr kernel/smp.c:692}
[    0.718378] CPUunderclocking:   !! Wrmsr(before write): core:1/64 idx:c001006b valx:8000012500008602 ...  {Wrmsr kernel/smp.c:653}
[    0.718561] CPUunderclocking:     !! Wrmsr(after write): done. {Wrmsr kernel/smp.c:692}
[    0.718717] CPUunderclocking:   !! Wrmsr(before write): core:2/64 idx:c001006b valx:8000012500008602 ...  {Wrmsr kernel/smp.c:653}
[    0.718868] CPUunderclocking:     !! Wrmsr(after write): done. {Wrmsr kernel/smp.c:692}
[    0.719024] CPUunderclocking:   !! Wrmsr(before write): core:3/64 idx:c001006b valx:8000012500008602 ...  {Wrmsr kernel/smp.c:653}
[    0.719185] CPUunderclocking:     !! Wrmsr(after write): done. {Wrmsr kernel/smp.c:692}
[    0.719339] CPUunderclocking: !! Write(3of3) PState7 done. status:0 (0=success) {WritePState kernel/smp.c:900}
[    0.719496] CPUunderclocking: Switching to another p-state temporarily so to ensure that the current one uses newly applied values {apply_underclocking_if_needed kernel/smp.c:970}
[    0.719694] CPUunderclocking:   !! Rdmsr(1of2): core:0 idx:c0010071 ... {Rdmsr kernel/smp.c:712}
[    0.719842] CPUunderclocking:     !! Rdmsr(2of2): core:0 idx:c0010071 done. (resultx==003160975a015440 hi:00316097 lo:5a015440) {Rdmsr kernel/smp.c:728}
[    0.719999] CPUunderclocking:   !! Rdmsr(1of2): core:1 idx:c0010071 ... {Rdmsr kernel/smp.c:712}
[    0.720186] CPUunderclocking:     !! Rdmsr(2of2): core:1 idx:c0010071 done. (resultx==003160975a004a60 hi:00316097 lo:5a004a60) {Rdmsr kernel/smp.c:728}
[    0.720344] CPUunderclocking:     !! Rdmsr(3of2): different results for cores(this is expected to be so, depending on load) core[0] != core[1] (see above KERN_DEBUG msgs) {Rdmsr kernel/smp.c:733}
[    0.720543] CPUunderclocking:   !! Rdmsr(1of2): core:2 idx:c0010071 ... {Rdmsr kernel/smp.c:712}
[    0.720724] CPUunderclocking:     !! Rdmsr(2of2): core:2 idx:c0010071 done. (resultx==003160975a015440 hi:00316097 lo:5a015440) {Rdmsr kernel/smp.c:728}
[    0.720851] CPUunderclocking:     !! Rdmsr(3of2): different results for cores(this is expected to be so, depending on load) core[1] != core[2] (see above KERN_DEBUG msgs) {Rdmsr kernel/smp.c:733}
[    0.721049] CPUunderclocking:   !! Rdmsr(1of2): core:3 idx:c0010071 ... {Rdmsr kernel/smp.c:712}
[    0.721235] CPUunderclocking:     !! Rdmsr(2of2): core:3 idx:c0010071 done. (resultx==003160975a004a60 hi:00316097 lo:5a004a60) {Rdmsr kernel/smp.c:728}
[    0.721393] CPUunderclocking:     !! Rdmsr(3of2): different results for cores(this is expected to be so, depending on load) core[2] != core[3] (see above KERN_DEBUG msgs) {Rdmsr kernel/smp.c:733}
[    0.721591] CPUunderclocking: !! currentpstate:1 temppstate:7 {apply_underclocking_if_needed kernel/smp.c:978}
[    0.721747] CPUunderclocking:   !! Rdmsr(1of2): core:0 idx:c0010062 ... {Rdmsr kernel/smp.c:712}
[    0.721869] CPUunderclocking:     !! Rdmsr(2of2): core:0 idx:c0010062 done. (resultx==0000000000000000 hi:00000000 lo:00000000) {Rdmsr kernel/smp.c:728}
[    0.722030] CPUunderclocking:   !! Rdmsr(1of2): core:1 idx:c0010062 ... {Rdmsr kernel/smp.c:712}
[    0.722215] CPUunderclocking:     !! Rdmsr(2of2): core:1 idx:c0010062 done. (resultx==0000000000000000 hi:00000000 lo:00000000) {Rdmsr kernel/smp.c:728}
[    0.722377] CPUunderclocking:   !! Rdmsr(1of2): core:2 idx:c0010062 ... {Rdmsr kernel/smp.c:712}
[    0.722563] CPUunderclocking:     !! Rdmsr(2of2): core:2 idx:c0010062 done. (resultx==0000000000000000 hi:00000000 lo:00000000) {Rdmsr kernel/smp.c:728}
[    0.722727] CPUunderclocking:   !! Rdmsr(1of2): core:3 idx:c0010062 ... {Rdmsr kernel/smp.c:712}
[    0.722857] CPUunderclocking:     !! Rdmsr(2of2): core:3 idx:c0010062 done. (resultx==0000000000000000 hi:00000000 lo:00000000) {Rdmsr kernel/smp.c:728}
[    0.723019] CPUunderclocking:   !! Wrmsr(before write): core:0/64 idx:c0010062 valx:0000000000000006 ...  {Wrmsr kernel/smp.c:653}
[    0.723183] CPUunderclocking:     !! Wrmsr(after write): done. {Wrmsr kernel/smp.c:692}
[    0.723355] CPUunderclocking:   !! Wrmsr(before write): core:1/64 idx:c0010062 valx:0000000000000006 ...  {Wrmsr kernel/smp.c:653}
[    0.723564] CPUunderclocking:     !! Wrmsr(after write): done. {Wrmsr kernel/smp.c:692}
[    0.723736] CPUunderclocking:   !! Wrmsr(before write): core:2/64 idx:c0010062 valx:0000000000000006 ...  {Wrmsr kernel/smp.c:653}
[    0.723891] CPUunderclocking:     !! Wrmsr(after write): done. {Wrmsr kernel/smp.c:692}
[    0.724064] CPUunderclocking:   !! Wrmsr(before write): core:3/64 idx:c0010062 valx:0000000000000006 ...  {Wrmsr kernel/smp.c:653}
[    0.724244] CPUunderclocking:     !! Wrmsr(after write): done. {Wrmsr kernel/smp.c:692}
[    0.724416] CPUunderclocking:   !! Rdmsr(1of2): core:0 idx:c0010063 ... {Rdmsr kernel/smp.c:712}
[    0.724591] CPUunderclocking:     !! Rdmsr(2of2): core:0 idx:c0010063 done. (resultx==0000000000000006 hi:00000000 lo:00000006) {Rdmsr kernel/smp.c:728}
[    0.724770] CPUunderclocking:   !! Rdmsr(1of2): core:1 idx:c0010063 ... {Rdmsr kernel/smp.c:712}
[    0.724936] CPUunderclocking:     !! Rdmsr(2of2): core:1 idx:c0010063 done. (resultx==0000000000000006 hi:00000000 lo:00000006) {Rdmsr kernel/smp.c:728}
[    0.725160] CPUunderclocking:   !! Rdmsr(1of2): core:2 idx:c0010063 ... {Rdmsr kernel/smp.c:712}
[    0.725373] CPUunderclocking:     !! Rdmsr(2of2): core:2 idx:c0010063 done. (resultx==0000000000000006 hi:00000000 lo:00000006) {Rdmsr kernel/smp.c:728}
[    0.725598] CPUunderclocking:   !! Rdmsr(1of2): core:3 idx:c0010063 ... {Rdmsr kernel/smp.c:712}
[    0.725776] CPUunderclocking:     !! Rdmsr(2of2): core:3 idx:c0010063 done. (resultx==0000000000000006 hi:00000000 lo:00000006) {Rdmsr kernel/smp.c:728}
[    0.725910] CPUunderclocking: Waiting for PState to settle at wanted. Current: i(16bits)=6 j(64bits)=6 wantedpstate=6 tries left:9 {SetCurrentPState kernel/smp.c:942}
[    0.726130] CPUunderclocking:   !! Rdmsr(1of2): core:0 idx:c0010071 ... {Rdmsr kernel/smp.c:712}
[    0.726304] CPUunderclocking:     !! Rdmsr(2of2): core:0 idx:c0010071 done. (resultx==003160975a078602 hi:00316097 lo:5a078602) {Rdmsr kernel/smp.c:728}
[    0.726483] CPUunderclocking:   !! Rdmsr(1of2): core:1 idx:c0010071 ... {Rdmsr kernel/smp.c:712}
[    0.726697] CPUunderclocking:     !! Rdmsr(2of2): core:1 idx:c0010071 done. (resultx==003160975a078602 hi:00316097 lo:5a078602) {Rdmsr kernel/smp.c:728}
[    0.726880] CPUunderclocking:   !! Rdmsr(1of2): core:2 idx:c0010071 ... {Rdmsr kernel/smp.c:712}
[    0.727094] CPUunderclocking:     !! Rdmsr(2of2): core:2 idx:c0010071 done. (resultx==003160975a078602 hi:00316097 lo:5a078602) {Rdmsr kernel/smp.c:728}
[    0.727319] CPUunderclocking:   !! Rdmsr(1of2): core:3 idx:c0010071 ... {Rdmsr kernel/smp.c:712}
[    0.727497] CPUunderclocking:     !! Rdmsr(2of2): core:3 idx:c0010071 done. (resultx==003160975a078602 hi:00316097 lo:5a078602) {Rdmsr kernel/smp.c:728}
[    0.727676] CPUunderclocking: !! currentpstate:7 {apply_underclocking_if_needed kernel/smp.c:980}
[    0.727846] CPUunderclocking:   !! Rdmsr(1of2): core:0 idx:c0010062 ... {Rdmsr kernel/smp.c:712}
[    0.728020] CPUunderclocking:     !! Rdmsr(2of2): core:0 idx:c0010062 done. (resultx==0000000000000006 hi:00000000 lo:00000006) {Rdmsr kernel/smp.c:728}
[    0.728198] CPUunderclocking:   !! Rdmsr(1of2): core:1 idx:c0010062 ... {Rdmsr kernel/smp.c:712}
[    0.728411] CPUunderclocking:     !! Rdmsr(2of2): core:1 idx:c0010062 done. (resultx==0000000000000006 hi:00000000 lo:00000006) {Rdmsr kernel/smp.c:728}
[    0.728635] CPUunderclocking:   !! Rdmsr(1of2): core:2 idx:c0010062 ... {Rdmsr kernel/smp.c:712}
[    0.728848] CPUunderclocking:     !! Rdmsr(2of2): core:2 idx:c0010062 done. (resultx==0000000000000006 hi:00000000 lo:00000006) {Rdmsr kernel/smp.c:728}
[    0.729057] CPUunderclocking:   !! Rdmsr(1of2): core:3 idx:c0010062 ... {Rdmsr kernel/smp.c:712}
[    0.729235] CPUunderclocking:     !! Rdmsr(2of2): core:3 idx:c0010062 done. (resultx==0000000000000006 hi:00000000 lo:00000006) {Rdmsr kernel/smp.c:728}
[    0.729414] CPUunderclocking:   !! Wrmsr(before write): core:0/64 idx:c0010062 valx:0000000000000000 ...  {Wrmsr kernel/smp.c:653}
[    0.729592] CPUunderclocking:     !! Wrmsr(after write): done. {Wrmsr kernel/smp.c:692}
[    0.729761] CPUunderclocking:   !! Wrmsr(before write): core:1/64 idx:c0010062 valx:0000000000000000 ...  {Wrmsr kernel/smp.c:653}
[    0.729920] CPUunderclocking:     !! Wrmsr(after write): done. {Wrmsr kernel/smp.c:692}
[    0.730078] CPUunderclocking:   !! Wrmsr(before write): core:2/64 idx:c0010062 valx:0000000000000000 ...  {Wrmsr kernel/smp.c:653}
[    0.730280] CPUunderclocking:     !! Wrmsr(after write): done. {Wrmsr kernel/smp.c:692}
[    0.730484] CPUunderclocking:   !! Wrmsr(before write): core:3/64 idx:c0010062 valx:0000000000000000 ...  {Wrmsr kernel/smp.c:653}
[    0.732562] CPUunderclocking:     !! Wrmsr(after write): done. {Wrmsr kernel/smp.c:692}
[    0.732720] CPUunderclocking:   !! Rdmsr(1of2): core:0 idx:c0010063 ... {Rdmsr kernel/smp.c:712}
[    0.732848] CPUunderclocking:     !! Rdmsr(2of2): core:0 idx:c0010063 done. (resultx==0000000000000000 hi:00000000 lo:00000000) {Rdmsr kernel/smp.c:728}
[    0.733009] CPUunderclocking:   !! Rdmsr(1of2): core:1 idx:c0010063 ... {Rdmsr kernel/smp.c:712}
[    0.733197] CPUunderclocking:     !! Rdmsr(2of2): core:1 idx:c0010063 done. (resultx==0000000000000000 hi:00000000 lo:00000000) {Rdmsr kernel/smp.c:728}
[    0.733357] CPUunderclocking:   !! Rdmsr(1of2): core:2 idx:c0010063 ... {Rdmsr kernel/smp.c:712}
[    0.733544] CPUunderclocking:     !! Rdmsr(2of2): core:2 idx:c0010063 done. (resultx==0000000000000000 hi:00000000 lo:00000000) {Rdmsr kernel/smp.c:728}
[    0.733707] CPUunderclocking:   !! Rdmsr(1of2): core:3 idx:c0010063 ... {Rdmsr kernel/smp.c:712}
[    0.733872] CPUunderclocking:     !! Rdmsr(2of2): core:3 idx:c0010063 done. (resultx==0000000000000000 hi:00000000 lo:00000000) {Rdmsr kernel/smp.c:728}
[    0.734035] CPUunderclocking: Waiting for PState to settle at wanted. Current: i(16bits)=0 j(64bits)=0 wantedpstate=0 tries left:9 {SetCurrentPState kernel/smp.c:942}
[    0.734235] CPUunderclocking:   !! Rdmsr(1of2): core:0 idx:c0010071 ... {Rdmsr kernel/smp.c:712}
[    0.734393] CPUunderclocking:     !! Rdmsr(2of2): core:0 idx:c0010071 done. (resultx==003160975a004a60 hi:00316097 lo:5a004a60) {Rdmsr kernel/smp.c:728}
[    0.734552] CPUunderclocking:   !! Rdmsr(1of2): core:1 idx:c0010071 ... {Rdmsr kernel/smp.c:712}
[    0.734718] CPUunderclocking:     !! Rdmsr(2of2): core:1 idx:c0010071 done. (resultx==003160975a015440 hi:00316097 lo:5a015440) {Rdmsr kernel/smp.c:728}
[    0.734846] CPUunderclocking:     !! Rdmsr(3of2): different results for cores(this is expected to be so, depending on load) core[0] != core[1] (see above KERN_DEBUG msgs) {Rdmsr kernel/smp.c:733}
[    0.735044] CPUunderclocking:   !! Rdmsr(1of2): core:2 idx:c0010071 ... {Rdmsr kernel/smp.c:712}
[    0.735226] CPUunderclocking:     !! Rdmsr(2of2): core:2 idx:c0010071 done. (resultx==003160975a015440 hi:00316097 lo:5a015440) {Rdmsr kernel/smp.c:728}
[    0.735384] CPUunderclocking:   !! Rdmsr(1of2): core:3 idx:c0010071 ... {Rdmsr kernel/smp.c:712}
[    0.735543] CPUunderclocking:     !! Rdmsr(2of2): core:3 idx:c0010071 done. (resultx==003160975a014a40 hi:00316097 lo:5a014a40) {Rdmsr kernel/smp.c:728}
[    0.735702] CPUunderclocking:     !! Rdmsr(3of2): different results for cores(this is expected to be so, depending on load) core[2] != core[3] (see above KERN_DEBUG msgs) {Rdmsr kernel/smp.c:733}
[    0.735859] CPUunderclocking: !! currentpstate:0 {apply_underclocking_if_needed kernel/smp.c:982}
[    0.736015] CPUunderclocking: done. {apply_underclocking_if_needed kernel/smp.c:985}
[    0.736170] smpboot: Boot done
[    0.736240] ----------------
[    0.736307] | NMI testsuite:
[    0.736376] --------------------
[    0.736444]   remote IPI:  ok  |
[    0.640253]    local IPI:  ok  |
[    0.666702] --------------------
[    0.666892] Good, all   2 testcases passed! |
[    0.666971] ---------------------------------
[    0.667097] smpboot: Before bogomips
[    0.667223] smpboot: Total of 4 processors activated (11184.69 BogoMIPS)
[    0.667349] smpboot: Before bogocount - setting activated=1
[    0.668256] devtmpfs: initialized
[    0.668256] device: 'platform': device_add
[    0.670196] bus: 'platform': registered
[    0.670495] bus: 'cpu': registered
[    0.670679] device: 'cpu': device_add
[    0.671155] bus: 'container': registered
[    0.671338] device: 'container': device_add
[    0.673815] bus: 'workqueue': registered
[    0.674010] device: 'workqueue': device_add
[    0.673684] kworker/u8:0 (30) used greatest stack depth: 14272 bytes left
[    0.674660] clocksource: jiffies: mask: 0xffffffff max_cycles: 0xffffffff, max_idle_ns: 6370867519511994 ns
[    0.674991] atomic64_test: passed for x86-64 platform with CX8 and with SSE
[    0.674991] device class 'regulator': registering
[    0.674991] Registering platform device 'reg-dummy'. Parent at platform
[    0.674991] device: 'reg-dummy': device_add
[    0.674991] bus: 'platform': add device reg-dummy
[    0.674991] bus: 'platform': add driver reg-dummy
[    0.676714] bus: 'platform': driver_probe_device: matched device reg-dummy with driver reg-dummy
[    0.676893] bus: 'platform': really_probe: probing driver reg-dummy with device reg-dummy
[    0.677105] devices_kset: Moving reg-dummy to end of list
[    0.677306] device: 'regulator.0': device_add
[    0.677909] regulator-dummy: no parameters
[    0.678109] driver: 'reg-dummy': driver_bound: bound to device 'reg-dummy'
[    0.678285] bus: 'platform': really_probe: bound device reg-dummy to driver reg-dummy
[    0.679163] NET: Registered protocol family 16
[    0.679635] device class 'bdi': registering
[    0.680049] bus: 'platform': add driver ramoops
[    0.680312] device class 'pci_bus': registering
[    0.680718] bus: 'pci': registered
[    0.680901] device class 'backlight': registering
[    0.681079] device class 'tty': registering
[    0.681313] device class 'vtconsole': registering
[    0.681553] device: 'vtcon0': device_add
[    0.682188] bus: 'node': registered
[    0.682374] device: 'node': device_add
[    0.682891] bus: 'i2c': registered
[    0.683090] bus: 'i2c': add driver dummy
[    0.683357] i2c-core: driver [dummy] registered
[    0.700038] cpuidle: using governor ladder
[    0.713372] cpuidle: using governor menu
[    0.714159] ACPI FADT declares the system doesn't support PCIe ASPM, so disable it
[    0.714374] ACPI: bus type PCI registered
[    0.714499] acpiphp: ACPI Hot Plug PCI Controller Driver version: 0.5
[    0.714634] device class 'dmi': registering
[    0.714838] device: 'id': device_add
[    0.715694] PCI: MMCONFIG for domain 0000 [bus 00-3f] at [mem 0xf8000000-0xfbffffff] (base 0xf8000000)
[    0.715867] PCI: not using MMCONFIG
[    0.715980] PCI: Using configuration type 1 for base access
[    0.716106] PCI: Using configuration type 1 for extended access
[    0.716543] device: 'node0': device_add
[    0.716800] bus: 'node': add device node0
[    0.717095] device: 'cpu0': device_add
[    0.717307] bus: 'cpu': add device cpu0
[    0.717702] device: 'cpu1': device_add
[    0.717927] bus: 'cpu': add device cpu1
[    0.718270] device: 'cpu2': device_add
[    0.718498] bus: 'cpu': add device cpu2
[    0.718902] device: 'cpu3': device_add
[    0.719083] bus: 'cpu': add device cpu3
[    0.721248] kworker/u8:1 (72) used greatest stack depth: 13976 bytes left
[    0.770266] device: 'writeback': device_add
[    0.770291] bus: 'workqueue': add device writeback
[    0.770737] device class 'block': registering
[    0.770737] device class 'graphics': registering
[    0.770737] ACPI: Added _OSI(Module Device)
[    0.770737] ACPI: Added _OSI(Processor Device)
[    0.770857] ACPI: Added _OSI(3.0 _SCP Extensions)
[    0.770983] ACPI: Added _OSI(Processor Aggregator Device)
[    0.893782] [Firmware Bug]: ACPI: BIOS _OSI(Linux) query ignored
[    0.903914] ACPI : EC: +++++ EC started +++++
[    0.930229] ACPI: Interpreter enabled
[    0.930441] ACPI: (supports S0 S5)
[    0.930521] ACPI: Using IOAPIC for interrupt routing
[    0.936440] bus: 'acpi': registered
[    0.936620] PCI: MMCONFIG for domain 0000 [bus 00-3f] at [mem 0xf8000000-0xfbffffff] (base 0xf8000000)
[    0.945872] PCI: MMCONFIG at [mem 0xf8000000-0xfbffffff] reserved in ACPI motherboard resources
[    0.946113] PCI: Using host bridge windows from ACPI; if necessary, use "pci=nocrs" and report a bug
[    0.946568] device: 'LNXSYSTM:00': device_add
[    0.946721] bus: 'acpi': add device LNXSYSTM:00
[    0.947478] device: 'LNXCPU:00': device_add
[    0.947688] bus: 'acpi': add device LNXCPU:00
[    0.948385] device: 'LNXCPU:01': device_add
[    0.948607] bus: 'acpi': add device LNXCPU:01
[    0.949280] device: 'LNXCPU:02': device_add
[    0.949504] bus: 'acpi': add device LNXCPU:02
[    0.950298] device: 'LNXCPU:03': device_add
[    0.950517] bus: 'acpi': add device LNXCPU:03
[    0.951888] device: 'LNXSYBUS:00': device_add
[    0.952121] bus: 'acpi': add device LNXSYBUS:00
[    0.953524] device: 'PNP0C0C:00': device_add
[    0.953737] bus: 'acpi': add device PNP0C0C:00
[    0.955272] device: 'PNP0A08:00': device_add
[    0.955501] bus: 'acpi': add device PNP0A08:00
[    0.957000] device: 'PNP0C02:00': device_add
[    0.957230] bus: 'acpi': add device PNP0C02:00
[    0.958960] device: 'device:00': device_add
[    0.959192] bus: 'acpi': add device device:00
[    0.960643] device: 'device:01': device_add
[    0.960780] bus: 'acpi': add device device:01
[    0.962140] device: 'device:02': device_add
[    0.962366] bus: 'acpi': add device device:02
[    0.963971] device: 'device:03': device_add
[    0.964196] bus: 'acpi': add device device:03
[    0.965628] device: 'LNXVIDEO:00': device_add
[    0.965775] bus: 'acpi': add device LNXVIDEO:00
[    0.967376] device: 'device:04': device_add
[    0.967602] bus: 'acpi': add device device:04
[    0.969029] device: 'device:05': device_add
[    0.969253] bus: 'acpi': add device device:05
[    0.970577] device: 'device:06': device_add
[    0.970757] bus: 'acpi': add device device:06
[    0.974352] device: 'device:07': device_add
[    0.974579] bus: 'acpi': add device device:07
[    0.975880] device: 'device:08': device_add
[    0.976106] bus: 'acpi': add device device:08
[    0.977717] device: 'device:09': device_add
[    0.977896] bus: 'acpi': add device device:09
[    0.979314] device: 'device:0a': device_add
[    0.979543] bus: 'acpi': add device device:0a
[    0.981134] device: 'device:0b': device_add
[    0.981358] bus: 'acpi': add device device:0b
[    0.982685] device: 'device:0c': device_add
[    0.982867] bus: 'acpi': add device device:0c
[    0.984488] device: 'device:0d': device_add
[    0.984701] bus: 'acpi': add device device:0d
[    0.986008] device: 'device:0e': device_add
[    0.986231] bus: 'acpi': add device device:0e
[    0.987805] device: 'device:0f': device_add
[    0.988036] bus: 'acpi': add device device:0f
[    0.989369] device: 'device:10': device_add
[    0.989595] bus: 'acpi': add device device:10
[    0.991147] device: 'device:11': device_add
[    0.991374] bus: 'acpi': add device device:11
[    0.992780] device: 'device:12': device_add
[    0.993009] bus: 'acpi': add device device:12
[    0.994348] device: 'device:13': device_add
[    0.994571] bus: 'acpi': add device device:13
[    0.995864] device: 'device:14': device_add
[    0.996084] bus: 'acpi': add device device:14
[    0.997696] device: 'device:15': device_add
[    0.997874] bus: 'acpi': add device device:15
[    0.999285] device: 'device:16': device_add
[    0.999519] bus: 'acpi': add device device:16
[    1.000845] device: 'device:17': device_add
[    1.001071] bus: 'acpi': add device device:17
[    1.002403] device: 'device:18': device_add
[    1.002625] bus: 'acpi': add device device:18
[    1.004170] device: 'device:19': device_add
[    1.004391] bus: 'acpi': add device device:19
[    1.005709] device: 'device:1a': device_add
[    1.005893] bus: 'acpi': add device device:1a
[    1.007236] device: 'device:1b': device_add
[    1.007461] bus: 'acpi': add device device:1b
[    1.009068] device: 'device:1c': device_add
[    1.009288] bus: 'acpi': add device device:1c
[    1.010619] device: 'device:1d': device_add
[    1.010767] bus: 'acpi': add device device:1d
[    1.012108] device: 'device:1e': device_add
[    1.012332] bus: 'acpi': add device device:1e
[    1.013943] device: 'device:1f': device_add
[    1.014169] bus: 'acpi': add device device:1f
[    1.015495] device: 'device:20': device_add
[    1.015701] bus: 'acpi': add device device:20
[    1.017292] device: 'device:21': device_add
[    1.017516] bus: 'acpi': add device device:21
[    1.018916] device: 'device:22': device_add
[    1.019150] bus: 'acpi': add device device:22
[    1.020749] device: 'device:23': device_add
[    1.020975] bus: 'acpi': add device device:23
[    1.022660] device: 'device:24': device_add
[    1.022796] bus: 'acpi': add device device:24
[    1.024704] device: 'device:25': device_add
[    1.024883] bus: 'acpi': add device device:25
[    1.026312] device: 'device:26': device_add
[    1.026545] bus: 'acpi': add device device:26
[    1.028118] device: 'device:27': device_add
[    1.028346] bus: 'acpi': add device device:27
[    1.032761] device: 'device:28': device_add
[    1.032986] bus: 'acpi': add device device:28
[    1.037338] device: 'device:29': device_add
[    1.037563] bus: 'acpi': add device device:29
[    1.039061] device: 'device:2a': device_add
[    1.039288] bus: 'acpi': add device device:2a
[    1.043684] device: 'device:2b': device_add
[    1.043862] bus: 'acpi': add device device:2b
[    1.048223] device: 'device:2c': device_add
