[    0.000000] Initializing cgroup subsys cpuset
[    0.000000] Initializing cgroup subsys cpu
[    0.000000] Initializing cgroup subsys cpuacct
[    0.000000] Linux version 4.2.0-rc4-g6a5d167 (emacs@ded) (gcc version 5.2.0 (GCC) ) #114 SMP Sat Sep 19 09:31:44 CEST 2015
[    0.000000] Command line: BOOT_IMAGE=/vmlinuz-linux-git root=UUID=bfa4ab6e-19a3-4601-ba2b-267c55841c73 rw cryptdevice=/dev/disk/by-uuid/70c08890-417a-497d-b6ab-c0d0357a63e2:cryptManjaro:allow-discards ipv6.disable=1 pnp.debug=1 loglevel=9 log_buf_len=10M printk.always_kmsg_dump=y printk.time=y mminit_loglevel=0 memory_corruption_check=1 fbcon=scrollback:4096k fbcon=font:ProFont6x11 apic=debug earlyprintk=vga dynamic_debug.verbose=1 "dyndbg=file arch/x86/kernel/apic/* +pflmt ; file drivers/video/* +pflmt ; file drivers/input/* -pflmt ; file drivers/acpi/* -pflmt ; file net/netfilter/* +pflmt" i8042.debug acpi_backlight=vendor nohz=on rcu_nocbs=1-3 pcie_aspm=force radeon.audio=0 radeon.lockup_timeout=120000 radeon.test=0 radeon.agpmode=-1 radeon.benchmark=0 radeon.tv=0 radeon.hard_reset=1 radeon.aspm=1 radeon.msi=1 radeon.pcie_gen2=-1 radeon.no_wb=1 radeon.r4xx_atom=0 radeonfb radeon.fastfb=1 radeon.modeset=1 radeon.dpm=1 radeon.runpm=1 radeon.dynclks=0 slub_debug=U noefi CPUunderclocking
[    0.000000] KERNEL supported cpus:
[    0.000000]   AMD AuthenticAMD
[    0.000000] tseg: 00bfe00000
[    0.000000] x86/fpu: Legacy x87 FPU detected.
[    0.000000] x86/fpu: Using 'lazy' FPU context switches.
[    0.000000] e820: BIOS-provided physical RAM map:
[    0.000000] BIOS-e820: [mem 0x0000000000000000-0x000000000009d7ff] usable
[    0.000000] BIOS-e820: [mem 0x000000000009d800-0x000000000009ffff] reserved
[    0.000000] BIOS-e820: [mem 0x00000000000e0000-0x00000000000fffff] reserved
[    0.000000] BIOS-e820: [mem 0x0000000000100000-0x00000000bed9afff] usable
[    0.000000] BIOS-e820: [mem 0x00000000bed9b000-0x00000000bf39afff] reserved
[    0.000000] BIOS-e820: [mem 0x00000000bf39b000-0x00000000bf49afff] ACPI NVS
[    0.000000] BIOS-e820: [mem 0x00000000bf49b000-0x00000000bf51afff] ACPI data
[    0.000000] BIOS-e820: [mem 0x00000000bf51b000-0x00000000bfdfffff] usable
[    0.000000] BIOS-e820: [mem 0x00000000bfe00000-0x00000000bfffffff] reserved
[    0.000000] BIOS-e820: [mem 0x00000000fec00000-0x00000000fecfffff] reserved
[    0.000000] BIOS-e820: [mem 0x00000000fed80000-0x00000000fed80fff] reserved
[    0.000000] BIOS-e820: [mem 0x00000000ffe00000-0x00000000ffffffff] reserved
[    0.000000] BIOS-e820: [mem 0x0000000100000000-0x000000041effffff] usable
[    0.000000] bootconsole [earlyvga0] enabled
[    0.000000] NX (Execute Disable) protection: active
[    0.000000] SMBIOS 2.6 present.
[    0.000000] DMI: LENOVO Sabine/Torpedo, BIOS 54CN18WW 07/20/2011
[    0.000000] e820: update [mem 0x00000000-0x00000fff] usable ==> reserved
[    0.000000] e820: remove [mem 0x000a0000-0x000fffff] usable
[    0.000000] e820: last_pfn = 0x41f000 max_arch_pfn = 0x400000000
[    0.000000] MTRR default type: uncachable
[    0.000000] MTRR fixed ranges enabled:
[    0.000000]   00000-9FFFF write-back
[    0.000000]   A0000-BFFFF uncachable
[    0.000000]   C0000-FFFFF write-protect
[    0.000000] MTRR variable ranges enabled:
[    0.000000]   0 base 0000000000 mask FF80000000 write-back
[    0.000000]   1 base 0080000000 mask FFC0000000 write-back
[    0.000000]   2 base 00FFF90000 mask FFFFFF0000 uncachable
[    0.000000]   3 base 00FED80000 mask 0FFFFFF000 uncachable
[    0.000000]   4 disabled
[    0.000000]   5 disabled
[    0.000000]   6 disabled
[    0.000000]   7 base 00FFE00000 mask FFFFE00000 write-protect
[    0.000000] TOM2: 000000041f000000 aka 16880M
[    0.000000] x86/PAT: Configuration [0-7]: WB  WT  UC- UC  WB  WT  UC- UC  
[    0.000000] mtrr: your BIOS has configured an incorrect mask, fixing it.
[    0.000000] e820: last_pfn = 0xbfe00 max_arch_pfn = 0x400000000
[    0.000000] Scan for SMP in [mem 0x00000000-0x000003ff]
[    0.000000] Scan for SMP in [mem 0x0009fc00-0x0009ffff]
[    0.000000] Scan for SMP in [mem 0x000f0000-0x000fffff]
[    0.000000] found SMP MP-table at [mem 0x000fa8b0-0x000fa8bf] mapped at [ffff8800000fa8b0]
[    0.000000]   mpc: fa8c0-faa24
[    0.000000] Base memory trampoline at [ffff880000097000] 97000 size 24576
[    0.000000] Using GB pages for direct mapping
[    0.000000] init_memory_mapping: [mem 0x00000000-0x000fffff]
[    0.000000]  [mem 0x00000000-0x000fffff] page 4k
[    0.000000] BRK [0x2ce4b000, 0x2ce4bfff] PGTABLE
[    0.000000] BRK [0x2ce4c000, 0x2ce4cfff] PGTABLE
[    0.000000] BRK [0x2ce4d000, 0x2ce4dfff] PGTABLE
[    0.000000] init_memory_mapping: [mem 0x41ee00000-0x41effffff]
[    0.000000]  [mem 0x41ee00000-0x41effffff] page 2M
[    0.000000] BRK [0x2ce4e000, 0x2ce4efff] PGTABLE
[    0.000000] init_memory_mapping: [mem 0x400000000-0x41edfffff]
[    0.000000]  [mem 0x400000000-0x41edfffff] page 2M
[    0.000000] init_memory_mapping: [mem 0x3e0000000-0x3ffffffff]
[    0.000000]  [mem 0x3e0000000-0x3ffffffff] page 1G
[    0.000000] init_memory_mapping: [mem 0x00100000-0xbed9afff]
[    0.000000]  [mem 0x00100000-0x001fffff] page 4k
[    0.000000]  [mem 0x00200000-0x3fffffff] page 2M
[    0.000000]  [mem 0x40000000-0x7fffffff] page 1G
[    0.000000]  [mem 0x80000000-0xbebfffff] page 2M
[    0.000000]  [mem 0xbec00000-0xbed9afff] page 4k
[    0.000000] init_memory_mapping: [mem 0xbf51b000-0xbfdfffff]
[    0.000000]  [mem 0xbf51b000-0xbf5fffff] page 4k
[    0.000000]  [mem 0xbf600000-0xbfdfffff] page 2M
[    0.000000] BRK [0x2ce4f000, 0x2ce4ffff] PGTABLE
[    0.000000] init_memory_mapping: [mem 0x100000000-0x3dfffffff]
[    0.000000]  [mem 0x100000000-0x3dfffffff] page 1G
[    0.000000] log_buf_len: 16777216 bytes
[    0.000000] early log buf free: 2091376(99%)
[    0.000000] RAMDISK: [mem 0x366e0000-0x37367fff]
[    0.000000] ACPI: Early table checksum verification disabled
[    0.000000] ACPI: RSDP 0x00000000000F0110 000024 (v02 LENOVO)
[    0.000000] ACPI: XSDT 0x00000000BF51A120 000074 (v01 LENOVO CB-01    00000001 LENO 00000001)
[    0.000000] ACPI: FACP 0x00000000BF508000 0000F4 (v04 LENOVO CB-01    00000001 PTL  00000001)
[    0.000000] ACPI: DSDT 0x00000000BF50A000 00FD10 (v01 LENOVO CB-01    00001000 LENO 00000001)
[    0.000000] ACPI: FACS 0x00000000BF478000 000040
[    0.000000] ACPI: FACS 0x00000000BF478000 000040
[    0.000000] ACPI: HPET 0x00000000BF507000 000038 (v01 LENOVO CB-01    00000001 PTL  00000001)
[    0.000000] ACPI: APIC 0x00000000BF506000 00007A (v02 LENOVO CB-01    00000001 PTL  00000001)
[    0.000000] ACPI: MCFG 0x00000000BF505000 00003C (v01 LENOVO CB-01    00000001 PTL  00000001)
[    0.000000] ACPI: SLIC 0x00000000BF504000 000176 (v01 LENOVO CB-01    00000001 LENO 00000001)
[    0.000000] ACPI: UEFI 0x00000000BF503000 00003E (v01 LENOVO CB-01    00000001 PTL  00000001)
[    0.000000] ACPI: UEFI 0x00000000BF502000 000042 (v01 PTL    COMBUF   00000001 PTL  00000001)
[    0.000000] ACPI: SSDT 0x00000000BF501000 000E34 (v01 AMD    POWERNOW 00000001 AMD  00000001)
[    0.000000] ACPI: SSDT 0x00000000BF4FF000 00193D (v02 AMD    ALIB     00000001 MSFT 04000000)
[    0.000000] ACPI: UEFI 0x00000000BF4FE000 00021A (v01 LENOVO CB-01    00000001 PTL  00000001)
[    0.000000] ACPI: Local APIC address 0xfee00000
[    0.000000] mapped APIC to ffffffffff7fc000 (        fee00000)
[    0.000000] No NUMA configuration found
[    0.000000] Faking a node at [mem 0x0000000000000000-0x000000041effffff]
[    0.000000] NODE_DATA(0) allocated [mem 0x41dff9000-0x41dffcfff]
[    0.000000]  [ffffea0000000000-ffffea00107fffff] PMD -> [ffff88040de00000-ffff88041d5fffff] on node 0
[    0.000000] Zone ranges:
[    0.000000]   DMA      [mem 0x0000000000001000-0x0000000000ffffff]
[    0.000000]   DMA32    [mem 0x0000000001000000-0x00000000ffffffff]
[    0.000000]   Normal   [mem 0x0000000100000000-0x000000041effffff]
[    0.000000] Movable zone start for each node
[    0.000000] Early memory node ranges
[    0.000000]   node   0: [mem 0x0000000000001000-0x000000000009cfff]
[    0.000000]   node   0: [mem 0x0000000000100000-0x00000000bed9afff]
[    0.000000]   node   0: [mem 0x00000000bf51b000-0x00000000bfdfffff]
[    0.000000]   node   0: [mem 0x0000000100000000-0x000000041effffff]
[    0.000000] Initmem setup node 0 [mem 0x0000000000001000-0x000000041effffff]
[    0.000000] On node 0 totalpages: 4056604
[    0.000000]   DMA zone: 64 pages used for memmap
[    0.000000]   DMA zone: 21 pages reserved
[    0.000000]   DMA zone: 3996 pages, LIFO batch:0
[    0.000000]   DMA32 zone: 12186 pages used for memmap
[    0.000000]   DMA32 zone: 779904 pages, LIFO batch:31
[    0.000000]   Normal zone: 51136 pages used for memmap
[    0.000000]   Normal zone: 3272704 pages, LIFO batch:31
[    0.000000] ACPI: PM-Timer IO Port: 0x808
[    0.000000] ACPI: Local APIC address 0xfee00000
[    0.000000] mapped APIC to ffffffffff7fc000 (        fee00000)
[    0.000000] ACPI: LAPIC (acpi_id[0x00] lapic_id[0x00] enabled)
[    0.000000] ACPI: LAPIC (acpi_id[0x01] lapic_id[0x01] enabled)
[    0.000000] ACPI: LAPIC (acpi_id[0x02] lapic_id[0x02] enabled)
[    0.000000] ACPI: LAPIC (acpi_id[0x03] lapic_id[0x03] enabled)
[    0.000000] ACPI: LAPIC_NMI (acpi_id[0x00] high edge lint[0x1])
[    0.000000] ACPI: LAPIC_NMI (acpi_id[0x01] high edge lint[0x1])
[    0.000000] ACPI: LAPIC_NMI (acpi_id[0x02] high edge lint[0x1])
[    0.000000] ACPI: LAPIC_NMI (acpi_id[0x03] high edge lint[0x1])
[    0.000000] ACPI: IOAPIC (id[0x02] address[0xfec00000] gsi_base[0])
[    0.000000] IOAPIC[0]: apic_id 2, version 33, address 0xfec00000, GSI 0-23
[    0.000000] ACPI: INT_SRC_OVR (bus 0 bus_irq 0 global_irq 2 dfl dfl)
[    0.000000] Int: type 0, pol 0, trig 0, bus 00, IRQ 00, APIC ID 2, APIC INT 02
[    0.000000] Int: type 0, pol 3, trig 3, bus 00, IRQ 09, APIC ID 2, APIC INT 09
[    0.000000] ACPI: IRQ0 used by override.
[    0.000000] Int: type 0, pol 0, trig 0, bus 00, IRQ 01, APIC ID 2, APIC INT 01
[    0.000000] Int: type 0, pol 0, trig 0, bus 00, IRQ 03, APIC ID 2, APIC INT 03
[    0.000000] Int: type 0, pol 0, trig 0, bus 00, IRQ 04, APIC ID 2, APIC INT 04
[    0.000000] Int: type 0, pol 0, trig 0, bus 00, IRQ 05, APIC ID 2, APIC INT 05
[    0.000000] Int: type 0, pol 0, trig 0, bus 00, IRQ 06, APIC ID 2, APIC INT 06
[    0.000000] Int: type 0, pol 0, trig 0, bus 00, IRQ 07, APIC ID 2, APIC INT 07
[    0.000000] Int: type 0, pol 0, trig 0, bus 00, IRQ 08, APIC ID 2, APIC INT 08
[    0.000000] ACPI: IRQ9 used by override.
[    0.000000] Int: type 0, pol 0, trig 0, bus 00, IRQ 0a, APIC ID 2, APIC INT 0a
[    0.000000] Int: type 0, pol 0, trig 0, bus 00, IRQ 0b, APIC ID 2, APIC INT 0b
[    0.000000] Int: type 0, pol 0, trig 0, bus 00, IRQ 0c, APIC ID 2, APIC INT 0c
[    0.000000] Int: type 0, pol 0, trig 0, bus 00, IRQ 0d, APIC ID 2, APIC INT 0d
[    0.000000] Int: type 0, pol 0, trig 0, bus 00, IRQ 0e, APIC ID 2, APIC INT 0e
[    0.000000] Int: type 0, pol 0, trig 0, bus 00, IRQ 0f, APIC ID 2, APIC INT 0f
[    0.000000] Using ACPI (MADT) for SMP configuration information
[    0.000000] ACPI: HPET id: 0x43538210 base: 0xfed00000
[    0.000000] smpboot: Allowing 4 CPUs, 0 hotplug CPUs
[    0.000000] mapped IOAPIC to ffffffffff7fb000 (fec00000)
[    0.000000] e820: [mem 0xc0000000-0xfebfffff] available for PCI devices
[    0.000000] clocksource: refined-jiffies: mask: 0xffffffff max_cycles: 0xffffffff, max_idle_ns: 6370452778343963 ns
[    0.000000] setup_percpu: NR_CPUS:64 nr_cpumask_bits:64 nr_cpu_ids:4 nr_node_ids:1
[    0.000000] PERCPU: Embedded 31 pages/cpu @ffff88041dc00000 s88664 r8192 d30120 u524288
[    0.000000] pcpu-alloc: s88664 r8192 d30120 u524288 alloc=1*2097152
[    0.000000] pcpu-alloc: [0] 0 1 2 3 
[    0.000000] Built 1 zonelists in Node order, mobility grouping on.  Total pages: 3993197
[    0.000000] Policy zone: Normal
[    0.000000] Kernel command line: BOOT_IMAGE=/vmlinuz-linux-git root=UUID=bfa4ab6e-19a3-4601-ba2b-267c55841c73 rw cryptdevice=/dev/disk/by-uuid/70c08890-417a-497d-b6ab-c0d0357a63e2:cryptManjaro:allow-discards ipv6.disable=1 pnp.debug=1 loglevel=9 log_buf_len=10M printk.always_kmsg_dump=y printk.time=y mminit_loglevel=0 memory_corruption_check=1 fbcon=scrollback:4096k fbcon=font:ProFont6x11 apic=debug earlyprintk=vga dynamic_debug.verbose=1 "dyndbg=file arch/x86/kernel/apic/* +pflmt ; file drivers/video/* +pflmt ; file drivers/input/* -pflmt ; file drivers/acpi/* -pflmt ; file net/netfilter/* +pflmt" i8042.debug acpi_backlight=vendor nohz=on rcu_nocbs=1-3 pcie_aspm=force radeon.audio=0 radeon.lockup_timeout=120000 radeon.test=0 radeon.agpmode=-1 radeon.benchmark=0 radeon.tv=0 radeon.hard_reset=1 radeon.aspm=1 radeon.msi=1 radeon.pcie_gen2=-1 radeon.no_wb=1 radeon.r4xx_atom=0 radeonfb radeon.fastfb=1 radeon.modeset=1 radeon.dpm=1 radeon.runpm=1 radeon.dynclks=0 slub_debug=U noefi CPUunderc
[    0.000000] PCIe ASPM is forcibly enabled
[    0.000000] PID hash table entries: 4096 (order: 3, 32768 bytes)
[    0.000000] Memory: 15859728K/16226416K available (6797K kernel code, 890K rwdata, 2920K rodata, 880K init, 2592K bss, 366688K reserved, 0K cma-reserved)
[    0.000000] SLUB: HWalign=64, Order=0-3, MinObjects=0, CPUs=4, Nodes=1
[    0.000000] Hierarchical RCU implementation.
[    0.000000] 	Additional per-CPU info printed with stalls.
[    0.000000] 	Build-time adjustment of leaf fanout to 64.
[    0.000000] 	RCU restricting CPUs from NR_CPUS=64 to nr_cpu_ids=4.
[    0.000000] RCU: Adjusting geometry for rcu_fanout_leaf=64, nr_cpu_ids=4
[    0.000000] NR_IRQS:4352 nr_irqs:456 16
[    0.000000] 	Offload RCU callbacks from all CPUs
[    0.000000] 	Offload RCU callbacks from CPUs: 0-3.
[    0.000000] spurious 8259A interrupt: IRQ7.
[    0.000000] vgacon: allocated 4194304 bytes of memory for scrollback. CONFIG_VGACON_SOFT_SCROLLBACK_SIZE=4096
[    0.000000] Console: colour VGA+ 80x25
[    0.000000] console [tty0] enabled
[    0.000000] bootconsole [earlyvga0] disabled
[    0.000000] clocksource: hpet: mask: 0xffffffff max_cycles: 0xffffffff, max_idle_ns: 133484873504 ns
[    0.000000] hpet clockevent registered
[    0.000000] tsc: Fast TSC calibration using PIT
[    0.000000] tsc: Detected 1397.425 MHz processor
[    0.000055] Calibrating delay loop (skipped), value calculated using timer frequency.. 2795.30 BogoMIPS (lpj=4658083)
[    0.000150] pid_max: default: 32768 minimum: 301
[    0.000253] ACPI: Core revision 20150619
[    0.000346] ACPI: acpi_os_initialize: map reset_reg status 0
[    0.652171] ACPI: All ACPI Tables successfully acquired
[    0.652507] Security Framework initialized
[    0.654188] Dentry cache hash table entries: 2097152 (order: 12, 16777216 bytes)
[    0.660843] Inode-cache hash table entries: 1048576 (order: 11, 8388608 bytes)
[    0.664063] Mount-cache hash table entries: 32768 (order: 6, 262144 bytes)
[    0.664294] Mountpoint-cache hash table entries: 32768 (order: 6, 262144 bytes)
[    0.666419] Initializing cgroup subsys blkio
[    0.666589] Initializing cgroup subsys memory
[    0.666780] Initializing cgroup subsys devices
[    0.666877] Initializing cgroup subsys freezer
[    0.667003] Initializing cgroup subsys net_cls
[    0.667252] CPU: Physical Processor ID: 0
[    0.667426] CPU: Processor Core ID: 0
[    0.667538] mce: CPU supports 6 MCE banks
[    0.667681] Last level iTLB entries: 4KB 512, 2MB 16, 4MB 8
[    0.667793] Last level dTLB entries: 4KB 1024, 2MB 128, 4MB 64, 1GB 0
[    0.668091] Freeing SMP alternatives memory: 24K (ffffffffacbbc000 - ffffffffacbc2000)
[    0.670124] enabled ExtINT on CPU#0
[    0.670473] ENABLING IO-APIC IRQs
[    0.670610] init IO_APIC IRQs
[    0.670726]  apic 2 pin 0 not connected
[    0.670844] IOAPIC[0]: Set routing entry (2-1 -> 0x31 -> IRQ 1 Mode:0 Active:0 Dest:1)
[    0.671110] IOAPIC[0]: Set routing entry (2-2 -> 0x30 -> IRQ 0 Mode:0 Active:0 Dest:1)
[    0.671313] IOAPIC[0]: Set routing entry (2-3 -> 0x33 -> IRQ 3 Mode:0 Active:0 Dest:1)
[    0.671516] IOAPIC[0]: Set routing entry (2-4 -> 0x34 -> IRQ 4 Mode:0 Active:0 Dest:1)
[    0.671725] IOAPIC[0]: Set routing entry (2-5 -> 0x35 -> IRQ 5 Mode:0 Active:0 Dest:1)
[    0.671894] IOAPIC[0]: Set routing entry (2-6 -> 0x36 -> IRQ 6 Mode:0 Active:0 Dest:1)
[    0.672085] IOAPIC[0]: Set routing entry (2-7 -> 0x37 -> IRQ 7 Mode:0 Active:0 Dest:1)
[    0.672275] IOAPIC[0]: Set routing entry (2-8 -> 0x38 -> IRQ 8 Mode:0 Active:0 Dest:1)
[    0.672465] IOAPIC[0]: Set routing entry (2-9 -> 0x39 -> IRQ 9 Mode:1 Active:1 Dest:1)
[    0.672656] IOAPIC[0]: Set routing entry (2-10 -> 0x3a -> IRQ 10 Mode:0 Active:0 Dest:1)
[    0.672810] IOAPIC[0]: Set routing entry (2-11 -> 0x3b -> IRQ 11 Mode:0 Active:0 Dest:1)
[    0.673001] IOAPIC[0]: Set routing entry (2-12 -> 0x3c -> IRQ 12 Mode:0 Active:0 Dest:1)
[    0.673191] IOAPIC[0]: Set routing entry (2-13 -> 0x3d -> IRQ 13 Mode:0 Active:0 Dest:1)
[    0.673382] IOAPIC[0]: Set routing entry (2-14 -> 0x3e -> IRQ 14 Mode:0 Active:0 Dest:1)
[    0.673572] IOAPIC[0]: Set routing entry (2-15 -> 0x3f -> IRQ 15 Mode:0 Active:0 Dest:1)
[    0.673726]  apic 2 pin 16 not connected
[    0.673799]  apic 2 pin 17 not connected
[    0.673919]  apic 2 pin 18 not connected
[    0.674039]  apic 2 pin 19 not connected
[    0.674159]  apic 2 pin 20 not connected
[    0.674279]  apic 2 pin 21 not connected
[    0.674399]  apic 2 pin 22 not connected
[    0.674520]  apic 2 pin 23 not connected
[    0.674773] ..TIMER: vector=0x30 apic1=0 pin1=2 apic2=-1 pin2=-1
[    0.707913] Using local APIC timer interrupts.
               calibrating APIC timer ...
[    0.811934] ... lapic delta = 1247738
[    0.812061] ... PM-Timer delta = 357957
[    0.812188] ... PM-Timer result ok
[    0.812316] ..... delta 1247738
[    0.812443] ..... mult: 53589944
[    0.812570] ..... calibration result: 665460
[    0.812698] ..... CPU clock speed is 1397.2017 MHz.
[    0.812809] ..... host bus clock speed is 199.2193 MHz.
[    0.812946] smpboot: CPU0: AMD A6-3400M APU with Radeon(tm) HD Graphics (fam: 12, model: 01, stepping: 00)
[    0.813358] Performance Events: AMD PMU driver.
[    0.813571] ... version:                0
[    0.813698] ... bit width:              48
[    0.813809] ... generic registers:      4
[    0.813936] ... value mask:             0000ffffffffffff
[    0.814064] ... max period:             00007fffffffffff
[    0.814193] ... fixed-purpose events:   0
[    0.814321] ... event mask:             000000000000000f
[    0.815964] dynamic_debug:ddebug_add_module: 2 debug prints in module main
[    0.816155] dynamic_debug:ddebug_add_module: 1 debug prints in module initramfs
[    0.816352] dynamic_debug:ddebug_add_module: 1 debug prints in module common
[    0.816498] dynamic_debug:ddebug_add_module: 2 debug prints in module main
[    0.816644] dynamic_debug:ddebug_add_module: 7 debug prints in module generic
[    0.816789] dynamic_debug:ddebug_add_module: 8 debug prints in module microcode
[    0.816977] dynamic_debug:ddebug_add_module: 1 debug prints in module boot
[    0.817126] dynamic_debug:ddebug_add_module: 22 debug prints in module smpboot
[    0.817314] dynamic_debug:ddebug_add_module: 1 debug prints in module tsc_sync
[    0.817502] dynamic_debug:ddebug_add_module: 2 debug prints in module setup_percpu
[    0.817695] dynamic_debug:ddebug_add_module: 30 debug prints in module vector
[    0.817818] dynamic_debug:ddebug_add_module: 4 debug prints in module init_64
[    0.817953] dynamic_debug:ddebug_add_module: 1 debug prints in module numa
[    0.818090] dynamic_debug:ddebug_add_module: 4 debug prints in module params
[    0.818227] dynamic_debug:ddebug_add_module: 4 debug prints in module async
[    0.818362] dynamic_debug:ddebug_add_module: 1 debug prints in module manage
[    0.818507] dynamic_debug:ddebug_add_module: 14 debug prints in module irqdomain
[    0.818686] dynamic_debug:ddebug_add_module: 2 debug prints in module msi
[    0.818809] dynamic_debug:ddebug_add_module: 2 debug prints in module freezer
[    0.818949] dynamic_debug:ddebug_add_module: 18 debug prints in module module
[    0.819087] dynamic_debug:ddebug_add_module: 6 debug prints in module mempolicy
[    0.819263] dynamic_debug:ddebug_add_module: 1 debug prints in module vmpressure
[    0.819438] dynamic_debug:ddebug_add_module: 1 debug prints in module fsnotify
[    0.819618] dynamic_debug:ddebug_add_module: 2 debug prints in module notification
[    0.819788] dynamic_debug:ddebug_add_module: 1 debug prints in module inotify_fsnotify
[    0.819964] dynamic_debug:ddebug_add_module: 5 debug prints in module inotify_user
[    0.820141] dynamic_debug:ddebug_add_module: 6 debug prints in module fanotify
[    0.820319] dynamic_debug:ddebug_add_module: 13 debug prints in module fanotify_user
[    0.820496] dynamic_debug:ddebug_add_module: 20 debug prints in module aio
[    0.820635] dynamic_debug:ddebug_add_module: 13 debug prints in module binfmt_misc
[    0.820793] dynamic_debug:ddebug_add_module: 2 debug prints in module mount
[    0.820883] dynamic_debug:ddebug_add_module: 1 debug prints in module dir
[    0.821021] dynamic_debug:ddebug_add_module: 8 debug prints in module configfs
[    0.821197] dynamic_debug:ddebug_add_module: 1 debug prints in module debugfs
[    0.821333] dynamic_debug:ddebug_add_module: 1 debug prints in module tracefs
[    0.821470] dynamic_debug:ddebug_add_module: 2 debug prints in module ramoops
[    0.821606] dynamic_debug:ddebug_add_module: 1 debug prints in module inode
[    0.821741] dynamic_debug:ddebug_add_module: 2 debug prints in module asymmetric_keys
[    0.821875] dynamic_debug:ddebug_add_module: 1 debug prints in module public_key
[    0.822057] dynamic_debug:ddebug_add_module: 11 debug prints in module x509_key_parser
[    0.822237] dynamic_debug:ddebug_add_module: 13 debug prints in module efi
[    0.822374] dynamic_debug:ddebug_add_module: 1 debug prints in module decompress
[    0.822552] dynamic_debug:ddebug_add_module: 10 debug prints in module kobject
[    0.822729] dynamic_debug:ddebug_add_module: 6 debug prints in module kobject_uevent
[    0.822863] dynamic_debug:ddebug_add_module: 1 debug prints in module list_sort
[    0.823041] dynamic_debug:ddebug_add_module: 1 debug prints in module percpu_refcount
[    0.823219] dynamic_debug:ddebug_add_module: 11 debug prints in module asn1_decoder
[    0.823395] dynamic_debug:ddebug_add_module: 5 debug prints in module probe
[    0.823532] dynamic_debug:ddebug_add_module: 4 debug prints in module pci
[    0.823669] dynamic_debug:ddebug_add_module: 3 debug prints in module slot
[    0.823793] dynamic_debug:ddebug_add_module: 3 debug prints in module quirks
[    0.823883] dynamic_debug:ddebug_add_module: 2 debug prints in module pme
[    0.824019] dynamic_debug:ddebug_add_module: 1 debug prints in module pci_hotplug
[    0.824196] dynamic_debug:ddebug_add_module: 12 debug prints in module acpiphp
[    0.824371] dynamic_debug:ddebug_add_module: 1 debug prints in module htirq
[    0.824507] dynamic_debug:ddebug_add_module: 1 debug prints in module pci_acpi
[    0.824682] dynamic_debug:ddebug_add_module: 3 debug prints in module backlight
[    0.824817] dynamic_debug:ddebug_add_module: 4 debug prints in module fb
[    0.824964] dynamic_debug:ddebug_add_module: 44 debug prints in module radeonfb
[    0.825140] dynamic_debug:ddebug_add_module: 7 debug prints in module tables
[    0.825286] dynamic_debug:ddebug_add_module: 40 debug prints in module acpi
[    0.825427] dynamic_debug:ddebug_add_module: 3 debug prints in module fan
[    0.825563] dynamic_debug:ddebug_add_module: 1 debug prints in module video
[    0.825700] dynamic_debug:ddebug_add_module: 4 debug prints in module pci_slot
[    0.825835] dynamic_debug:ddebug_add_module: 2 debug prints in module processor
[    0.826012] dynamic_debug:ddebug_add_module: 4 debug prints in module pnp
[    0.826147] dynamic_debug:ddebug_add_module: 2 debug prints in module acpi_dma
[    0.826328] dynamic_debug:ddebug_add_module: 8 debug prints in module core
[    0.828379] dynamic_debug:ddebug_add_module: 1 debug prints in module fixed
[    0.828515] dynamic_debug:ddebug_add_module: 6 debug prints in module virtual
[    0.828649] dynamic_debug:ddebug_add_module: 3 debug prints in module lp3971
[    0.828784] dynamic_debug:ddebug_add_module: 3 debug prints in module lp3972
[    0.828878] dynamic_debug:ddebug_add_module: 1 debug prints in module tty_io
[    0.829019] dynamic_debug:ddebug_add_module: 1 debug prints in module vt_ioctl
[    0.829191] dynamic_debug:ddebug_add_module: 1 debug prints in module tpm
[    0.829329] dynamic_debug:ddebug_add_module: 10 debug prints in module tpm_tis
[    0.829503] dynamic_debug:ddebug_add_module: 2 debug prints in module dmar
[    0.829641] dynamic_debug:ddebug_add_module: 3 debug prints in module drm
[    0.829775] dynamic_debug:ddebug_add_module: 3 debug prints in module ttm
[    0.829863] dynamic_debug:ddebug_add_module: 2 debug prints in module radeon
[    0.830001] dynamic_debug:ddebug_add_module: 17 debug prints in module vgaarb
[    0.830136] dynamic_debug:ddebug_add_module: 2 debug prints in module component
[    0.830309] dynamic_debug:ddebug_add_module: 8 debug prints in module core
[    0.830450] dynamic_debug:ddebug_add_module: 9 debug prints in module bus
[    0.830587] dynamic_debug:ddebug_add_module: 12 debug prints in module dd
[    0.830723] dynamic_debug:ddebug_add_module: 5 debug prints in module class
[    0.830846] dynamic_debug:ddebug_add_module: 1 debug prints in module platform
[    0.831020] dynamic_debug:ddebug_add_module: 6 debug prints in module firmware_class
[    0.831193] dynamic_debug:ddebug_add_module: 1 debug prints in module regmap
[    0.831329] dynamic_debug:ddebug_add_module: 7 debug prints in module regcache
[    0.831501] dynamic_debug:ddebug_add_module: 1 debug prints in module regcache_lzo
[    0.831673] dynamic_debug:ddebug_add_module: 1 debug prints in module dma_buf
[    0.831796] dynamic_debug:ddebug_add_module: 3 debug prints in module scsi_mod
[    0.831969] dynamic_debug:ddebug_add_module: 2 debug prints in module libphy
[    0.832103] dynamic_debug:ddebug_add_module: 1 debug prints in module r8169
[    0.832256] dynamic_debug:ddebug_add_module: 98 debug prints in module cdrom
[    0.832424] dynamic_debug:ddebug_add_module: 145 debug prints in module usbcore
[    0.832646] dynamic_debug:ddebug_add_module: 5 debug prints in module phy
[    0.832784] dynamic_debug:ddebug_add_module: 10 debug prints in module pci_quirks
[    0.832963] dynamic_debug:ddebug_add_module: 3 debug prints in module xhci_pci
[    0.833153] dynamic_debug:ddebug_add_module: 58 debug prints in module ehci_hcd
[    0.833328] dynamic_debug:ddebug_add_module: 2 debug prints in module ehci_pci
[    0.833513] dynamic_debug:ddebug_add_module: 46 debug prints in module ohci_hcd
[    0.833751] dynamic_debug:ddebug_add_module: 249 debug prints in module xhci_hcd
[    0.833943] dynamic_debug:ddebug_add_module: 10 debug prints in module usb_storage
[    0.834123] dynamic_debug:ddebug_add_module: 1 debug prints in module ums_realtek
[    0.834300] dynamic_debug:ddebug_add_module: 6 debug prints in module input_core
[    0.834476] dynamic_debug:ddebug_add_module: 4 debug prints in module atkbd
[    0.834616] dynamic_debug:ddebug_add_module: 12 debug prints in module psmouse
[    0.834792] dynamic_debug:ddebug_add_module: 7 debug prints in module rtc_core
[    0.834968] dynamic_debug:ddebug_add_module: 5 debug prints in module rtc_cmos
[    0.835143] dynamic_debug:ddebug_add_module: 1 debug prints in module i2c_boardinfo
[    0.835324] dynamic_debug:ddebug_add_module: 20 debug prints in module i2c_core
[    0.835499] dynamic_debug:ddebug_add_module: 2 debug prints in module i2c_smbus
[    0.835678] dynamic_debug:ddebug_add_module: 17 debug prints in module i2c_algo_bit
[    0.835814] dynamic_debug:ddebug_add_module: 11 debug prints in module power_supply
[    0.835989] dynamic_debug:ddebug_add_module: 1 debug prints in module hwmon
[    0.836127] dynamic_debug:ddebug_add_module: 8 debug prints in module thermal_sys
[    0.836313] dynamic_debug:ddebug_add_module: 38 debug prints in module cpufreq
[    0.836489] dynamic_debug:ddebug_add_module: 6 debug prints in module freq_table
[    0.836670] dynamic_debug:ddebug_add_module: 2 debug prints in module cpufreq_stats
[    0.836805] dynamic_debug:ddebug_add_module: 1 debug prints in module cpufreq_performance
[    0.836986] dynamic_debug:ddebug_add_module: 22 debug prints in module acpi_cpufreq
[    0.837161] dynamic_debug:ddebug_add_module: 1 debug prints in module led_core
[    0.837337] dynamic_debug:ddebug_add_module: 3 debug prints in module dmi_scan
[    0.837511] dynamic_debug:ddebug_add_module: 1 debug prints in module hid
[    0.837647] dynamic_debug:ddebug_add_module: 8 debug prints in module usbhid
[    0.837787] dynamic_debug:ddebug_add_module: 2 debug prints in module i386
[    0.837883] dynamic_debug:ddebug_add_module: 2 debug prints in module fixup
[    0.838020] dynamic_debug:ddebug_add_module: 1 debug prints in module acpi
[    0.838159] dynamic_debug:ddebug_add_module: 7 debug prints in module irq
[    0.838295] dynamic_debug:ddebug_add_module: 1 debug prints in module sock
[    0.838435] dynamic_debug:ddebug_add_module: 14 debug prints in module dev
[    0.838572] dynamic_debug:ddebug_add_module: 2 debug prints in module sch_api
[    0.838709] dynamic_debug:ddebug_add_module: 2 debug prints in module act_api
[    0.838832] dynamic_debug:ddebug_add_module: 1 debug prints in module route
[    0.838968] dynamic_debug:ddebug_add_module: 1 debug prints in module ip_fragment
[    0.839143] dynamic_debug:ddebug_add_module: 1 debug prints in module ip_output
[    0.839317] dynamic_debug:ddebug_add_module: 1 debug prints in module tcp
[    0.839454] dynamic_debug:ddebug_add_module: 6 debug prints in module tcp_input
[    0.839632] dynamic_debug:ddebug_add_module: 3 debug prints in module tcp_output
[    0.839794] dynamic_debug:ddebug_add_module: 3 debug prints in module tcp_timer
[    0.839969] dynamic_debug:ddebug_add_module: 1 debug prints in module tcp_ipv4
[    0.840144] dynamic_debug:ddebug_add_module: 1 debug prints in module tcp_cong
[    0.840321] dynamic_debug:ddebug_add_module: 8 debug prints in module udp
[    0.840456] dynamic_debug:ddebug_add_module: 1 debug prints in module arp
[    0.840591] dynamic_debug:ddebug_add_module: 2 debug prints in module icmp
[    0.840727] dynamic_debug:ddebug_add_module: 1 debug prints in module devinet
[    0.840850] dynamic_debug:ddebug_add_module: 8 debug prints in module fib_trie
[    0.841030] dynamic_debug:ddebug_add_module: 1 debug prints in module inet_fragment
[    0.841211] dynamic_debug:ddebug_add_module: 27 debug prints in module ping
[    0.841347] dynamic_debug:ddebug_add_module: 1 debug prints in module sysctl_net_ipv4
[    0.841522] dynamic_debug:ddebug_add_module: 2 debug prints in module ip6_checksum
[    0.841685] dynamic_debug:dynamic_debug_init: 152 modules, 1437 entries and 6080 bytes in ddebug tables, 114345 bytes in (readonly) verbose section
[    0.841817] dynamic_debug:ddebug_dyndbg_boot_param_cb: BOOT_IMAGE="/vmlinuz-linux-git"
[    0.841980] dynamic_debug:ddebug_dyndbg_boot_param_cb: root="UUID=bfa4ab6e-19a3-4601-ba2b-267c55841c73"
[    0.842143] dynamic_debug:ddebug_dyndbg_boot_param_cb: rw="(null)"
[    0.842265] dynamic_debug:ddebug_dyndbg_boot_param_cb: cryptdevice="/dev/disk/by-uuid/70c08890-417a-497d-b6ab-c0d0357a63e2:cryptManjaro:allow-discards"
[    0.842432] dynamic_debug:ddebug_dyndbg_boot_param_cb: ipv6.disable="1"
[    0.842554] dynamic_debug:ddebug_dyndbg_boot_param_cb: pnp.debug="1"
[    0.842675] dynamic_debug:ddebug_dyndbg_boot_param_cb: loglevel="9"
[    0.842785] dynamic_debug:ddebug_dyndbg_boot_param_cb: log_buf_len="10M"
[    0.842860] dynamic_debug:ddebug_dyndbg_boot_param_cb: printk.always_kmsg_dump="y"
[    0.843025] dynamic_debug:ddebug_dyndbg_boot_param_cb: printk.time="y"
[    0.843147] dynamic_debug:ddebug_dyndbg_boot_param_cb: mminit_loglevel="0"
[    0.843269] dynamic_debug:ddebug_dyndbg_boot_param_cb: memory_corruption_check="1"
[    0.843430] dynamic_debug:ddebug_dyndbg_boot_param_cb: fbcon="scrollback:4096k"
[    0.843592] dynamic_debug:ddebug_dyndbg_boot_param_cb: fbcon="font:ProFont6x11"
[    0.843753] dynamic_debug:ddebug_dyndbg_boot_param_cb: apic="debug"
[    0.843828] dynamic_debug:ddebug_dyndbg_boot_param_cb: earlyprintk="vga"
[    0.843951] dynamic_debug:ddebug_dyndbg_boot_param_cb: dynamic_debug.verbose="1"
[    0.844115] dynamic_debug:ddebug_dyndbg_boot_param_cb: dyndbg="file arch/x86/kernel/apic/* +pflmt ; file drivers/video/* +pflmt ; file drivers/input/* -pflmt ; file drivers/acpi/* -pflmt ; file net/netfilter/* +pflmt"
[    0.844326] dynamic_debug:ddebug_exec_queries: query 0: "file arch/x86/kernel/apic/* +pflmt "
[    0.844488] dynamic_debug:ddebug_tokenize: split into words: "file" "arch/x86/kernel/apic/*" "+pflmt"
[    0.844774] dynamic_debug:ddebug_parse_flags: op='+'
[    0.844848] dynamic_debug:ddebug_parse_flags: flags=0x1f
[    0.844958] dynamic_debug:ddebug_parse_flags: *flagsp=0x1f *maskp=0xffffffff
[    0.845081] dynamic_debug:vpr_info_dq: parsed: func="" file="arch/x86/kernel/apic/*" module="" format="" lineno=0-0
[    0.845257] dynamic_debug:ddebug_change: changed arch/x86/kernel/apic/vector.c:786 [vector]print_PIC =pmflt
[    0.845418] dynamic_debug:ddebug_change: changed arch/x86/kernel/apic/vector.c:783 [vector]print_PIC =pmflt
[    0.845580] dynamic_debug:ddebug_change: changed arch/x86/kernel/apic/vector.c:773 [vector]print_PIC =pmflt
[    0.845740] dynamic_debug:ddebug_change: changed arch/x86/kernel/apic/vector.c:770 [vector]print_PIC =pmflt
[    0.845862] dynamic_debug:ddebug_change: changed arch/x86/kernel/apic/vector.c:765 [vector]print_PIC =pmflt
[    0.846022] dynamic_debug:ddebug_change: changed arch/x86/kernel/apic/vector.c:735 [vector]print_local_APIC =pmflt
[    0.847954] dynamic_debug:ddebug_change: changed arch/x86/kernel/apic/vector.c:732 [vector]print_local_APIC =pmflt
[    0.848116] dynamic_debug:ddebug_change: changed arch/x86/kernel/apic/vector.c:730 [vector]print_local_APIC =pmflt
[    0.848278] dynamic_debug:ddebug_change: changed arch/x86/kernel/apic/vector.c:725 [vector]print_local_APIC =pmflt
[    0.848440] dynamic_debug:ddebug_change: changed arch/x86/kernel/apic/vector.c:723 [vector]print_local_APIC =pmflt
[    0.848602] dynamic_debug:ddebug_change: changed arch/x86/kernel/apic/vector.c:721 [vector]print_local_APIC =pmflt
[    0.848765] dynamic_debug:ddebug_change: changed arch/x86/kernel/apic/vector.c:717 [vector]print_local_APIC =pmflt
[    0.848881] dynamic_debug:ddebug_change: changed arch/x86/kernel/apic/vector.c:712 [vector]print_local_APIC =pmflt
[    0.849042] dynamic_debug:ddebug_change: changed arch/x86/kernel/apic/vector.c:710 [vector]print_local_APIC =pmflt
[    0.849205] dynamic_debug:ddebug_change: changed arch/x86/kernel/apic/vector.c:707 [vector]print_local_APIC =pmflt
[    0.849370] dynamic_debug:ddebug_change: changed arch/x86/kernel/apic/vector.c:702 [vector]print_local_APIC =pmflt
[    0.849534] dynamic_debug:ddebug_change: changed arch/x86/kernel/apic/vector.c:699 [vector]print_local_APIC =pmflt
[    0.849701] dynamic_debug:ddebug_change: changed arch/x86/kernel/apic/vector.c:698 [vector]print_local_APIC =pmflt
[    0.849823] dynamic_debug:ddebug_change: changed arch/x86/kernel/apic/vector.c:694 [vector]print_local_APIC =pmflt
[    0.849987] dynamic_debug:ddebug_change: changed arch/x86/kernel/apic/vector.c:684 [vector]print_local_APIC =pmflt
[    0.850151] dynamic_debug:ddebug_change: changed arch/x86/kernel/apic/vector.c:682 [vector]print_local_APIC =pmflt
[    0.850316] dynamic_debug:ddebug_change: changed arch/x86/kernel/apic/vector.c:680 [vector]print_local_APIC =pmflt
[    0.850480] dynamic_debug:ddebug_change: changed arch/x86/kernel/apic/vector.c:678 [vector]print_local_APIC =pmflt
[    0.850645] dynamic_debug:ddebug_change: changed arch/x86/kernel/apic/vector.c:675 [vector]print_local_APIC =pmflt
[    0.850784] dynamic_debug:ddebug_change: changed arch/x86/kernel/apic/vector.c:672 [vector]print_local_APIC =pmflt
[    0.850949] dynamic_debug:ddebug_change: changed arch/x86/kernel/apic/vector.c:668 [vector]print_local_APIC =pmflt
[    0.851113] dynamic_debug:ddebug_change: changed arch/x86/kernel/apic/vector.c:659 [vector]print_local_APIC =pmflt
[    0.851278] dynamic_debug:ddebug_change: changed arch/x86/kernel/apic/vector.c:656 [vector]print_local_APIC =pmflt
[    0.851442] dynamic_debug:ddebug_change: changed arch/x86/kernel/apic/vector.c:649 [vector]print_local_APIC =pmflt
[    0.851606] dynamic_debug:ddebug_change: changed arch/x86/kernel/apic/vector.c:640 [vector]print_local_APIC =pmflt
[    0.851889] dynamic_debug:vpr_info_dq: applied: func="" file="arch/x86/kernel/apic/*" module="" format="" lineno=0-0
[    0.852100] dynamic_debug:ddebug_exec_queries: query 1: "file drivers/video/* +pflmt "
[    0.852262] dynamic_debug:ddebug_tokenize: split into words: "file" "drivers/video/*" "+pflmt"
[    0.852547] dynamic_debug:ddebug_parse_flags: op='+'
[    0.852667] dynamic_debug:ddebug_parse_flags: flags=0x1f
[    0.852784] dynamic_debug:ddebug_parse_flags: *flagsp=0x1f *maskp=0xffffffff
[    0.852861] dynamic_debug:vpr_info_dq: parsed: func="" file="drivers/video/*" module="" format="" lineno=0-0
[    0.853056] dynamic_debug:ddebug_change: changed drivers/video/backlight/backlight.c:324 [backlight]backlight_device_register =pmflt
[    0.853222] dynamic_debug:ddebug_change: changed drivers/video/backlight/backlight.c:185 [backlight]brightness_store =pmflt
[    0.853387] dynamic_debug:ddebug_change: changed drivers/video/backlight/backlight.c:146 [backlight]bl_power_store =pmflt
[    0.853551] dynamic_debug:ddebug_change: changed drivers/video/fbdev/core/fbmon.c:1082 [fb]fb_edid_add_monspecs =pmflt
[    0.853715] dynamic_debug:ddebug_change: changed drivers/video/fbdev/core/fbmon.c:1070 [fb]fb_edid_add_monspecs =pmflt
[    0.853837] dynamic_debug:ddebug_change: changed drivers/video/fbdev/core/fbmon.c:1033 [fb]fb_edid_add_monspecs =pmflt
[    0.854002] dynamic_debug:ddebug_change: changed drivers/video/fbdev/core/fbmon.c:1027 [fb]fb_edid_add_monspecs =pmflt
[    0.854166] dynamic_debug:ddebug_change: changed drivers/video/fbdev/aty/radeon_base.c:2367 [radeonfb]radeonfb_pci_register =pmflt
[    0.854332] dynamic_debug:ddebug_change: changed drivers/video/fbdev/aty/radeon_base.c:2270 [radeonfb]radeonfb_pci_register =pmflt
[    0.854497] dynamic_debug:ddebug_change: changed drivers/video/fbdev/aty/radeon_base.c:2144 [radeonfb]radeonfb_pci_register =pmflt
[    0.854663] dynamic_debug:ddebug_change: changed drivers/video/fbdev/aty/radeon_base.c:2078 [radeonfb]radeon_identify_vram =pmflt
[    0.854797] dynamic_debug:ddebug_change: changed drivers/video/fbdev/aty/radeon_base.c:1712 [radeonfb]radeonfb_set_par =pmflt
[    0.854962] dynamic_debug:ddebug_change: changed drivers/video/fbdev/aty/radeon_base.c:1711 [radeonfb]radeonfb_set_par =pmflt
[    0.855127] dynamic_debug:ddebug_change: changed drivers/video/fbdev/aty/radeon_base.c:1706 [radeonfb]radeonfb_set_par =pmflt
[    0.855292] dynamic_debug:ddebug_change: changed drivers/video/fbdev/aty/radeon_base.c:1704 [radeonfb]radeonfb_set_par =pmflt
[    0.855457] dynamic_debug:ddebug_change: changed drivers/video/fbdev/aty/radeon_base.c:1595 [radeonfb]radeonfb_set_par =pmflt
[    0.855622] dynamic_debug:ddebug_change: changed drivers/video/fbdev/aty/radeon_base.c:1593 [radeonfb]radeonfb_set_par =pmflt
[    0.855786] dynamic_debug:ddebug_change: changed drivers/video/fbdev/aty/radeon_base.c:1520 [radeonfb]radeon_calc_pll_regs =pmflt
[    0.855951] dynamic_debug:ddebug_change: changed drivers/video/fbdev/aty/radeon_base.c:1519 [radeonfb]radeon_calc_pll_regs =pmflt
[    0.856116] dynamic_debug:ddebug_change: changed drivers/video/fbdev/aty/radeon_base.c:1518 [radeonfb]radeon_calc_pll_regs =pmflt
[    0.856281] dynamic_debug:ddebug_change: changed drivers/video/fbdev/aty/radeon_base.c:1511 [radeonfb]radeon_calc_pll_regs =pmflt
[    0.856449] dynamic_debug:ddebug_change: changed drivers/video/fbdev/aty/radeon_base.c:1501 [radeonfb]radeon_calc_pll_regs =pmflt
[    0.856615] dynamic_debug:ddebug_change: changed drivers/video/fbdev/aty/radeon_base.c:1479 [radeonfb]radeon_calc_pll_regs =pmflt
[    0.856780] dynamic_debug:ddebug_change: changed drivers/video/fbdev/aty/radeon_monitor.c:849 [radeonfb]radeon_check_modes =pmflt
[    0.856945] dynamic_debug:ddebug_change: changed drivers/video/fbdev/aty/radeon_monitor.c:801 [radeonfb]radeon_check_modes =pmflt
[    0.857110] dynamic_debug:ddebug_change: changed drivers/video/fbdev/aty/radeon_monitor.c:781 [radeonfb]radeon_check_modes =pmflt
[    0.857275] dynamic_debug:ddebug_change: changed drivers/video/fbdev/aty/radeon_monitor.c:485 [radeonfb]radeon_probe_screens =pmflt
[    0.857441] dynamic_debug:ddebug_change: changed drivers/video/fbdev/aty/radeon_monitor.c:455 [radeonfb]radeon_probe_screens =pmflt
[    0.857606] dynamic_debug:ddebug_change: changed drivers/video/fbdev/aty/radeon_monitor.c:289 [radeonfb]radeon_parse_connector_info =pmflt
[    0.857772] dynamic_debug:ddebug_change: changed drivers/video/fbdev/aty/radeon_monitor.c:281 [radeonfb]radeon_parse_connector_info =pmflt
[    0.857939] dynamic_debug:ddebug_change: changed drivers/video/fbdev/aty/radeon_monitor.c:277 [radeonfb]radeon_parse_connector_info =pmflt
[    0.858105] dynamic_debug:ddebug_change: changed drivers/video/fbdev/aty/radeon_monitor.c:245 [radeonfb]radeon_get_panel_info_BIOS =pmflt
[    0.858271] dynamic_debug:ddebug_change: changed drivers/video/fbdev/aty/radeon_monitor.c:240 [radeonfb]radeon_get_panel_info_BIOS =pmflt
[    0.858437] dynamic_debug:ddebug_change: changed drivers/video/fbdev/aty/radeon_monitor.c:239 [radeonfb]radeon_get_panel_info_BIOS =pmflt
[    0.858602] dynamic_debug:ddebug_change: changed drivers/video/fbdev/aty/radeon_monitor.c:238 [radeonfb]radeon_get_panel_info_BIOS =pmflt
[    0.858768] dynamic_debug:ddebug_change: changed drivers/video/fbdev/aty/radeon_monitor.c:237 [radeonfb]radeon_get_panel_info_BIOS =pmflt
[    0.858888] dynamic_debug:ddebug_change: changed drivers/video/fbdev/aty/radeon_monitor.c:236 [radeonfb]radeon_get_panel_info_BIOS =pmflt
[    0.859053] dynamic_debug:ddebug_change: changed drivers/video/fbdev/aty/radeon_monitor.c:235 [radeonfb]radeon_get_panel_info_BIOS =pmflt
[    0.859219] dynamic_debug:ddebug_change: changed drivers/video/fbdev/aty/radeon_monitor.c:234 [radeonfb]radeon_get_panel_info_BIOS =pmflt
[    0.859385] dynamic_debug:ddebug_change: changed drivers/video/fbdev/aty/radeon_monitor.c:233 [radeonfb]radeon_get_panel_info_BIOS =pmflt
[    0.859551] dynamic_debug:ddebug_change: changed drivers/video/fbdev/aty/radeon_monitor.c:214 [radeonfb]radeon_get_panel_info_BIOS =pmflt
[    0.859719] dynamic_debug:ddebug_change: changed drivers/video/fbdev/aty/radeon_monitor.c:209 [radeonfb]radeon_get_panel_info_BIOS =pmflt
[    0.859841] dynamic_debug:ddebug_change: changed drivers/video/fbdev/aty/radeon_monitor.c:207 [radeonfb]radeon_get_panel_info_BIOS =pmflt
[    0.860007] dynamic_debug:ddebug_change: changed drivers/video/fbdev/aty/radeon_monitor.c:206 [radeonfb]radeon_get_panel_info_BIOS =pmflt
[    0.860172] dynamic_debug:ddebug_change: changed drivers/video/fbdev/aty/radeon_monitor.c:205 [radeonfb]radeon_get_panel_info_BIOS =pmflt
[    0.860338] dynamic_debug:ddebug_change: changed drivers/video/fbdev/aty/radeon_monitor.c:191 [radeonfb]radeon_get_panel_info_BIOS =pmflt
[    0.860504] dynamic_debug:ddebug_change: changed drivers/video/fbdev/aty/radeon_i2c.c:164 [radeonfb]radeon_probe_i2c_connector =pmflt
[    0.860669] dynamic_debug:ddebug_change: changed drivers/video/fbdev/aty/radeon_i2c.c:160 [radeonfb]radeon_probe_i2c_connector =pmflt
[    0.860800] dynamic_debug:ddebug_change: changed drivers/video/fbdev/aty/radeon_i2c.c:157 [radeonfb]radeon_probe_i2c_connector =pmflt
[    0.860965] dynamic_debug:ddebug_change: changed drivers/video/fbdev/aty/radeon_i2c.c:150 [radeonfb]radeon_probe_i2c_connector =pmflt
[    0.861130] dynamic_debug:ddebug_change: changed drivers/video/fbdev/aty/radeon_i2c.c:93 [radeonfb]radeon_setup_i2c_bus =pmflt
[    0.861466] dynamic_debug:vpr_info_dq: applied: func="" file="drivers/video/*" module="" format="" lineno=0-0
[    0.861673] dynamic_debug:ddebug_exec_queries: query 2: "file drivers/input/* -pflmt "
[    0.861800] dynamic_debug:ddebug_tokenize: split into words: "file" "drivers/input/*" "-pflmt"
[    0.862084] dynamic_debug:ddebug_parse_flags: op='-'
[    0.862204] dynamic_debug:ddebug_parse_flags: flags=0x1f
[    0.862324] dynamic_debug:ddebug_parse_flags: *flagsp=0x0 *maskp=0xffffffe0
[    0.862445] dynamic_debug:vpr_info_dq: parsed: func="" file="drivers/input/*" module="" format="" lineno=0-0
[    0.862812] dynamic_debug:vpr_info_dq: applied: func="" file="drivers/input/*" module="" format="" lineno=0-0
[    0.862975] dynamic_debug:ddebug_exec_queries: query 3: "file drivers/acpi/* -pflmt "
[    0.863134] dynamic_debug:ddebug_tokenize: split into words: "file" "drivers/acpi/*" "-pflmt"
[    0.863367] dynamic_debug:ddebug_parse_flags: op='-'
[    0.865257] dynamic_debug:ddebug_parse_flags: flags=0x1f
[    0.865378] dynamic_debug:ddebug_parse_flags: *flagsp=0x0 *maskp=0xffffffe0
[    0.865499] dynamic_debug:vpr_info_dq: parsed: func="" file="drivers/acpi/*" module="" format="" lineno=0-0
[    0.865697] dynamic_debug:ddebug_change: changed drivers/acpi/tables.c:206 [tables]acpi_table_print_madt_entry =_
[    0.865874] dynamic_debug:ddebug_change: changed drivers/acpi/tables.c:195 [tables]acpi_table_print_madt_entry =_
[    0.866036] dynamic_debug:ddebug_change: changed drivers/acpi/tables.c:172 [tables]acpi_table_print_madt_entry =_
[    0.866200] dynamic_debug:ddebug_change: changed drivers/acpi/tables.c:162 [tables]acpi_table_print_madt_entry =_
[    0.866367] dynamic_debug:ddebug_change: changed drivers/acpi/tables.c:87 [tables]acpi_table_print_madt_entry =_
[    0.866531] dynamic_debug:ddebug_change: changed drivers/acpi/tables.c:78 [tables]acpi_table_print_madt_entry =_
[    0.866694] dynamic_debug:ddebug_change: changed drivers/acpi/tables.c:68 [tables]acpi_table_print_madt_entry =_
[    0.866816] dynamic_debug:ddebug_change: changed drivers/acpi/osl.c:1864 [acpi]acpi_os_initialize =_
[    0.866980] dynamic_debug:ddebug_change: changed drivers/acpi/device_pm.c:736 [acpi]acpi_pm_device_run_wake =_
[    0.867144] dynamic_debug:ddebug_change: changed drivers/acpi/device_pm.c:635 [acpi]acpi_pm_device_sleep_state =_
[    0.867309] dynamic_debug:ddebug_change: changed drivers/acpi/scan.c:2414 [acpi]acpi_device_dep_initialize =_
[    0.867473] dynamic_debug:ddebug_change: changed drivers/acpi/scan.c:2404 [acpi]acpi_device_dep_initialize =_
[    0.867636] dynamic_debug:ddebug_change: changed drivers/acpi/resource.c:219 [acpi]acpi_decode_space =_
[    0.867790] dynamic_debug:ddebug_change: changed drivers/acpi/resource.c:206 [acpi]acpi_decode_space =_
[    0.867953] dynamic_debug:ddebug_change: changed drivers/acpi/resource.c:52 [acpi]acpi_dev_resource_len_valid =_
[    0.868117] dynamic_debug:ddebug_change: changed drivers/acpi/ec.c:1505 [acpi]acpi_ec_ecdt_probe =_
[    0.868280] dynamic_debug:ddebug_change: changed drivers/acpi/ec.c:1431 [acpi]ec_clear_on_resume =_
[    0.868443] dynamic_debug:ddebug_change: changed drivers/acpi/ec.c:1083 [acpi]acpi_ec_event_handler =_
[    0.868607] dynamic_debug:ddebug_change: changed drivers/acpi/ec.c:1061 [acpi]acpi_ec_event_handler =_
[    0.868770] dynamic_debug:ddebug_change: changed drivers/acpi/ec.c:1025 [acpi]acpi_ec_query =_
[    0.868886] dynamic_debug:ddebug_change: changed drivers/acpi/ec.c:992 [acpi]acpi_ec_run =_
[    0.869048] dynamic_debug:ddebug_change: changed drivers/acpi/ec.c:987 [acpi]acpi_ec_run =_
[    0.869210] dynamic_debug:ddebug_change: changed drivers/acpi/ec.c:871 [acpi]acpi_ec_stop =_
[    0.869372] dynamic_debug:ddebug_change: changed drivers/acpi/ec.c:863 [acpi]acpi_ec_stop =_
[    0.869534] dynamic_debug:ddebug_change: changed drivers/acpi/ec.c:839 [acpi]acpi_ec_start =_
[    0.869699] dynamic_debug:ddebug_change: changed drivers/acpi/ec.c:835 [acpi]acpi_ec_start =_
[    0.869821] dynamic_debug:ddebug_change: changed drivers/acpi/ec.c:676 [acpi]acpi_ec_transaction_unlocked =_
[    0.869985] dynamic_debug:ddebug_change: changed drivers/acpi/ec.c:672 [acpi]acpi_ec_transaction_unlocked =_
[    0.870148] dynamic_debug:ddebug_change: changed drivers/acpi/ec.c:663 [acpi]acpi_ec_transaction_unlocked =_
[    0.870311] dynamic_debug:ddebug_change: changed drivers/acpi/ec.c:660 [acpi]acpi_ec_transaction_unlocked =_
[    0.870475] dynamic_debug:ddebug_change: changed drivers/acpi/ec.c:639 [acpi]ec_poll =_
[    0.870637] dynamic_debug:ddebug_change: changed drivers/acpi/ec.c:536 [acpi]advance_transaction =_
[    0.870791] dynamic_debug:ddebug_change: changed drivers/acpi/ec.c:500 [acpi]advance_transaction =_
[    0.870954] dynamic_debug:ddebug_change: changed drivers/acpi/ec.c:434 [acpi]acpi_ec_complete_query =_
[    0.871117] dynamic_debug:ddebug_change: changed drivers/acpi/ec.c:423 [acpi]acpi_ec_submit_query =_
[    0.871280] dynamic_debug:ddebug_change: changed drivers/acpi/ec.c:396 [acpi]acpi_ec_clear_storm =_
[    0.871443] dynamic_debug:ddebug_change: changed drivers/acpi/ec.c:386 [acpi]acpi_ec_set_storm =_
[    0.871606] dynamic_debug:ddebug_change: changed drivers/acpi/ec.c:327 [acpi]acpi_ec_enable_gpe =_
[    0.871769] dynamic_debug:ddebug_change: changed drivers/acpi/ec.c:275 [acpi]acpi_ec_write_data =_
[    0.871935] dynamic_debug:ddebug_change: changed drivers/acpi/ec.c:268 [acpi]acpi_ec_write_cmd =_
[    0.872097] dynamic_debug:ddebug_change: changed drivers/acpi/ec.c:262 [acpi]acpi_ec_read_data =_
[    0.872260] dynamic_debug:ddebug_change: changed drivers/acpi/ec.c:253 [acpi]acpi_ec_read_status =_
[    0.872423] dynamic_debug:ddebug_change: changed drivers/acpi/pci_root.c:343 [acpi]acpi_get_pci_dev =_
[    0.872587] dynamic_debug:ddebug_change: changed drivers/acpi/pci_irq.c:511 [acpi]acpi_pci_irq_disable =_
[    0.872750] dynamic_debug:ddebug_change: changed drivers/acpi/pci_irq.c:471 [acpi]acpi_pci_irq_enable =_
[    0.872872] dynamic_debug:ddebug_change: changed drivers/acpi/acpi_platform.c:113 [acpi]acpi_create_platform_device =_
[    0.873038] dynamic_debug:ddebug_change: changed drivers/acpi/property.c:167 [acpi]acpi_init_properties =_
[    0.873202] dynamic_debug:ddebug_change: changed drivers/acpi/fan.c:363 [fan]acpi_fan_probe =_
[    0.873365] dynamic_debug:ddebug_change: changed drivers/acpi/fan.c:199 [fan]fan_set_state_acpi4 =_
[    0.873528] dynamic_debug:ddebug_change: changed drivers/acpi/fan.c:140 [fan]fan_get_state_acpi4 =_
[    0.873691] dynamic_debug:ddebug_change: changed drivers/acpi/acpi_video.c:1580 [video]acpi_video_dev_register_backlight =_
[    0.873812] dynamic_debug:ddebug_change: changed drivers/acpi/pci_slot.c:158 [pci_slot]register_slot =_
[    0.873976] dynamic_debug:ddebug_change: changed drivers/acpi/pci_slot.c:101 [pci_slot]check_slot =_
[    0.874139] dynamic_debug:ddebug_change: changed drivers/acpi/pci_slot.c:94 [pci_slot]check_slot =_
[    0.874302] dynamic_debug:ddebug_change: changed drivers/acpi/pci_slot.c:83 [pci_slot]check_slot =_
[    0.874465] dynamic_debug:ddebug_change: changed drivers/acpi/processor_driver.c:197 [processor]__acpi_processor_start =_
[    0.874630] dynamic_debug:ddebug_change: changed drivers/acpi/processor_perflib.c:142 [processor]acpi_processor_get_platform_limit =_
[    0.874953] dynamic_debug:vpr_info_dq: applied: func="" file="drivers/acpi/*" module="" format="" lineno=0-0
[    0.875164] dynamic_debug:ddebug_exec_queries: query 4: "file net/netfilter/* +pflmt"
[    0.875325] dynamic_debug:ddebug_tokenize: split into words: "file" "net/netfilter/*" "+pflmt"
[    0.875609] dynamic_debug:ddebug_parse_flags: op='+'
[    0.875730] dynamic_debug:ddebug_parse_flags: flags=0x1f
[    0.875839] dynamic_debug:ddebug_parse_flags: *flagsp=0x1f *maskp=0xffffffff
[    0.875962] dynamic_debug:vpr_info_dq: parsed: func="" file="net/netfilter/*" module="" format="" lineno=0-0
[    0.876249] dynamic_debug:ddebug_change: no matches for query
[    0.876420] dynamic_debug:vpr_info_dq: no-match: func="" file="net/netfilter/*" module="" format="" lineno=0-0
[    0.876584] dynamic_debug:ddebug_exec_queries: processed 5 queries, with 160 matches, 0 errs
[    0.876746] dynamic_debug:ddebug_dyndbg_boot_param_cb: i8042.debug="(null)"
[    0.876855] dynamic_debug:ddebug_dyndbg_boot_param_cb: acpi_backlight="vendor"
[    0.877016] dynamic_debug:ddebug_dyndbg_boot_param_cb: nohz="on"
[    0.877138] dynamic_debug:ddebug_dyndbg_boot_param_cb: rcu_nocbs="1-3"
[    0.877260] dynamic_debug:ddebug_dyndbg_boot_param_cb: pcie_aspm="force"
[    0.877382] dynamic_debug:ddebug_dyndbg_boot_param_cb: radeon.audio="0"
[    0.877504] dynamic_debug:ddebug_dyndbg_boot_param_cb: radeon.lockup_timeout="120000"
[    0.877666] dynamic_debug:ddebug_dyndbg_boot_param_cb: radeon.test="0"
[    0.877788] dynamic_debug:ddebug_dyndbg_boot_param_cb: radeon.agpmode="-1"
[    0.877864] dynamic_debug:ddebug_dyndbg_boot_param_cb: radeon.benchmark="0"
[    0.877986] dynamic_debug:ddebug_dyndbg_boot_param_cb: radeon.tv="0"
[    0.878107] dynamic_debug:ddebug_dyndbg_boot_param_cb: radeon.hard_reset="1"
[    0.878229] dynamic_debug:ddebug_dyndbg_boot_param_cb: radeon.aspm="1"
[    0.878350] dynamic_debug:ddebug_dyndbg_boot_param_cb: radeon.msi="1"
[    0.878470] dynamic_debug:ddebug_dyndbg_boot_param_cb: radeon.pcie_gen2="-1"
[    0.878591] dynamic_debug:ddebug_dyndbg_boot_param_cb: radeon.no_wb="1"
[    0.878712] dynamic_debug:ddebug_dyndbg_boot_param_cb: radeon.r4xx_atom="0"
[    0.878821] dynamic_debug:ddebug_dyndbg_boot_param_cb: radeonfb="(null)"
[    0.878894] dynamic_debug:ddebug_dyndbg_boot_param_cb: radeon.fastfb="1"
[    0.879014] dynamic_debug:ddebug_dyndbg_boot_param_cb: radeon.modeset="1"
[    0.879136] dynamic_debug:ddebug_dyndbg_boot_param_cb: radeon.dpm="1"
[    0.879256] dynamic_debug:ddebug_dyndbg_boot_param_cb: radeon.runpm="1"
[    0.879377] dynamic_debug:ddebug_dyndbg_boot_param_cb: radeon.dynclks="0"
[    0.879498] dynamic_debug:ddebug_dyndbg_boot_param_cb: slub_debug="U"
[    0.879619] dynamic_debug:ddebug_dyndbg_boot_param_cb: noefi="(null)"
[    0.879742] dynamic_debug:ddebug_dyndbg_boot_param_cb: CPUunderclocking="(null)"
[    0.879943] MCE: In-kernel MCE decoding enabled.
[    0.880432] started {early_reset_EHCIs kernel/smp.c:1265}
[    0.880600] early_pci_allowed {early_reset_EHCIs kernel/smp.c:1271}
[    0.880880] Found EHCI on 00:12.2 {kline kernel/smp.c:1191}
[    0.880990] bar_val: f014a900 {kline kernel/smp.c:1194}
[    0.881114] ehci_bar: ffffffffff7fe900 {kline kernel/smp.c:1216}
[    0.881237] n_ports:    5 {kline kernel/smp.c:1223}
[    0.881358] BIOS USB Legacy is likely Enabled. {kline kernel/smp.c:1238}
[    0.881479] before setting FLAG_CF {ehci_status kernel/smp.c:1007}
[    0.881601]   ehci cmd     : 00080B00 {ehci_status kernel/smp.c:1009}
[    0.881722]   ehci conf flg: 00000000 {ehci_status kernel/smp.c:1010}
[    0.881832]   ehci status  : 00001000 {ehci_status kernel/smp.c:1011}
[    0.881953] port 1 status 00003000 {ehci_status kernel/smp.c:1014}
[    0.882075] port 2 status 00003000 {ehci_status kernel/smp.c:1014}
[    0.882196] port 3 status 00003000 {ehci_status kernel/smp.c:1014}
[    0.882318] port 4 status 00003000 {ehci_status kernel/smp.c:1014}
[    0.882440] port 5 status 00003000 {ehci_status kernel/smp.c:1014}
[    0.884502] after setting FLAG_CF {ehci_status kernel/smp.c:1007}
[    0.887291]   ehci cmd     : 00080B00 {ehci_status kernel/smp.c:1009}
[    0.887414]   ehci conf flg: 00000001 {ehci_status kernel/smp.c:1010}
[    0.887536]   ehci status  : 00001000 {ehci_status kernel/smp.c:1011}
[    0.887659] port 1 status 00001000 {ehci_status kernel/smp.c:1014}
[    0.887782] port 2 status 00001000 {ehci_status kernel/smp.c:1014}
[    0.887858] port 3 status 00001803 {ehci_status kernel/smp.c:1014}
[    0.887981] port 4 status 00001000 {ehci_status kernel/smp.c:1014}
[    0.888104] port 5 status 00001000 {ehci_status kernel/smp.c:1014}
[    0.888226] ended {kline kernel/smp.c:1256}
[    0.888357] Found EHCI on 00:13.2 {kline kernel/smp.c:1191}
[    0.888479] bar_val: f014a800 {kline kernel/smp.c:1194}
[    0.888602] ehci_bar: ffffffffff7fe800 {kline kernel/smp.c:1216}
[    0.888726] n_ports:    5 {kline kernel/smp.c:1223}
[    0.888835] BIOS USB Legacy is likely Enabled. {kline kernel/smp.c:1238}
[    0.888957] before setting FLAG_CF {ehci_status kernel/smp.c:1007}
[    0.889080]   ehci cmd     : 00080B00 {ehci_status kernel/smp.c:1009}
[    0.889203]   ehci conf flg: 00000000 {ehci_status kernel/smp.c:1010}
[    0.889325]   ehci status  : 00001000 {ehci_status kernel/smp.c:1011}
[    0.889448] port 1 status 00003000 {ehci_status kernel/smp.c:1014}
[    0.889571] port 2 status 00003000 {ehci_status kernel/smp.c:1014}
[    0.889696] port 3 status 00003000 {ehci_status kernel/smp.c:1014}
[    0.889806] port 4 status 00003000 {ehci_status kernel/smp.c:1014}
[    0.889883] port 5 status 00003000 {ehci_status kernel/smp.c:1014}
[    0.890005] after setting FLAG_CF {ehci_status kernel/smp.c:1007}
[    0.890323]   ehci cmd     : 00080B00 {ehci_status kernel/smp.c:1009}
[    0.890445]   ehci conf flg: 00000001 {ehci_status kernel/smp.c:1010}
[    0.890568]   ehci status  : 00001000 {ehci_status kernel/smp.c:1011}
[    0.890691] port 1 status 00001803 {ehci_status kernel/smp.c:1014}
[    0.890801] port 2 status 00001000 {ehci_status kernel/smp.c:1014}
[    0.890877] port 3 status 00001803 {ehci_status kernel/smp.c:1014}
[    0.891000] port 4 status 00001000 {ehci_status kernel/smp.c:1014}
[    0.891122] port 5 status 00001000 {ehci_status kernel/smp.c:1014}
[    0.891244] ended {kline kernel/smp.c:1256}
[    0.963601] ended, failed 0 times {early_reset_EHCIs kernel/smp.c:1284}
[    0.963710] All EHCI controllers were reset. {smp_init kernel/smp.c:1303}
[    0.963878] NMI watchdog: enabled on all CPUs, permanently consumes one hw-PMU counter.
[    0.964849] smpboot: ++++++++++++++++++++=_---CPU UP  1
[    0.964974] x86: Booting SMP configuration:
[    0.965095] .... node  #0, CPUs:      #1
[    0.965194] smpboot: Setting warm reset code and vector.
[    0.965383] smpboot: 1.
[    0.965503] smpboot: 2.
[    0.965623] smpboot: 3.
[    0.965744] smpboot: Asserting INIT
[    0.965853] smpboot: Waiting for send to finish...
[    0.965975] smpboot: Deasserting INIT
[    0.966095] smpboot: Waiting for send to finish...
[    0.966216] smpboot: #startup loops: 2
[    0.966340] smpboot: Sending STARTUP #1
[    0.966460] smpboot: After apic_write
[    0.966880] smpboot: Startup point 1
[    0.967000] smpboot: Waiting for send to finish...
[    0.967321] smpboot: Sending STARTUP #2
[    0.967487] smpboot: After apic_write
[    0.967907] smpboot: Startup point 1
[    0.968073] smpboot: Waiting for send to finish...
[    0.968394] smpboot: After Startup
[    0.874126] masked ExtINT on CPU#1
[    0.874159] smpboot: Stack at about ffff88040bba7f38
[    0.970718] TSC synchronization [CPU#0 -> CPU#1]:
[    0.971130] Measured 131964416 cycles TSC warp between CPUs, turning off TSC clock.
[    0.971308] tsc: Marking TSC unstable due to check_tsc_sync_source failed
[    0.972389] smpboot: ++++++++++++++++++++=_---CPU UP  2
[    0.972566]  #2
[    0.972602] smpboot: Setting warm reset code and vector.
[    0.972837] smpboot: 1.
[    0.972917] smpboot: 2.
[    0.973049] smpboot: 3.
[    0.973176] smpboot: Asserting INIT
[    0.973304] smpboot: Waiting for send to finish...
[    0.973433] smpboot: Deasserting INIT
[    0.973560] smpboot: Waiting for send to finish...
[    0.973689] smpboot: #startup loops: 2
[    0.973816] smpboot: Sending STARTUP #1
[    0.973897] smpboot: After apic_write
[    0.974324] smpboot: Startup point 1
[    0.974498] smpboot: Waiting for send to finish...
[    0.974826] smpboot: Sending STARTUP #2
[    0.974907] smpboot: After apic_write
[    0.975334] smpboot: Startup point 1
[    0.975508] smpboot: Waiting for send to finish...
[    0.975836] smpboot: After Startup
[    0.847463] masked ExtINT on CPU#2
[    0.847495] smpboot: Stack at about ffff88040bbabf38
[    0.976851] smpboot: ++++++++++++++++++++=_---CPU UP  3
[    0.977234]  #3
[    0.977270] smpboot: Setting warm reset code and vector.
[    0.977522] smpboot: 1.
[    0.977647] smpboot: 2.
[    0.977773] smpboot: 3.
[    0.977884] smpboot: Asserting INIT
[    0.978011] smpboot: Waiting for send to finish...
[    0.978140] smpboot: Deasserting INIT
[    0.978267] smpboot: Waiting for send to finish...
[    0.978395] smpboot: #startup loops: 2
[    0.978522] smpboot: Sending STARTUP #1
[    0.978647] smpboot: After apic_write
[    0.979073] smpboot: Startup point 1
[    0.979245] smpboot: Waiting for send to finish...
[    0.979570] smpboot: Sending STARTUP #2
[    0.979746] smpboot: After apic_write
[    0.980158] smpboot: Startup point 1
[    0.980330] smpboot: Waiting for send to finish...
[    0.980656] smpboot: After Startup
[    0.818537] masked ExtINT on CPU#3
[    0.818568] smpboot: Stack at about ffff88040bbaff38
[    0.980981] x86: Booted up 1 node, 4 CPUs
[    0.981359] CPUunderclocking: activating(?)=1 {apply_underclocking_if_needed kernel/smp.c:917}
[    0.981531] CPUunderclocking: activating... {apply_underclocking_if_needed kernel/smp.c:919}
[    0.981704] CPUunderclocking:   !! Rdmsr(1of2): core:0 idx:c0010064 ... {Rdmsr kernel/smp.c:710}
[    0.981846] CPUunderclocking:     !! Rdmsr(2of2): core:0 idx:c0010064 done. (resultx==8000017d000025e2 hi:8000017d lo:000025e2) {Rdmsr kernel/smp.c:726}
[    0.982023] CPUunderclocking:   !! Rdmsr(1of2): core:1 idx:c0010064 ... {Rdmsr kernel/smp.c:710}
[    0.982227] CPUunderclocking:     !! Rdmsr(2of2): core:1 idx:c0010064 done. (resultx==8000017d000025e2 hi:8000017d lo:000025e2) {Rdmsr kernel/smp.c:726}
[    0.982399] CPUunderclocking:   !! Rdmsr(1of2): core:2 idx:c0010064 ... {Rdmsr kernel/smp.c:710}
[    0.982589] CPUunderclocking:     !! Rdmsr(2of2): core:2 idx:c0010064 done. (resultx==8000017d000025e2 hi:8000017d lo:000025e2) {Rdmsr kernel/smp.c:726}
[    0.982754] CPUunderclocking:   !! Rdmsr(1of2): core:3 idx:c0010064 ... {Rdmsr kernel/smp.c:710}
[    0.982880] CPUunderclocking:     !! Rdmsr(2of2): core:3 idx:c0010064 done. (resultx==8000017d000025e2 hi:8000017d lo:000025e2) {Rdmsr kernel/smp.c:726}
[    0.983051] CPUunderclocking: !! Write(1of3) PState0 read : fid:30 did:2 vid:18 Multi:N/A {WritePState kernel/smp.c:840}
[    0.983216] CPUunderclocking: !! Write(2of3) PState0 write:6 did:0 vid:37 (multi:22) ... {WritePState kernel/smp.c:860}
[    0.983381] CPUunderclocking:   !! Wrmsr(before write): core:0/64 idx:c0010064 valx:8000017d00004a60...  {Wrmsr kernel/smp.c:653}
[    0.983547] CPUunderclocking:     !! Wrmsr(after write): done. {Wrmsr kernel/smp.c:692}
[    0.983710] CPUunderclocking:   !! Wrmsr(before write): core:1/64 idx:c0010064 valx:8000017d00004a60...  {Wrmsr kernel/smp.c:653}
[    0.983871] CPUunderclocking:     !! Wrmsr(after write): done. {Wrmsr kernel/smp.c:692}
[    0.984033] CPUunderclocking:   !! Wrmsr(before write): core:2/64 idx:c0010064 valx:8000017d00004a60...  {Wrmsr kernel/smp.c:653}
[    0.984228] CPUunderclocking:     !! Wrmsr(after write): done. {Wrmsr kernel/smp.c:692}
[    0.984390] CPUunderclocking:   !! Wrmsr(before write): core:3/64 idx:c0010064 valx:8000017d00004a60...  {Wrmsr kernel/smp.c:653}
[    0.984557] CPUunderclocking:     !! Wrmsr(after write): done. {Wrmsr kernel/smp.c:692}
[    0.984720] CPUunderclocking: !! Write(3of3) PState0 done. {WritePState kernel/smp.c:862}
[    0.984841] CPUunderclocking:   !! Rdmsr(1of2): core:0 idx:c0010065 ... {Rdmsr kernel/smp.c:710}
[    0.985005] CPUunderclocking:     !! Rdmsr(2of2): core:0 idx:c0010065 done. (resultx==8000014000004fa3 hi:80000140 lo:00004fa3) {Rdmsr kernel/smp.c:726}
[    0.985172] CPUunderclocking:   !! Rdmsr(1of2): core:1 idx:c0010065 ... {Rdmsr kernel/smp.c:710}
[    0.985366] CPUunderclocking:     !! Rdmsr(2of2): core:1 idx:c0010065 done. (resultx==8000014000004fa3 hi:80000140 lo:00004fa3) {Rdmsr kernel/smp.c:726}
[    0.985532] CPUunderclocking:   !! Rdmsr(1of2): core:2 idx:c0010065 ... {Rdmsr kernel/smp.c:710}
[    0.985725] CPUunderclocking:     !! Rdmsr(2of2): core:2 idx:c0010065 done. (resultx==8000014000004fa3 hi:80000140 lo:00004fa3) {Rdmsr kernel/smp.c:726}
[    0.985847] CPUunderclocking:   !! Rdmsr(1of2): core:3 idx:c0010065 ... {Rdmsr kernel/smp.c:710}
[    0.986013] CPUunderclocking:     !! Rdmsr(2of2): core:3 idx:c0010065 done. (resultx==8000014000004fa3 hi:80000140 lo:00004fa3) {Rdmsr kernel/smp.c:726}
[    0.986181] CPUunderclocking: !! Write(1of3) PState1 read : fid:26 did:3 vid:39 Multi:N/A {WritePState kernel/smp.c:840}
[    0.986348] CPUunderclocking: !! Write(2of3) PState1 write:4 did:0 vid:42 (multi:20) ... {WritePState kernel/smp.c:860}
[    0.986513] CPUunderclocking:   !! Wrmsr(before write): core:0/64 idx:c0010065 valx:8000014000005440...  {Wrmsr kernel/smp.c:653}
[    0.986679] CPUunderclocking:     !! Wrmsr(after write): done. {Wrmsr kernel/smp.c:692}
[    0.986830] CPUunderclocking:   !! Wrmsr(before write): core:1/64 idx:c0010065 valx:8000014000005440...  {Wrmsr kernel/smp.c:653}
[    0.987025] CPUunderclocking:     !! Wrmsr(after write): done. {Wrmsr kernel/smp.c:692}
[    0.989121] CPUunderclocking:   !! Wrmsr(before write): core:2/64 idx:c0010065 valx:8000014000005440...  {Wrmsr kernel/smp.c:653}
[    0.989315] CPUunderclocking:     !! Wrmsr(after write): done. {Wrmsr kernel/smp.c:692}
[    0.989478] CPUunderclocking:   !! Wrmsr(before write): core:3/64 idx:c0010065 valx:8000014000005440...  {Wrmsr kernel/smp.c:653}
[    0.989646] CPUunderclocking:     !! Wrmsr(after write): done. {Wrmsr kernel/smp.c:692}
[    0.989810] CPUunderclocking: !! Write(3of3) PState1 done. {WritePState kernel/smp.c:862}
[    0.989974] CPUunderclocking:   !! Rdmsr(1of2): core:0 idx:c0010066 ... {Rdmsr kernel/smp.c:710}
[    0.990137] CPUunderclocking:     !! Rdmsr(2of2): core:0 idx:c0010066 done. (resultx==8000013700005573 hi:80000137 lo:00005573) {Rdmsr kernel/smp.c:726}
[    0.990304] CPUunderclocking:   !! Rdmsr(1of2): core:1 idx:c0010066 ... {Rdmsr kernel/smp.c:710}
[    0.990496] CPUunderclocking:     !! Rdmsr(2of2): core:1 idx:c0010066 done. (resultx==8000013700005573 hi:80000137 lo:00005573) {Rdmsr kernel/smp.c:726}
[    0.990664] CPUunderclocking:   !! Rdmsr(1of2): core:2 idx:c0010066 ... {Rdmsr kernel/smp.c:710}
[    0.990857] CPUunderclocking:     !! Rdmsr(2of2): core:2 idx:c0010066 done. (resultx==8000013700005573 hi:80000137 lo:00005573) {Rdmsr kernel/smp.c:726}
[    0.991023] CPUunderclocking:   !! Rdmsr(1of2): core:3 idx:c0010066 ... {Rdmsr kernel/smp.c:710}
[    0.991216] CPUunderclocking:     !! Rdmsr(2of2): core:3 idx:c0010066 done. (resultx==8000013700005573 hi:80000137 lo:00005573) {Rdmsr kernel/smp.c:726}
[    0.991383] CPUunderclocking: !! Write(1of3) PState2 read : fid:23 did:3 vid:42 Multi:N/A {WritePState kernel/smp.c:840}
[    0.991547] CPUunderclocking: !! Write(2of3) PState2 write:2 did:0 vid:47 (multi:18) ... {WritePState kernel/smp.c:860}
[    0.991712] CPUunderclocking:   !! Wrmsr(before write): core:0/64 idx:c0010066 valx:8000013700005e20...  {Wrmsr kernel/smp.c:653}
[    0.991843] CPUunderclocking:     !! Wrmsr(after write): done. {Wrmsr kernel/smp.c:692}
[    0.992005] CPUunderclocking:   !! Wrmsr(before write): core:1/64 idx:c0010066 valx:8000013700005e20...  {Wrmsr kernel/smp.c:653}
[    0.992199] CPUunderclocking:     !! Wrmsr(after write): done. {Wrmsr kernel/smp.c:692}
[    0.992361] CPUunderclocking:   !! Wrmsr(before write): core:2/64 idx:c0010066 valx:8000013700005e20...  {Wrmsr kernel/smp.c:653}
[    0.992556] CPUunderclocking:     !! Wrmsr(after write): done. {Wrmsr kernel/smp.c:692}
[    0.992718] CPUunderclocking:   !! Wrmsr(before write): core:3/64 idx:c0010066 valx:8000013700005e20...  {Wrmsr kernel/smp.c:653}
[    0.992846] CPUunderclocking:     !! Wrmsr(after write): done. {Wrmsr kernel/smp.c:692}
[    0.993011] CPUunderclocking: !! Write(3of3) PState2 done. {WritePState kernel/smp.c:862}
[    0.993173] CPUunderclocking:   !! Rdmsr(1of2): core:0 idx:c0010067 ... {Rdmsr kernel/smp.c:710}
[    0.993337] CPUunderclocking:     !! Rdmsr(2of2): core:0 idx:c0010067 done. (resultx==8000013200005b43 hi:80000132 lo:00005b43) {Rdmsr kernel/smp.c:726}
[    0.993504] CPUunderclocking:   !! Rdmsr(1of2): core:1 idx:c0010067 ... {Rdmsr kernel/smp.c:710}
[    0.993696] CPUunderclocking:     !! Rdmsr(2of2): core:1 idx:c0010067 done. (resultx==8000013200005b43 hi:80000132 lo:00005b43) {Rdmsr kernel/smp.c:726}
[    0.993831] CPUunderclocking:   !! Rdmsr(1of2): core:2 idx:c0010067 ... {Rdmsr kernel/smp.c:710}
[    0.994024] CPUunderclocking:     !! Rdmsr(2of2): core:2 idx:c0010067 done. (resultx==8000013200005b43 hi:80000132 lo:00005b43) {Rdmsr kernel/smp.c:726}
[    0.994191] CPUunderclocking:   !! Rdmsr(1of2): core:3 idx:c0010067 ... {Rdmsr kernel/smp.c:710}
[    0.994361] CPUunderclocking:     !! Rdmsr(2of2): core:3 idx:c0010067 done. (resultx==8000013200005b43 hi:80000132 lo:00005b43) {Rdmsr kernel/smp.c:726}
[    0.994528] CPUunderclocking: !! Write(1of3) PState3 read : fid:20 did:3 vid:45 Multi:N/A {WritePState kernel/smp.c:840}
[    0.994693] CPUunderclocking: !! Write(2of3) PState3 write:1 did:0 vid:49 (multi:17) ... {WritePState kernel/smp.c:860}
[    0.994832] CPUunderclocking:   !! Wrmsr(before write): core:0/64 idx:c0010067 valx:8000013200006210...  {Wrmsr kernel/smp.c:653}
[    0.994998] CPUunderclocking:     !! Wrmsr(after write): done. {Wrmsr kernel/smp.c:692}
[    0.995161] CPUunderclocking:   !! Wrmsr(before write): core:1/64 idx:c0010067 valx:8000013200006210...  {Wrmsr kernel/smp.c:653}
[    0.995352] CPUunderclocking:     !! Wrmsr(after write): done. {Wrmsr kernel/smp.c:692}
[    0.995512] CPUunderclocking:   !! Wrmsr(before write): core:2/64 idx:c0010067 valx:8000013200006210...  {Wrmsr kernel/smp.c:653}
[    0.995703] CPUunderclocking:     !! Wrmsr(after write): done. {Wrmsr kernel/smp.c:692}
[    0.995832] CPUunderclocking:   !! Wrmsr(before write): core:3/64 idx:c0010067 valx:8000013200006210...  {Wrmsr kernel/smp.c:653}
[    0.996024] CPUunderclocking:     !! Wrmsr(after write): done. {Wrmsr kernel/smp.c:692}
[    0.996181] CPUunderclocking: !! Write(3of3) PState3 done. {WritePState kernel/smp.c:862}
[    0.996343] CPUunderclocking:   !! Rdmsr(1of2): core:0 idx:c0010068 ... {Rdmsr kernel/smp.c:710}
[    0.996504] CPUunderclocking:     !! Rdmsr(2of2): core:0 idx:c0010068 done. (resultx==8000012e00005d13 hi:8000012e lo:00005d13) {Rdmsr kernel/smp.c:726}
[    0.996666] CPUunderclocking:   !! Rdmsr(1of2): core:1 idx:c0010068 ... {Rdmsr kernel/smp.c:710}
[    0.996855] CPUunderclocking:     !! Rdmsr(2of2): core:1 idx:c0010068 done. (resultx==8000012e00005d13 hi:8000012e lo:00005d13) {Rdmsr kernel/smp.c:726}
[    0.997019] CPUunderclocking:   !! Rdmsr(1of2): core:2 idx:c0010068 ... {Rdmsr kernel/smp.c:710}
[    0.997209] CPUunderclocking:     !! Rdmsr(2of2): core:2 idx:c0010068 done. (resultx==8000012e00005d13 hi:8000012e lo:00005d13) {Rdmsr kernel/smp.c:726}
[    0.997374] CPUunderclocking:   !! Rdmsr(1of2): core:3 idx:c0010068 ... {Rdmsr kernel/smp.c:710}
[    0.997565] CPUunderclocking:     !! Rdmsr(2of2): core:3 idx:c0010068 done. (resultx==8000012e00005d13 hi:8000012e lo:00005d13) {Rdmsr kernel/smp.c:726}
[    0.997729] CPUunderclocking: !! Write(1of3) PState4 read : fid:17 did:3 vid:46 Multi:N/A {WritePState kernel/smp.c:840}
[    0.997851] CPUunderclocking: !! Write(2of3) PState4 write:0 did:0 vid:52 (multi:16) ... {WritePState kernel/smp.c:860}
[    0.998014] CPUunderclocking:   !! Wrmsr(before write): core:0/64 idx:c0010068 valx:8000012e00006800...  {Wrmsr kernel/smp.c:653}
[    0.998176] CPUunderclocking:     !! Wrmsr(after write): done. {Wrmsr kernel/smp.c:692}
[    0.998336] CPUunderclocking:   !! Wrmsr(before write): core:1/64 idx:c0010068 valx:8000012e00006800...  {Wrmsr kernel/smp.c:653}
[    0.998529] CPUunderclocking:     !! Wrmsr(after write): done. {Wrmsr kernel/smp.c:692}
[    0.998689] CPUunderclocking:   !! Wrmsr(before write): core:2/64 idx:c0010068 valx:8000012e00006800...  {Wrmsr kernel/smp.c:653}
[    0.998862] CPUunderclocking:     !! Wrmsr(after write): done. {Wrmsr kernel/smp.c:692}
[    0.999021] CPUunderclocking:   !! Wrmsr(before write): core:3/64 idx:c0010068 valx:8000012e00006800...  {Wrmsr kernel/smp.c:653}
[    0.999188] CPUunderclocking:     !! Wrmsr(after write): done. {Wrmsr kernel/smp.c:692}
[    0.999347] CPUunderclocking: !! Write(3of3) PState4 done. {WritePState kernel/smp.c:862}
[    0.999509] CPUunderclocking:   !! Rdmsr(1of2): core:0 idx:c0010069 ... {Rdmsr kernel/smp.c:710}
[    0.999675] CPUunderclocking:     !! Rdmsr(2of2): core:0 idx:c0010069 done. (resultx==8000012b00005ee3 hi:8000012b lo:00005ee3) {Rdmsr kernel/smp.c:726}
[    0.999833] CPUunderclocking:   !! Rdmsr(1of2): core:1 idx:c0010069 ... {Rdmsr kernel/smp.c:710}
[    1.000026] CPUunderclocking:     !! Rdmsr(2of2): core:1 idx:c0010069 done. (resultx==8000012b00005ee3 hi:8000012b lo:00005ee3) {Rdmsr kernel/smp.c:726}
[    1.000192] CPUunderclocking:   !! Rdmsr(1of2): core:2 idx:c0010069 ... {Rdmsr kernel/smp.c:710}
[    1.000385] CPUunderclocking:     !! Rdmsr(2of2): core:2 idx:c0010069 done. (resultx==8000012b00005ee3 hi:8000012b lo:00005ee3) {Rdmsr kernel/smp.c:726}
[    1.000552] CPUunderclocking:   !! Rdmsr(1of2): core:3 idx:c0010069 ... {Rdmsr kernel/smp.c:710}
[    1.000745] CPUunderclocking:     !! Rdmsr(2of2): core:3 idx:c0010069 done. (resultx==8000012b00005ee3 hi:8000012b lo:00005ee3) {Rdmsr kernel/smp.c:726}
[    1.000867] CPUunderclocking: !! Write(1of3) PState5 read : fid:14 did:3 vid:47 Multi:N/A {WritePState kernel/smp.c:840}
[    1.001031] CPUunderclocking: !! Write(2of3) PState5 write:5 did:1 vid:55 (multi:14) ... {WritePState kernel/smp.c:860}
[    1.001195] CPUunderclocking:   !! Wrmsr(before write): core:0/64 idx:c0010069 valx:8000012b00006e51...  {Wrmsr kernel/smp.c:653}
[    1.001361] CPUunderclocking:     !! Wrmsr(after write): done. {Wrmsr kernel/smp.c:692}
[    1.001523] CPUunderclocking:   !! Wrmsr(before write): core:1/64 idx:c0010069 valx:8000012b00006e51...  {Wrmsr kernel/smp.c:653}
[    1.001717] CPUunderclocking:     !! Wrmsr(after write): done. {Wrmsr kernel/smp.c:692}
[    1.001847] CPUunderclocking:   !! Wrmsr(before write): core:2/64 idx:c0010069 valx:8000012b00006e51...  {Wrmsr kernel/smp.c:653}
[    1.002041] CPUunderclocking:     !! Wrmsr(after write): done. {Wrmsr kernel/smp.c:692}
[    1.002203] CPUunderclocking:   !! Wrmsr(before write): core:3/64 idx:c0010069 valx:8000012b00006e51...  {Wrmsr kernel/smp.c:653}
[    1.002372] CPUunderclocking:     !! Wrmsr(after write): done. {Wrmsr kernel/smp.c:692}
[    1.002534] CPUunderclocking: !! Write(3of3) PState5 done. {WritePState kernel/smp.c:862}
[    1.002696] CPUunderclocking:   !! Rdmsr(1of2): core:0 idx:c001006a ... {Rdmsr kernel/smp.c:710}
[    1.002835] CPUunderclocking:     !! Rdmsr(2of2): core:0 idx:c001006a done. (resultx==80000127000060b3 hi:80000127 lo:000060b3) {Rdmsr kernel/smp.c:726}
[    1.003002] CPUunderclocking:   !! Rdmsr(1of2): core:1 idx:c001006a ... {Rdmsr kernel/smp.c:710}
[    1.003198] CPUunderclocking:     !! Rdmsr(2of2): core:1 idx:c001006a done. (resultx==80000127000060b3 hi:80000127 lo:000060b3) {Rdmsr kernel/smp.c:726}
[    1.003365] CPUunderclocking:   !! Rdmsr(1of2): core:2 idx:c001006a ... {Rdmsr kernel/smp.c:710}
[    1.003557] CPUunderclocking:     !! Rdmsr(2of2): core:2 idx:c001006a done. (resultx==80000127000060b3 hi:80000127 lo:000060b3) {Rdmsr kernel/smp.c:726}
[    1.003724] CPUunderclocking:   !! Rdmsr(1of2): core:3 idx:c001006a ... {Rdmsr kernel/smp.c:710}
[    1.003852] CPUunderclocking:     !! Rdmsr(2of2): core:3 idx:c001006a done. (resultx==80000127000060b3 hi:80000127 lo:000060b3) {Rdmsr kernel/smp.c:726}
[    1.004018] CPUunderclocking: !! Write(1of3) PState6 read : fid:11 did:3 vid:48 Multi:N/A {WritePState kernel/smp.c:840}
[    1.006119] CPUunderclocking: !! Write(2of3) PState6 write:2 did:1 vid:59 (multi:12) ... {WritePState kernel/smp.c:860}
[    1.006283] CPUunderclocking:   !! Wrmsr(before write): core:0/64 idx:c001006a valx:8000012700007621...  {Wrmsr kernel/smp.c:653}
[    1.006452] CPUunderclocking:     !! Wrmsr(after write): done. {Wrmsr kernel/smp.c:692}
[    1.006615] CPUunderclocking:   !! Wrmsr(before write): core:1/64 idx:c001006a valx:8000012700007621...  {Wrmsr kernel/smp.c:653}
[    1.006809] CPUunderclocking:     !! Wrmsr(after write): done. {Wrmsr kernel/smp.c:692}
[    1.006925] CPUunderclocking:   !! Wrmsr(before write): core:2/64 idx:c001006a valx:8000012700007621...  {Wrmsr kernel/smp.c:653}
[    1.007077] CPUunderclocking:     !! Wrmsr(after write): done. {Wrmsr kernel/smp.c:692}
[    1.007240] CPUunderclocking:   !! Wrmsr(before write): core:3/64 idx:c001006a valx:8000012700007621...  {Wrmsr kernel/smp.c:653}
[    1.007409] CPUunderclocking:     !! Wrmsr(after write): done. {Wrmsr kernel/smp.c:692}
[    1.007570] CPUunderclocking: !! Write(3of3) PState6 done. {WritePState kernel/smp.c:862}
[    1.007732] CPUunderclocking:   !! Rdmsr(1of2): core:0 idx:c001006b ... {Rdmsr kernel/smp.c:710}
[    1.007854] CPUunderclocking:     !! Rdmsr(2of2): core:0 idx:c001006b done. (resultx==8000012500006504 hi:80000125 lo:00006504) {Rdmsr kernel/smp.c:726}
[    1.008021] CPUunderclocking:   !! Rdmsr(1of2): core:1 idx:c001006b ... {Rdmsr kernel/smp.c:710}
[    1.008187] CPUunderclocking:     !! Rdmsr(2of2): core:1 idx:c001006b done. (resultx==8000012500006504 hi:80000125 lo:00006504) {Rdmsr kernel/smp.c:726}
[    1.008354] CPUunderclocking:   !! Rdmsr(1of2): core:2 idx:c001006b ... {Rdmsr kernel/smp.c:710}
[    1.008547] CPUunderclocking:     !! Rdmsr(2of2): core:2 idx:c001006b done. (resultx==8000012500006504 hi:80000125 lo:00006504) {Rdmsr kernel/smp.c:726}
[    1.008713] CPUunderclocking:   !! Rdmsr(1of2): core:3 idx:c001006b ... {Rdmsr kernel/smp.c:710}
[    1.008875] CPUunderclocking:     !! Rdmsr(2of2): core:3 idx:c001006b done. (resultx==8000012500006504 hi:80000125 lo:00006504) {Rdmsr kernel/smp.c:726}
[    1.009042] CPUunderclocking: !! Write(1of3) PState7 read : fid:16 did:4 vid:50 Multi:N/A {WritePState kernel/smp.c:840}
[    1.009207] CPUunderclocking: !! Write(2of3) PState7 write:0 did:2 vid:67 (multi:8) ... {WritePState kernel/smp.c:860}
[    1.009371] CPUunderclocking:   !! Wrmsr(before write): core:0/64 idx:c001006b valx:8000012500008602...  {Wrmsr kernel/smp.c:653}
[    1.009537] CPUunderclocking:     !! Wrmsr(after write): done. {Wrmsr kernel/smp.c:692}
[    1.009701] CPUunderclocking:   !! Wrmsr(before write): core:1/64 idx:c001006b valx:8000012500008602...  {Wrmsr kernel/smp.c:653}
[    1.009866] CPUunderclocking:     !! Wrmsr(after write): done. {Wrmsr kernel/smp.c:692}
[    1.010028] CPUunderclocking:   !! Wrmsr(before write): core:2/64 idx:c001006b valx:8000012500008602...  {Wrmsr kernel/smp.c:653}
[    1.010222] CPUunderclocking:     !! Wrmsr(after write): done. {Wrmsr kernel/smp.c:692}
[    1.010384] CPUunderclocking:   !! Wrmsr(before write): core:3/64 idx:c001006b valx:8000012500008602...  {Wrmsr kernel/smp.c:653}
[    1.010578] CPUunderclocking:     !! Wrmsr(after write): done. {Wrmsr kernel/smp.c:692}
[    1.010740] CPUunderclocking: !! Write(3of3) PState7 done. {WritePState kernel/smp.c:862}
[    1.010861] CPUunderclocking: Switching to another p-state temporarily so to ensure that the current one uses newly applied values {apply_underclocking_if_needed kernel/smp.c:925}
[    1.011068] CPUunderclocking:   !! Rdmsr(1of2): core:0 idx:c0010071 ... {Rdmsr kernel/smp.c:710}
[    1.011232] CPUunderclocking:     !! Rdmsr(2of2): core:0 idx:c0010071 done. (resultx==003160975a014fa3 hi:00316097 lo:5a014fa3) {Rdmsr kernel/smp.c:726}
[    1.011399] CPUunderclocking:   !! Rdmsr(1of2): core:1 idx:c0010071 ... {Rdmsr kernel/smp.c:710}
[    1.011572] CPUunderclocking:     !! Rdmsr(2of2): core:1 idx:c0010071 done. (resultx==003160975a014fa3 hi:00316097 lo:5a014fa3) {Rdmsr kernel/smp.c:726}
[    1.011738] CPUunderclocking:   !! Rdmsr(1of2): core:2 idx:c0010071 ... {Rdmsr kernel/smp.c:710}
[    1.011890] CPUunderclocking:     !! Rdmsr(2of2): core:2 idx:c0010071 done. (resultx==003160975a014fa3 hi:00316097 lo:5a014fa3) {Rdmsr kernel/smp.c:726}
[    1.012055] CPUunderclocking:   !! Rdmsr(1of2): core:3 idx:c0010071 ... {Rdmsr kernel/smp.c:710}
[    1.012245] CPUunderclocking:     !! Rdmsr(2of2): core:3 idx:c0010071 done. (resultx==003160975a014fa3 hi:00316097 lo:5a014fa3) {Rdmsr kernel/smp.c:726}
[    1.012409] CPUunderclocking: !! currentpstate:1 temppstate:7 {apply_underclocking_if_needed kernel/smp.c:933}
[    1.012570] CPUunderclocking:   !! Rdmsr(1of2): core:0 idx:c0010062 ... {Rdmsr kernel/smp.c:710}
[    1.012729] CPUunderclocking:     !! Rdmsr(2of2): core:0 idx:c0010062 done. (resultx==0000000000000000 hi:00000000 lo:00000000) {Rdmsr kernel/smp.c:726}
[    1.012851] CPUunderclocking:   !! Rdmsr(1of2): core:1 idx:c0010062 ... {Rdmsr kernel/smp.c:710}
[    1.013043] CPUunderclocking:     !! Rdmsr(2of2): core:1 idx:c0010062 done. (resultx==0000000000000000 hi:00000000 lo:00000000) {Rdmsr kernel/smp.c:726}
[    1.013207] CPUunderclocking:   !! Rdmsr(1of2): core:2 idx:c0010062 ... {Rdmsr kernel/smp.c:710}
[    1.013396] CPUunderclocking:     !! Rdmsr(2of2): core:2 idx:c0010062 done. (resultx==0000000000000000 hi:00000000 lo:00000000) {Rdmsr kernel/smp.c:726}
[    1.013559] CPUunderclocking:   !! Rdmsr(1of2): core:3 idx:c0010062 ... {Rdmsr kernel/smp.c:710}
[    1.013749] CPUunderclocking:     !! Rdmsr(2of2): core:3 idx:c0010062 done. (resultx==0000000000000000 hi:00000000 lo:00000000) {Rdmsr kernel/smp.c:726}
[    1.013870] CPUunderclocking:   !! Wrmsr(before write): core:0/64 idx:c0010062 valx:0000000000000006...  {Wrmsr kernel/smp.c:653}
[    1.014035] CPUunderclocking:     !! Wrmsr(after write): done. {Wrmsr kernel/smp.c:692}
[    1.014205] CPUunderclocking:   !! Wrmsr(before write): core:1/64 idx:c0010062 valx:0000000000000006...  {Wrmsr kernel/smp.c:653}
[    1.014410] CPUunderclocking:     !! Wrmsr(after write): done. {Wrmsr kernel/smp.c:692}
[    1.014580] CPUunderclocking:   !! Wrmsr(before write): core:2/64 idx:c0010062 valx:0000000000000006...  {Wrmsr kernel/smp.c:653}
[    1.014785] CPUunderclocking:     !! Wrmsr(after write): done. {Wrmsr kernel/smp.c:692}
[    1.014911] CPUunderclocking:   !! Wrmsr(before write): core:3/64 idx:c0010062 valx:0000000000000006...  {Wrmsr kernel/smp.c:653}
[    1.015089] CPUunderclocking:     !! Wrmsr(after write): done. {Wrmsr kernel/smp.c:692}
[    1.015259] CPUunderclocking:   !! Rdmsr(1of2): core:0 idx:c0010063 ... {Rdmsr kernel/smp.c:710}
[    1.015431] CPUunderclocking:     !! Rdmsr(2of2): core:0 idx:c0010063 done. (resultx==0000000000000006 hi:00000000 lo:00000006) {Rdmsr kernel/smp.c:726}
[    1.015607] CPUunderclocking:   !! Rdmsr(1of2): core:1 idx:c0010063 ... {Rdmsr kernel/smp.c:710}
[    1.015819] CPUunderclocking:     !! Rdmsr(2of2): core:1 idx:c0010063 done. (resultx==0000000000000006 hi:00000000 lo:00000006) {Rdmsr kernel/smp.c:726}
[    1.016026] CPUunderclocking:   !! Rdmsr(1of2): core:2 idx:c0010063 ... {Rdmsr kernel/smp.c:710}
[    1.016214] CPUunderclocking:     !! Rdmsr(2of2): core:2 idx:c0010063 done. (resultx==0000000000000006 hi:00000000 lo:00000006) {Rdmsr kernel/smp.c:726}
[    1.016398] CPUunderclocking:   !! Rdmsr(1of2): core:3 idx:c0010063 ... {Rdmsr kernel/smp.c:710}
[    1.016578] CPUunderclocking:     !! Rdmsr(2of2): core:3 idx:c0010063 done. (resultx==0000000000000006 hi:00000000 lo:00000006) {Rdmsr kernel/smp.c:726}
[    1.016757] CPUunderclocking: i(16bits)=6 j(64bits)=6 wantedpstate=6 {SetCurrentPState kernel/smp.c:903}
[    1.016884] CPUunderclocking:   !! Rdmsr(1of2): core:0 idx:c0010071 ... {Rdmsr kernel/smp.c:710}
[    1.017059] CPUunderclocking:     !! Rdmsr(2of2): core:0 idx:c0010071 done. (resultx==003160975a078602 hi:00316097 lo:5a078602) {Rdmsr kernel/smp.c:726}
[    1.017238] CPUunderclocking:   !! Rdmsr(1of2): core:1 idx:c0010071 ... {Rdmsr kernel/smp.c:710}
[    1.017452] CPUunderclocking:     !! Rdmsr(2of2): core:1 idx:c0010071 done. (resultx==003160975a078602 hi:00316097 lo:5a078602) {Rdmsr kernel/smp.c:726}
[    1.017678] CPUunderclocking:   !! Rdmsr(1of2): core:2 idx:c0010071 ... {Rdmsr kernel/smp.c:710}
[    1.017881] CPUunderclocking:     !! Rdmsr(2of2): core:2 idx:c0010071 done. (resultx==003160975a078602 hi:00316097 lo:5a078602) {Rdmsr kernel/smp.c:726}
[    1.018060] CPUunderclocking:   !! Rdmsr(1of2): core:3 idx:c0010071 ... {Rdmsr kernel/smp.c:710}
[    1.018239] CPUunderclocking:     !! Rdmsr(2of2): core:3 idx:c0010071 done. (resultx==003160975a078602 hi:00316097 lo:5a078602) {Rdmsr kernel/smp.c:726}
[    1.018419] CPUunderclocking: !! currentpstate:7 {apply_underclocking_if_needed kernel/smp.c:935}
[    1.018592] CPUunderclocking:   !! Rdmsr(1of2): core:0 idx:c0010062 ... {Rdmsr kernel/smp.c:710}
[    1.018767] CPUunderclocking:     !! Rdmsr(2of2): core:0 idx:c0010062 done. (resultx==0000000000000006 hi:00000000 lo:00000006) {Rdmsr kernel/smp.c:726}
[    1.018900] CPUunderclocking:   !! Rdmsr(1of2): core:1 idx:c0010062 ... {Rdmsr kernel/smp.c:710}
[    1.019113] CPUunderclocking:     !! Rdmsr(2of2): core:1 idx:c0010062 done. (resultx==0000000000000006 hi:00000000 lo:00000006) {Rdmsr kernel/smp.c:726}
[    1.019338] CPUunderclocking:   !! Rdmsr(1of2): core:2 idx:c0010062 ... {Rdmsr kernel/smp.c:710}
[    1.019531] CPUunderclocking:     !! Rdmsr(2of2): core:2 idx:c0010062 done. (resultx==0000000000000006 hi:00000000 lo:00000006) {Rdmsr kernel/smp.c:726}
[    1.019716] CPUunderclocking:   !! Rdmsr(1of2): core:3 idx:c0010062 ... {Rdmsr kernel/smp.c:710}
[    1.019861] CPUunderclocking:     !! Rdmsr(2of2): core:3 idx:c0010062 done. (resultx==0000000000000006 hi:00000000 lo:00000006) {Rdmsr kernel/smp.c:726}
[    1.020041] CPUunderclocking:   !! Wrmsr(before write): core:0/64 idx:c0010062 valx:0000000000000000...  {Wrmsr kernel/smp.c:653}
[    1.020217] CPUunderclocking:     !! Wrmsr(after write): done. {Wrmsr kernel/smp.c:692}
[    1.020386] CPUunderclocking:   !! Wrmsr(before write): core:1/64 idx:c0010062 valx:0000000000000000...  {Wrmsr kernel/smp.c:653}
[    1.020587] CPUunderclocking:     !! Wrmsr(after write): done. {Wrmsr kernel/smp.c:692}
[    1.020791] CPUunderclocking:   !! Wrmsr(before write): core:2/64 idx:c0010062 valx:0000000000000000...  {Wrmsr kernel/smp.c:653}
[    1.020951] CPUunderclocking:     !! Wrmsr(after write): done. {Wrmsr kernel/smp.c:692}
[    1.021157] CPUunderclocking:   !! Wrmsr(before write): core:3/64 idx:c0010062 valx:0000000000000000...  {Wrmsr kernel/smp.c:653}
[    1.021322] CPUunderclocking:     !! Wrmsr(after write): done. {Wrmsr kernel/smp.c:692}
[    1.021481] CPUunderclocking:   !! Rdmsr(1of2): core:0 idx:c0010063 ... {Rdmsr kernel/smp.c:710}
[    1.023566] CPUunderclocking:     !! Rdmsr(2of2): core:0 idx:c0010063 done. (resultx==0000000000000000 hi:00000000 lo:00000000) {Rdmsr kernel/smp.c:726}
[    1.023728] CPUunderclocking:   !! Rdmsr(1of2): core:1 idx:c0010063 ... {Rdmsr kernel/smp.c:710}
[    1.023881] CPUunderclocking:     !! Rdmsr(2of2): core:1 idx:c0010063 done. (resultx==0000000000000000 hi:00000000 lo:00000000) {Rdmsr kernel/smp.c:726}
[    1.024043] CPUunderclocking:   !! Rdmsr(1of2): core:2 idx:c0010063 ... {Rdmsr kernel/smp.c:710}
[    1.024229] CPUunderclocking:     !! Rdmsr(2of2): core:2 idx:c0010063 done. (resultx==0000000000000000 hi:00000000 lo:00000000) {Rdmsr kernel/smp.c:726}
[    1.024391] CPUunderclocking:   !! Rdmsr(1of2): core:3 idx:c0010063 ... {Rdmsr kernel/smp.c:710}
[    1.024576] CPUunderclocking:     !! Rdmsr(2of2): core:3 idx:c0010063 done. (resultx==0000000000000000 hi:00000000 lo:00000000) {Rdmsr kernel/smp.c:726}
[    1.024738] CPUunderclocking: i(16bits)=0 j(64bits)=0 wantedpstate=0 {SetCurrentPState kernel/smp.c:903}
[    1.024858] CPUunderclocking:   !! Rdmsr(1of2): core:0 idx:c0010071 ... {Rdmsr kernel/smp.c:710}
[    1.025018] CPUunderclocking:     !! Rdmsr(2of2): core:0 idx:c0010071 done. (resultx==003160975a015440 hi:00316097 lo:5a015440) {Rdmsr kernel/smp.c:726}
[    1.025180] CPUunderclocking:   !! Rdmsr(1of2): core:1 idx:c0010071 ... {Rdmsr kernel/smp.c:710}
[    1.025364] CPUunderclocking:     !! Rdmsr(2of2): core:1 idx:c0010071 done. (resultx==003160975a015440 hi:00316097 lo:5a015440) {Rdmsr kernel/smp.c:726}
[    1.025527] CPUunderclocking:   !! Rdmsr(1of2): core:2 idx:c0010071 ... {Rdmsr kernel/smp.c:710}
[    1.025711] CPUunderclocking:     !! Rdmsr(2of2): core:2 idx:c0010071 done. (resultx==003160975a015440 hi:00316097 lo:5a015440) {Rdmsr kernel/smp.c:726}
[    1.025842] CPUunderclocking:   !! Rdmsr(1of2): core:3 idx:c0010071 ... {Rdmsr kernel/smp.c:710}
[    1.026026] CPUunderclocking:     !! Rdmsr(2of2): core:3 idx:c0010071 done. (resultx==003160975a015440 hi:00316097 lo:5a015440) {Rdmsr kernel/smp.c:726}
[    1.026188] CPUunderclocking: !! currentpstate:1 {apply_underclocking_if_needed kernel/smp.c:937}
[    1.026348] CPUunderclocking: done. {apply_underclocking_if_needed kernel/smp.c:940}
[    1.026505] smpboot: Boot done
[    1.026624] ----------------
[    1.026694] | NMI testsuite:
[    1.026812] --------------------
[    1.026882]   remote IPI:  ok  |
[    0.926795]    local IPI:  ok  |
[    0.936708] --------------------
[    0.940005] Good, all   2 testcases passed! |
[    0.940129] ---------------------------------
[    0.940255] smpboot: Before bogomips
[    0.940367] smpboot: Total of 4 processors activated (11183.20 BogoMIPS)
[    0.940445] smpboot: Before bogocount - setting activated=1
[    0.941400] devtmpfs: initialized
[    0.941400] device: 'platform': device_add
[    0.943660] bus: 'platform': registered
[    0.943993] bus: 'cpu': registered
[    0.944180] device: 'cpu': device_add
[    0.944748] bus: 'container': registered
[    0.944934] device: 'container': device_add
[    0.947310] bus: 'workqueue': registered
[    0.947506] device: 'workqueue': device_add
[    0.947166] kworker/u8:0 (39) used greatest stack depth: 14072 bytes left
[    0.948068] clocksource: jiffies: mask: 0xffffffff max_cycles: 0xffffffff, max_idle_ns: 6370867519511994 ns
[    0.948398] atomic64_test: passed for x86-64 platform with CX8 and with SSE
[    0.948398] device class 'regulator': registering
[    0.948398] Registering platform device 'reg-dummy'. Parent at platform
[    0.950015] device: 'reg-dummy': device_add
[    0.950187] bus: 'platform': add device reg-dummy
[    0.950582] bus: 'platform': add driver reg-dummy
[    0.950791] bus: 'platform': driver_probe_device: matched device reg-dummy with driver reg-dummy
[    0.951012] bus: 'platform': really_probe: probing driver reg-dummy with device reg-dummy
[    0.951261] device: 'regulator.0': device_add
[    0.951951] regulator-dummy: no parameters
[    0.952202] driver: 'reg-dummy': driver_bound: bound to device 'reg-dummy'
[    0.952376] bus: 'platform': really_probe: bound device reg-dummy to driver reg-dummy
[    0.953269] NET: Registered protocol family 16
[    0.953662] device class 'bdi': registering
[    0.953962] bus: 'platform': add driver ramoops
[    0.954298] device class 'pci_bus': registering
[    0.954655] bus: 'pci': registered
[    0.954841] device class 'backlight': registering
[    0.955039] device class 'tty': registering
[    0.955284] device class 'vtconsole': registering
[    0.955471] device: 'vtcon0': device_add
[    0.956161] bus: 'node': registered
[    0.956346] device: 'node': device_add
[    0.957044] bus: 'i2c': registered
[    0.957254] bus: 'i2c': add driver dummy
[    0.957541] i2c-core: driver [dummy] registered
[    0.963369] cpuidle: using governor ladder
[    0.976687] cpuidle: using governor menu
[    0.977536] ACPI FADT declares the system doesn't support PCIe ASPM, so disable it
[    0.977755] ACPI: bus type PCI registered
[    0.977881] acpiphp: ACPI Hot Plug PCI Controller Driver version: 0.5
[    0.977974] device class 'dmi': registering
[    0.978198] device: 'id': device_add
[    0.980840] PCI: MMCONFIG for domain 0000 [bus 00-3f] at [mem 0xf8000000-0xfbffffff] (base 0xf8000000)
[    0.981013] PCI: not using MMCONFIG
[    0.981143] PCI: Using configuration type 1 for base access
[    0.981268] PCI: Using configuration type 1 for extended access
[    0.981735] device: 'node0': device_add
[    0.982070] bus: 'node': add device node0
[    0.982453] device: 'cpu0': device_add
[    0.982596] bus: 'cpu': add device cpu0
[    0.983045] device: 'cpu1': device_add
[    0.983279] bus: 'cpu': add device cpu1
[    0.983606] device: 'cpu2': device_add
[    0.983842] bus: 'cpu': add device cpu2
[    0.984278] device: 'cpu3': device_add
[    0.984515] bus: 'cpu': add device cpu3
[    0.986874] kworker/u8:0 (80) used greatest stack depth: 13824 bytes left
[    1.050507] device: 'writeback': device_add
[    1.050507] bus: 'workqueue': add device writeback
[    1.050891] device class 'block': registering
[    1.050891] device class 'graphics': registering
[    1.053337] ACPI: Added _OSI(Module Device)
[    1.053337] ACPI: Added _OSI(Processor Device)
[    1.053337] ACPI: Added _OSI(3.0 _SCP Extensions)
[    1.053337] ACPI: Added _OSI(Processor Aggregator Device)
[    1.176888] [Firmware Bug]: ACPI: BIOS _OSI(Linux) query ignored
[    1.187029] ACPI : EC: +++++ EC started +++++
[    1.220206] ACPI: Interpreter enabled
[    1.220404] ACPI: (supports S0 S5)
[    1.220530] ACPI: Using IOAPIC for interrupt routing
[    1.225121] PCI: MMCONFIG for domain 0000 [bus 00-3f] at [mem 0xf8000000-0xfbffffff] (base 0xf8000000)
[    1.235401] PCI: MMCONFIG at [mem 0xf8000000-0xfbffffff] reserved in ACPI motherboard resources
[    1.236671] bus: 'acpi': registered
[    1.236671] PCI: Using host bridge windows from ACPI; if necessary, use "pci=nocrs" and report a bug
[    1.236671] device: 'LNXSYSTM:00': device_add
[    1.236728] bus: 'acpi': add device LNXSYSTM:00
[    1.237538] device: 'LNXCPU:00': device_add
[    1.237765] bus: 'acpi': add device LNXCPU:00
[    1.238599] device: 'LNXCPU:01': device_add
[    1.238823] bus: 'acpi': add device LNXCPU:01
[    1.240016] device: 'LNXCPU:02': device_add
[    1.240016] bus: 'acpi': add device LNXCPU:02
[    1.240685] device: 'LNXCPU:03': device_add
[    1.240910] bus: 'acpi': add device LNXCPU:03
[    1.242388] device: 'LNXSYBUS:00': device_add
[    1.242619] bus: 'acpi': add device LNXSYBUS:00
[    1.244172] device: 'PNP0C0C:00': device_add
[    1.244324] bus: 'acpi': add device PNP0C0C:00
[    1.245910] device: 'PNP0A08:00': device_add
[    1.246141] bus: 'acpi': add device PNP0A08:00
[    1.247620] device: 'PNP0C02:00': device_add
[    1.247857] bus: 'acpi': add device PNP0C02:00
[    1.249619] device: 'device:00': device_add
[    1.249845] bus: 'acpi': add device device:00
[    1.251310] device: 'device:01': device_add
[    1.251542] bus: 'acpi': add device device:01
[    1.253333] device: 'device:02': device_add
[    1.253333] bus: 'acpi': add device device:02
[    1.254885] device: 'device:03': device_add
[    1.255112] bus: 'acpi': add device device:03
[    1.256671] device: 'LNXVIDEO:00': device_add
[    1.256728] bus: 'acpi': add device LNXVIDEO:00
[    1.258403] device: 'device:04': device_add
[    1.258639] bus: 'acpi': add device device:04
[    1.260292] device: 'device:05': device_add
[    1.260524] bus: 'acpi': add device device:05
[    1.261966] device: 'device:06': device_add
[    1.262198] bus: 'acpi': add device device:06
[    1.263768] device: 'device:07': device_add
[    1.263999] bus: 'acpi': add device device:07
[    1.265439] device: 'device:08': device_add
[    1.265670] bus: 'acpi': add device device:08
[    1.267370] device: 'device:09': device_add
[    1.267602] bus: 'acpi': add device device:09
[    1.269055] device: 'device:0a': device_add
[    1.269270] bus: 'acpi': add device device:0a
[    1.270957] device: 'device:0b': device_add
[    1.271185] bus: 'acpi': add device device:0b
[    1.272564] device: 'device:0c': device_add
[    1.272802] bus: 'acpi': add device device:0c
[    1.274873] device: 'device:0d': device_add
[    1.275099] bus: 'acpi': add device device:0d
[    1.277968] device: 'device:0e': device_add
[    1.278179] bus: 'acpi': add device device:0e
[    1.280011] device: 'device:0f': device_add
[    1.280237] bus: 'acpi': add device device:0f
[    1.281654] device: 'device:10': device_add
[    1.281885] bus: 'acpi': add device device:10
[    1.283614] device: 'device:11': device_add
[    1.283840] bus: 'acpi': add device device:11
[    1.285281] device: 'device:12': device_add
[    1.285511] bus: 'acpi': add device device:12
[    1.286953] device: 'device:13': device_add
[    1.287185] bus: 'acpi': add device device:13
[    1.288550] device: 'device:14': device_add
[    1.288780] bus: 'acpi': add device device:14
[    1.290390] device: 'device:15': device_add
[    1.290618] bus: 'acpi': add device device:15
[    1.291998] device: 'device:16': device_add
[    1.292225] bus: 'acpi': add device device:16
[    1.293578] device: 'device:17': device_add
[    1.293812] bus: 'acpi': add device device:17
[    1.295259] device: 'device:18': device_add
[    1.295440] bus: 'acpi': add device device:18
[    1.297189] device: 'device:19': device_add
[    1.297325] bus: 'acpi': add device device:19
[    1.298765] device: 'device:1a': device_add
[    1.298995] bus: 'acpi': add device device:1a
[    1.300425] device: 'device:1b': device_add
[    1.300656] bus: 'acpi': add device device:1b
[    1.302350] device: 'device:1c': device_add
[    1.302582] bus: 'acpi': add device device:1c
[    1.304033] device: 'device:1d': device_add
[    1.304253] bus: 'acpi': add device device:1d
[    1.305641] device: 'device:1e': device_add
[    1.305871] bus: 'acpi': add device device:1e
[    1.307582] device: 'device:1f': device_add
[    1.307813] bus: 'acpi': add device device:1f
[    1.309253] device: 'device:20': device_add
[    1.309438] bus: 'acpi': add device device:20
[    1.311171] device: 'device:21': device_add
[    1.311326] bus: 'acpi': add device device:21
[    1.312760] device: 'device:22': device_add
[    1.312992] bus: 'acpi': add device device:22
[    1.314716] device: 'device:23': device_add
[    1.314944] bus: 'acpi': add device device:23
[    1.316670] device: 'device:24': device_add
[    1.316895] bus: 'acpi': add device device:24
[    1.318817] device: 'device:25': device_add
[    1.319043] bus: 'acpi': add device device:25
[    1.320493] device: 'device:26': device_add
[    1.320725] bus: 'acpi': add device device:26
[    1.322380] device: 'device:27': device_add
[    1.322611] bus: 'acpi': add device device:27
[    1.327356] device: 'device:28': device_add
[    1.327583] bus: 'acpi': add device device:28
[    1.332324] device: 'device:29': device_add
[    1.332551] bus: 'acpi': add device device:29
[    1.334226] device: 'device:2a': device_add
[    1.334411] bus: 'acpi': add device device:2a
[    1.339092] device: 'device:2b': device_add
[    1.339302] bus: 'acpi': add device device:2b
[    1.343992] device: 'device:2c': device_add
[    1.344219] bus: 'acpi': add device device:2c
[    1.346541] device: 'device:2d': device_add
[    1.346729] bus: 'acpi': add device device:2d
[    1.348190] device: 'device:2e': device_add
[    1.348375] bus: 'acpi': add device device:2e
[    1.350875] device: 'device:2f': device_add
[    1.351107] bus: 'acpi': add device device:2f
[    1.352559] device: 'device:30': device_add
[    1.352791] bus: 'acpi': add device device:30
[    1.354373] device: 'device:31': device_add
[    1.354605] bus: 'acpi': add device device:31
[    1.356262] device: 'device:32': device_add
[    1.356445] bus: 'acpi': add device device:32
[    1.358603] device: 'PNP0C0F:00': device_add
