[    0.000000] Linux version 5.0.0-rc8-ga215ce8f0e00 (toor@z575) (gcc version 8.2.1 20181127 (GCC)) #41 SMP PREEMPT Sat Mar 2 05:05:06 CET 2019
[    0.000000] Command line: BOOT_IMAGE=/boot/vmlinuz-linux-git root=UUID=a499587c-99ef-4c93-9ea0-b61cb5f13193 rw root_trim=yes rd.luks.allow-discards rd.luks.options=discard ipv6.disable=1 loglevel=9 log_buf_len=16M printk.always_kmsg_dump=y printk.time=y printk.devkmsg=on mminit_loglevel=4 memory_corruption_check=1 fbcon=scrollback:4096k fbcon=font:ProFont6x11 acpi_backlight=vendor radeon.audio=0 radeon.lockup_timeout=999000 radeon.test=0 radeon.agpmode=-1 radeon.benchmark=0 radeon.tv=0 radeon.hard_reset=1 radeon.msi=1 radeon.pcie_gen2=-1 radeon.no_wb=1 radeon.dynclks=0 radeon.r4xx_atom=0 radeonfb radeon.fastfb=1 radeon.dpm=1 radeon.runpm=1 net.ifnames=1 pax_sanitize_slab=full noefi nolvm dobtrfs console=tty1 earlyprintk=vga CPUunderclocking radeon.modeset=1 audit=0 systemd.log_target=kmsg enforcing=0 pcie_aspm=off radeon.aspm=0 udev.children-max=1256 rd.udev.children-max=1256 rcu_nocbs=1-3 nohz=on oops=panic crashkernel=128M psi=1 sysrq_always_enabled random.trust_cpu=off systemd.journa
[    0.000000] KERNEL supported cpus:
[    0.000000]   AMD AuthenticAMD
[    0.000000] x86/fpu: x87 FPU will use FXSAVE
[    0.000000] BIOS-provided physical RAM map:
[    0.000000] BIOS-e820: [mem 0x0000000000000000-0x000000000009d7ff] usable
[    0.000000] BIOS-e820: [mem 0x000000000009d800-0x000000000009ffff] reserved
[    0.000000] BIOS-e820: [mem 0x00000000000e0000-0x00000000000fffff] reserved
[    0.000000] BIOS-e820: [mem 0x0000000000100000-0x00000000bed9afff] usable
[    0.000000] BIOS-e820: [mem 0x00000000bed9b000-0x00000000bf39afff] reserved
[    0.000000] BIOS-e820: [mem 0x00000000bf39b000-0x00000000bf49afff] ACPI NVS
[    0.000000] BIOS-e820: [mem 0x00000000bf49b000-0x00000000bf51afff] ACPI data
[    0.000000] BIOS-e820: [mem 0x00000000bf51b000-0x00000000bfdfffff] usable
[    0.000000] BIOS-e820: [mem 0x00000000bfe00000-0x00000000bfffffff] reserved
[    0.000000] BIOS-e820: [mem 0x00000000fec00000-0x00000000fecfffff] reserved
[    0.000000] BIOS-e820: [mem 0x00000000fed80000-0x00000000fed80fff] reserved
[    0.000000] BIOS-e820: [mem 0x00000000ffe00000-0x00000000ffffffff] reserved
[    0.000000] BIOS-e820: [mem 0x0000000100000000-0x000000041effffff] usable
[    0.000000] printk: bootconsole [earlyvga0] enabled
[    0.000000] NX (Execute Disable) protection: active
[    0.000000] SMBIOS 2.6 present.
[    0.000000] DMI: LENOVO Sabine/Torpedo, BIOS 54CN18WW 07/20/2011
[    0.000000] tsc: Fast TSC calibration using PIT
[    0.000000] tsc: Detected 1397.483 MHz processor
[    0.002065] e820: update [mem 0x00000000-0x00000fff] usable ==> reserved
[    0.003868] e820: remove [mem 0x000a0000-0x000fffff] usable
[    0.005642] last_pfn = 0x41f000 max_arch_pfn = 0x400000000
[    0.007443] MTRR default type: uncachable
[    0.009355] MTRR fixed ranges enabled:
[    0.011269]   00000-9FFFF write-back
[    0.013182]   A0000-BFFFF uncachable
[    0.015094]   C0000-FFFFF write-protect
[    0.017006] MTRR variable ranges enabled:
[    0.018919]   0 base 0000000000 mask FF80000000 write-back
[    0.020708]   1 base 0080000000 mask FFC0000000 write-back
[    0.022477]   2 base 00FFF90000 mask FFFFFF0000 uncachable
[    0.024284]   3 base 00FED80000 mask 0FFFFFF000 uncachable
[    0.026197]   4 disabled
[    0.028109]   5 disabled
[    0.030020]   6 disabled
[    0.031932]   7 base 00FFE00000 mask FFFFE00000 write-protect
[    0.033847] TOM2: 000000041f000000 aka 16880M
[    0.036010] x86/PAT: Configuration [0-7]: WB  WC  UC- UC  WB  WP  UC- WT  
[    0.038287] mtrr: your BIOS has configured an incorrect mask, fixing it.
[    0.041952] last_pfn = 0xbfe00 max_arch_pfn = 0x400000000
[    0.047389] found SMP MP-table at [mem 0x000fa8b0-0x000fa8bf] mapped at [(____ptrval____)]
[    0.051378] Base memory trampoline at [(____ptrval____)] 97000 size 24576
[    0.053290] Using GB pages for direct mapping
[    0.055056] BRK [0x3f6201000, 0x3f6201fff] PGTABLE
[    0.056820] BRK [0x3f6202000, 0x3f6202fff] PGTABLE
[    0.058704] BRK [0x3f6203000, 0x3f6203fff] PGTABLE
[    0.060668] BRK [0x3f6204000, 0x3f6204fff] PGTABLE
[    0.062582] BRK [0x3f6205000, 0x3f6205fff] PGTABLE
[    0.064751] BRK [0x3f6206000, 0x3f6206fff] PGTABLE
[    0.066706] BRK [0x3f6207000, 0x3f6207fff] PGTABLE
[    0.068663] BRK [0x3f6208000, 0x3f6208fff] PGTABLE
[    0.075100] printk: log_buf_len: 16777216 bytes
[    0.077148] printk: early log buf free: 2092644(99%)
[    0.079076] RAMDISK: [mem 0x32059000-0x35023fff]
[    0.081086] ACPI: Early table checksum verification disabled
[    0.083085] ACPI: RSDP 0x00000000000F0110 000024 (v02 LENOVO)
[    0.085003] ACPI: XSDT 0x00000000BF51A120 000074 (v01 LENOVO CB-01    00000001 LENO 00000001)
[    0.088612] ACPI: FACP 0x00000000BF508000 0000F4 (v04 LENOVO CB-01    00000001 PTL  00000001)
[    0.092283] ACPI: DSDT 0x00000000BF50A000 00FD10 (v01 LENOVO CB-01    00001000 LENO 00000001)
[    0.096115] ACPI: FACS 0x00000000BF478000 000040
[    0.098029] ACPI: FACS 0x00000000BF478000 000040
[    0.099943] ACPI: HPET 0x00000000BF507000 000038 (v01 LENOVO CB-01    00000001 PTL  00000001)
[    0.103682] ACPI: APIC 0x00000000BF506000 00007A (v02 LENOVO CB-01    00000001 PTL  00000001)
[    0.107221] ACPI: MCFG 0x00000000BF505000 00003C (v01 LENOVO CB-01    00000001 PTL  00000001)
[    0.111047] ACPI: SLIC 0x00000000BF504000 000176 (v01 LENOVO CB-01    00000001 LENO 00000001)
[    0.114876] ACPI: UEFI 0x00000000BF503000 00003E (v01 LENOVO CB-01    00000001 PTL  00000001)
[    0.118706] ACPI: UEFI 0x00000000BF502000 000042 (v01 PTL    COMBUF   00000001 PTL  00000001)
[    0.122288] ACPI: SSDT 0x00000000BF501000 000E34 (v01 AMD    POWERNOW 00000001 AMD  00000001)
[    0.125988] ACPI: SSDT 0x00000000BF4FF000 00193D (v02 AMD    ALIB     00000001 MSFT 04000000)
[    0.129817] ACPI: UEFI 0x00000000BF4FE000 00021A (v01 LENOVO CB-01    00000001 PTL  00000001)
[    0.133653] ACPI: Local APIC address 0xfee00000
[    0.135751] No NUMA configuration found
[    0.137540] Faking a node at [mem 0x0000000000000000-0x000000041effffff]
[    0.139313] NODE_DATA(0) allocated [mem 0x41dffc000-0x41dffffff]
[    0.141133] Reserving 128MB of memory at 672MB for crashkernel (System RAM: 15846MB)
[    0.144984] Zone ranges:
[    0.146897]   DMA      [mem 0x0000000000001000-0x0000000000ffffff]
[    0.148812]   DMA32    [mem 0x0000000001000000-0x00000000ffffffff]
[    0.150726]   Normal   [mem 0x0000000100000000-0x000000041effffff]
[    0.152640] Movable zone start for each node
[    0.154408] Early memory node ranges
[    0.156180]   node   0: [mem 0x0000000000001000-0x000000000009cfff]
[    0.157998]   node   0: [mem 0x0000000000100000-0x00000000bed9afff]
[    0.159911]   node   0: [mem 0x00000000bf51b000-0x00000000bfdfffff]
[    0.161823]   node   0: [mem 0x0000000100000000-0x000000041effffff]
[    0.163793] Zeroed struct page in unavailable ranges: 2532 pages
[    0.163795] Initmem setup node 0 [mem 0x0000000000001000-0x000000041effffff]
[    0.167624] On node 0 totalpages: 4056604
[    0.169534]   DMA zone: 64 pages used for memmap
[    0.171307]   DMA zone: 21 pages reserved
[    0.173066]   DMA zone: 3996 pages, LIFO batch:0
[    0.175027]   DMA32 zone: 12186 pages used for memmap
[    0.176941]   DMA32 zone: 779904 pages, LIFO batch:63
[    0.204614]   Normal zone: 51136 pages used for memmap
[    0.206662]   Normal zone: 3272704 pages, LIFO batch:63
[    0.209769] ACPI: PM-Timer IO Port: 0x808
[    0.211683] ACPI: Local APIC address 0xfee00000
[    0.213602] ACPI: LAPIC_NMI (acpi_id[0x00] high edge lint[0x1])
[    0.215517] ACPI: LAPIC_NMI (acpi_id[0x01] high edge lint[0x1])
[    0.217431] ACPI: LAPIC_NMI (acpi_id[0x02] high edge lint[0x1])
[    0.219344] ACPI: LAPIC_NMI (acpi_id[0x03] high edge lint[0x1])
[    0.221135] IOAPIC[0]: apic_id 2, version 33, address 0xfec00000, GSI 0-23
[    0.222902] ACPI: INT_SRC_OVR (bus 0 bus_irq 0 global_irq 2 dfl dfl)
[    0.224715] ACPI: IRQ0 used by override.
[    0.226629] ACPI: IRQ9 used by override.
[    0.228543] Using ACPI (MADT) for SMP configuration information
[    0.230457] ACPI: HPET id: 0x43538210 base: 0xfed00000
[    0.232371] smpboot: Allowing 4 CPUs, 0 hotplug CPUs
[    0.234302] [mem 0xc0000000-0xfebfffff] available for PCI devices
[    0.236220] clocksource: refined-jiffies: mask: 0xffffffff max_cycles: 0xffffffff, max_idle_ns: 1910969940391419 ns
[    0.369843] random: get_random_bytes called from start_kernel+0x8a/0x483 with crng_init=0
[    0.373481] setup_percpu: NR_CPUS:64 nr_cpumask_bits:64 nr_cpu_ids:4 nr_node_ids:1
[    0.377774] percpu: Embedded 37 pages/cpu @(____ptrval____) s113688 r8192 d29672 u524288
[    0.381608] pcpu-alloc: s113688 r8192 d29672 u524288 alloc=1*2097152
[    0.383522] pcpu-alloc: [0] 0 1 2 3 
[    0.385456] Built 1 zonelists, mobility grouping on.  Total pages: 3993197
[    0.387307] Policy zone: Normal
[    0.389076] Kernel command line: BOOT_IMAGE=/boot/vmlinuz-linux-git root=UUID=a499587c-99ef-4c93-9ea0-b61cb5f13193 rw root_trim=yes rd.luks.allow-discards rd.luks.options=discard ipv6.disable=1 loglevel=9 log_buf_len=16M printk.always_kmsg_dump=y printk.time=y printk.devkmsg=on mminit_loglevel=4 memory_corruption_check=1 fbcon=scrollback:4096k fbcon=font:ProFont6x11 acpi_backlight=vendor radeon.audio=0 radeon.lockup_timeout=999000 radeon.test=0 radeon.agpmode=-1 radeon.benchmark=0 radeon.tv=0 radeon.hard_reset=1 radeon.msi=1 radeon.pcie_gen2=-1 radeon.no_wb=1 radeon.dynclks=0 radeon.r4xx_atom=0 radeonfb radeon.fastfb=1 radeon.dpm=1 radeon.runpm=1 net.ifnames=1 pax_sanitize_slab=full noefi nolvm dobtrfs console=tty1 earlyprintk=vga CPUunderclocking radeon.modeset=1 audit=0 systemd.log_target=kmsg enforcing=0 pcie_aspm=off radeon.aspm=0 udev.children-max=1256 rd.udev.children-max=1256 rcu_nocbs=1-3 nohz=on oops=panic crashkernel=128M psi=1 sysrq_always_enabled random.trust_cpu=off systemd
[    0.389315] PCIe ASPM is disabled
[    0.415643] sysrq: sysrq always enabled.
[    0.450895] Memory: 3021040K/16226416K available (12291K kernel code, 582K rwdata, 2720K rodata, 908K init, 3612K bss, 543732K reserved, 0K cma-reserved)
[    0.454844] SLUB: HWalign=64, Order=0-3, MinObjects=0, CPUs=4, Nodes=1
[    0.456667] rcu: Preemptible hierarchical RCU implementation.
[    0.458476] rcu: 	RCU restricting CPUs from NR_CPUS=64 to nr_cpu_ids=4.
[    0.460391] 	Tasks RCU enabled.
[    0.462304] rcu: RCU calculated value of scheduler-enlistment delay is 100 jiffies.
[    0.466131] rcu: Adjusting geometry for rcu_fanout_leaf=16, nr_cpu_ids=4
[    0.468069] NR_IRQS: 4352, nr_irqs: 456, preallocated irqs: 16
[    0.470303] spurious 8259A interrupt: IRQ7.
[    0.473265] Console: colour VGA+ 80x25
[    0.475069] printk: console [tty1] enabled
[    0.477032] printk: bootconsole [earlyvga0] disabled
[    0.479020] ACPI: Core revision 20181213
[    0.479418] clocksource: hpet: mask: 0xffffffff max_cycles: 0xffffffff, max_idle_ns: 133484873504 ns
[    0.479465] hpet clockevent registered
[    0.479502] APIC: Switch to symmetric I/O mode setup
[    0.479878] ..TIMER: vector=0x30 apic1=0 pin1=2 apic2=-1 pin2=-1
[    0.484516] clocksource: tsc-early: mask: 0xffffffffffffffff max_cycles: 0x1424d688049, max_idle_ns: 440795209559 ns
[    0.484600] Calibrating delay loop (skipped), value calculated using timer frequency.. 2794.96 BogoMIPS (lpj=1397483)
[    0.484691] pid_max: default: 32768 minimum: 301
[    0.484783] LSM: Security Framework initializing
[    0.489482] Dentry cache hash table entries: 2097152 (order: 12, 16777216 bytes)
[    0.491915] Inode-cache hash table entries: 1048576 (order: 11, 8388608 bytes)
[    0.492161] Mount-cache hash table entries: 32768 (order: 6, 262144 bytes)
[    0.492307] Mountpoint-cache hash table entries: 32768 (order: 6, 262144 bytes)
[    0.492638] [Firmware Info]: CPU: Setting workaround for AMD erratum 665 Integer Divide Instruction May Cause Unpredictable Behavior (set 'no665wo' in /proc/cmdline to disable)
[    0.492848] mce: CPU supports 6 MCE banks
[    0.492917] Last level iTLB entries: 4KB 512, 2MB 16, 4MB 8
[    0.492980] Last level dTLB entries: 4KB 1024, 2MB 128, 4MB 64, 1GB 0
[    0.493047] Spectre V2 : Mitigation: Full AMD retpoline
[    0.493109] Spectre V2 : Spectre v2 / SpectreRSB mitigation: Filling RSB on context switch
[    0.493334] Freeing SMP alternatives memory: 36K
[    0.494580] APIC calibration not consistent with PM-Timer: 583ms instead of 100ms
[    0.494580] APIC delta adjusted to PM-Timer: 1247728 (7286648)
[    0.494580] smpboot: CPU0: AMD A6-3400M APU with Radeon(tm) HD Graphics (family: 0x12, model: 0x1, stepping: 0x0)
[    0.499603] Performance Events: AMD PMU driver.
[    0.499735] ... version:                0
[    0.499798] ... bit width:              48
[    0.499860] ... generic registers:      4
[    0.499924] ... value mask:             0000ffffffffffff
[    0.499987] ... max period:             00007fffffffffff
[    0.500051] ... fixed-purpose events:   0
[    0.500113] ... event mask:             000000000000000f
[    0.501589] rcu: Hierarchical SRCU implementation.
[    0.503684] MCE: In-kernel MCE decoding enabled.
[    0.504614] NMI watchdog: Enabled. Permanently consumes one hw-PMU counter.
[    0.506595] smp: Bringing up secondary CPUs ...
[    0.506715] started {early_reset_EHCIs kernel/smp.c:1314}
[    0.506780] early_pci_allowed {early_reset_EHCIs kernel/smp.c:1320}
[    0.507018] Found EHCI on 00:12.2 {kline kernel/smp.c:1240}
[    0.507084] bar_val: f014a900 {kline kernel/smp.c:1243}
[    0.507152] ehci_bar: (____ptrval____) {kline kernel/smp.c:1265}
[    0.507219] n_ports:    5 {kline kernel/smp.c:1272}
[    0.507283] BIOS USB Legacy is likely Enabled. {kline kernel/smp.c:1287}
[    0.507349] before setting FLAG_CF {ehci_status kernel/smp.c:1056}
[    0.507414]   ehci cmd     : 00080B00 {ehci_status kernel/smp.c:1058}
[    0.507480]   ehci conf flg: 00000000 {ehci_status kernel/smp.c:1059}
[    0.507546]   ehci status  : 00001000 {ehci_status kernel/smp.c:1060}
[    0.507585] port 1 status 00003000 {ehci_status kernel/smp.c:1063}
[    0.507651] port 2 status 00003000 {ehci_status kernel/smp.c:1063}
[    0.507717] port 3 status 00003000 {ehci_status kernel/smp.c:1063}
[    0.507783] port 4 status 00003000 {ehci_status kernel/smp.c:1063}
[    0.507849] port 5 status 00003000 {ehci_status kernel/smp.c:1063}
[    0.507914] after setting FLAG_CF {ehci_status kernel/smp.c:1056}
[    0.508584]   ehci cmd     : 00080B00 {ehci_status kernel/smp.c:1058}
[    0.508646]   ehci conf flg: 00000001 {ehci_status kernel/smp.c:1059}
[    0.508707]   ehci status  : 00001000 {ehci_status kernel/smp.c:1060}
[    0.508768] port 1 status 00001000 {ehci_status kernel/smp.c:1063}
[    0.508830] port 2 status 00001000 {ehci_status kernel/smp.c:1063}
[    0.508892] port 3 status 00001803 {ehci_status kernel/smp.c:1063}
[    0.508954] port 4 status 00001000 {ehci_status kernel/smp.c:1063}
[    0.509016] port 5 status 00001000 {ehci_status kernel/smp.c:1063}
[    0.509076] ended {kline kernel/smp.c:1305}
[    0.509146] Found EHCI on 00:13.2 {kline kernel/smp.c:1240}
[    0.509207] bar_val: f014a800 {kline kernel/smp.c:1243}
[    0.509268] ehci_bar: (____ptrval____) {kline kernel/smp.c:1265}
[    0.509330] n_ports:    5 {kline kernel/smp.c:1272}
[    0.509390] BIOS USB Legacy is likely Enabled. {kline kernel/smp.c:1287}
[    0.509583] before setting FLAG_CF {ehci_status kernel/smp.c:1056}
[    0.509644]   ehci cmd     : 00080B00 {ehci_status kernel/smp.c:1058}
[    0.509705]   ehci conf flg: 00000000 {ehci_status kernel/smp.c:1059}
[    0.509767]   ehci status  : 00001000 {ehci_status kernel/smp.c:1060}
[    0.509829] port 1 status 00003000 {ehci_status kernel/smp.c:1063}
[    0.509890] port 2 status 00003000 {ehci_status kernel/smp.c:1063}
[    0.509951] port 3 status 00003000 {ehci_status kernel/smp.c:1063}
[    0.510013] port 4 status 00003002 {ehci_status kernel/smp.c:1063}
[    0.510075] port 5 status 00003000 {ehci_status kernel/smp.c:1063}
[    0.510136] after setting FLAG_CF {ehci_status kernel/smp.c:1056}
[    0.510588]   ehci cmd     : 00080B00 {ehci_status kernel/smp.c:1058}
[    0.510650]   ehci conf flg: 00000001 {ehci_status kernel/smp.c:1059}
[    0.510711]   ehci status  : 00001000 {ehci_status kernel/smp.c:1060}
[    0.510773] port 1 status 00001803 {ehci_status kernel/smp.c:1063}
[    0.510834] port 2 status 00001403 {ehci_status kernel/smp.c:1063}
[    0.510895] port 3 status 00001803 {ehci_status kernel/smp.c:1063}
[    0.510956] port 4 status 00001803 {ehci_status kernel/smp.c:1063}
[    0.511584] port 5 status 00001000 {ehci_status kernel/smp.c:1063}
[    0.511643] ended {kline kernel/smp.c:1305}
[    0.584167] ended, failed 0 times {early_reset_EHCIs kernel/smp.c:1333}
[    0.584229] All EHCI controllers were reset. {smp_init kernel/smp.c:1356}
[    0.591629] smpboot: ++++++++++++++++++++=_---CPU UP  1
[    0.591752] x86: Booting SMP configuration:
[    0.591817] .... node  #0, CPUs:      #1
[    0.591820] smpboot: Setting warm reset code and vector.
[    0.591948] smpboot: Asserting INIT
[    0.592011] smpboot: Waiting for send to finish...
[    0.592075] smpboot: Deasserting INIT
[    0.592137] smpboot: Waiting for send to finish...
[    0.592201] smpboot: #startup loops: 2
[    0.592264] smpboot: Sending STARTUP #1
[    0.592327] smpboot: After apic_write
[    0.592398] smpboot: Startup point 1
[    0.592461] smpboot: Waiting for send to finish...
[    0.592595] smpboot: Sending STARTUP #2
[    0.592657] smpboot: After apic_write
[    0.592729] smpboot: Startup point 1
[    0.592791] smpboot: Waiting for send to finish...
[    0.592864] smpboot: After Startup
[    0.010302] [Firmware Info]: CPU: Setting workaround for AMD erratum 665 Integer Divide Instruction May Cause Unpredictable Behavior (set 'no665wo' in /proc/cmdline to disable)
[    0.010302] smpboot: Stack at about (____ptrval____)
[    0.593580] TSC synchronization [CPU#0 -> CPU#1]:
[    0.593580] Measured 131240517 cycles TSC warp between CPUs, turning off TSC clock.
[    0.593580] tsc: Marking TSC unstable due to check_tsc_sync_source failed
[    0.010302] do_IRQ: 1.55 No irq handler for vector
[    0.602597] smpboot: ++++++++++++++++++++=_---CPU UP  2
[    0.602719]  #2
[    0.602719] smpboot: Setting warm reset code and vector.
[    0.602845] smpboot: Asserting INIT
[    0.602907] smpboot: Waiting for send to finish...
[    0.602970] smpboot: Deasserting INIT
[    0.603033] smpboot: Waiting for send to finish...
[    0.603097] smpboot: #startup loops: 2
[    0.603159] smpboot: Sending STARTUP #1
[    0.603222] smpboot: After apic_write
[    0.603294] smpboot: Startup point 1
[    0.603356] smpboot: Waiting for send to finish...
[    0.603430] smpboot: Sending STARTUP #2
[    0.603493] smpboot: After apic_write
[    0.603565] smpboot: Startup point 1
[    0.603584] smpboot: Waiting for send to finish...
[    0.603658] smpboot: After Startup
[    0.010302] [Firmware Info]: CPU: Setting workaround for AMD erratum 665 Integer Divide Instruction May Cause Unpredictable Behavior (set 'no665wo' in /proc/cmdline to disable)
[    0.010302] smpboot: Stack at about (____ptrval____)
[    0.010302] do_IRQ: 2.55 No irq handler for vector
[    0.611596] smpboot: ++++++++++++++++++++=_---CPU UP  3
[    0.611715]  #3
[    0.611715] smpboot: Setting warm reset code and vector.
[    0.611838] smpboot: Asserting INIT
[    0.611899] smpboot: Waiting for send to finish...
[    0.611962] smpboot: Deasserting INIT
[    0.612023] smpboot: Waiting for send to finish...
[    0.612086] smpboot: #startup loops: 2
[    0.612147] smpboot: Sending STARTUP #1
[    0.612208] smpboot: After apic_write
[    0.612279] smpboot: Startup point 1
[    0.612340] smpboot: Waiting for send to finish...
[    0.612412] smpboot: Sending STARTUP #2
[    0.612474] smpboot: After apic_write
[    0.612546] smpboot: Startup point 1
[    0.612584] smpboot: Waiting for send to finish...
[    0.612656] smpboot: After Startup
[    0.010302] [Firmware Info]: CPU: Setting workaround for AMD erratum 665 Integer Divide Instruction May Cause Unpredictable Behavior (set 'no665wo' in /proc/cmdline to disable)
[    0.010302] smpboot: Stack at about (____ptrval____)
[    0.010302] do_IRQ: 3.55 No irq handler for vector
[    0.612810] smp: Brought up 1 node, 4 CPUs
[    0.612810] CPUunderclocking: activating(?)=1 {apply_underclocking_if_needed kernel/smp.c:971}
[    0.612821] CPUunderclocking: activating... {apply_underclocking_if_needed kernel/smp.c:973}
[    0.612951] CPUunderclocking:   !! Rdmsr(1of2): core:0 idx:c0010064 ... {Rdmsr kernel/smp.c:721}
[    0.613717] CPUunderclocking:     !! Rdmsr(2of2): core:0 idx:c0010064 done. (resultx==8000017d000025e2 hi:8000017d lo:000025e2) {Rdmsr kernel/smp.c:737}
[    0.613853] CPUunderclocking:   !! Rdmsr(1of2): core:1 idx:c0010064 ... {Rdmsr kernel/smp.c:721}
[    0.613965] CPUunderclocking:     !! Rdmsr(2of2): core:1 idx:c0010064 done. (resultx==8000017d000025e2 hi:8000017d lo:000025e2) {Rdmsr kernel/smp.c:737}
[    0.613965] CPUunderclocking:   !! Rdmsr(1of2): core:2 idx:c0010064 ... {Rdmsr kernel/smp.c:721}
[    0.613965] CPUunderclocking:     !! Rdmsr(2of2): core:2 idx:c0010064 done. (resultx==8000017d000025e2 hi:8000017d lo:000025e2) {Rdmsr kernel/smp.c:737}
[    0.613965] CPUunderclocking:   !! Rdmsr(1of2): core:3 idx:c0010064 ... {Rdmsr kernel/smp.c:721}
[    0.614590] CPUunderclocking:     !! Rdmsr(2of2): core:3 idx:c0010064 done. (resultx==8000017d000025e2 hi:8000017d lo:000025e2) {Rdmsr kernel/smp.c:737}
[    0.615584] CPUunderclocking: !! Write(1of3) PState0 read : fid:30 did:2 vid:18 Multi:N/A {WritePState kernel/smp.c:879}
[    0.615720] CPUunderclocking: !! Write(2of3) PState0 write:13 did:0 vid:21 (multi:29) ... {WritePState kernel/smp.c:907}
[    0.615849] CPUunderclocking:   !! Wrmsr(before write): core:0/64 idx:c0010064 valx:8000017d00002ad0 ...  {Wrmsr kernel/smp.c:662}
[    0.615940] CPUunderclocking:     !! Wrmsr(after write): done. {Wrmsr kernel/smp.c:701}
[    0.616072] CPUunderclocking:   !! Wrmsr(before write): core:1/64 idx:c0010064 valx:8000017d00002ad0 ...  {Wrmsr kernel/smp.c:662}
[    0.616212] CPUunderclocking:     !! Wrmsr(after write): done. {Wrmsr kernel/smp.c:701}
[    0.616344] CPUunderclocking:   !! Wrmsr(before write): core:2/64 idx:c0010064 valx:8000017d00002ad0 ...  {Wrmsr kernel/smp.c:662}
[    0.616587] CPUunderclocking:     !! Wrmsr(after write): done. {Wrmsr kernel/smp.c:701}
[    0.616719] CPUunderclocking:   !! Wrmsr(before write): core:3/64 idx:c0010064 valx:8000017d00002ad0 ...  {Wrmsr kernel/smp.c:662}
[    0.616857] CPUunderclocking:     !! Wrmsr(after write): done. {Wrmsr kernel/smp.c:701}
[    0.616967] CPUunderclocking: !! Write(3of3) PState0 done. status:0 (0=success) {WritePState kernel/smp.c:909}
[    0.617101] CPUunderclocking:   !! Rdmsr(1of2): core:0 idx:c0010065 ... {Rdmsr kernel/smp.c:721}
[    0.617236] CPUunderclocking:     !! Rdmsr(2of2): core:0 idx:c0010065 done. (resultx==8000014000004fa3 hi:80000140 lo:00004fa3) {Rdmsr kernel/smp.c:737}
[    0.617373] CPUunderclocking:   !! Rdmsr(1of2): core:1 idx:c0010065 ... {Rdmsr kernel/smp.c:721}
[    0.617508] CPUunderclocking:     !! Rdmsr(2of2): core:1 idx:c0010065 done. (resultx==8000014000004fa3 hi:80000140 lo:00004fa3) {Rdmsr kernel/smp.c:737}
[    0.617604] CPUunderclocking:   !! Rdmsr(1of2): core:2 idx:c0010065 ... {Rdmsr kernel/smp.c:721}
[    0.617742] CPUunderclocking:     !! Rdmsr(2of2): core:2 idx:c0010065 done. (resultx==8000014000004fa3 hi:80000140 lo:00004fa3) {Rdmsr kernel/smp.c:737}
[    0.617742] CPUunderclocking:   !! Rdmsr(1of2): core:3 idx:c0010065 ... {Rdmsr kernel/smp.c:721}
[    0.617829] CPUunderclocking:     !! Rdmsr(2of2): core:3 idx:c0010065 done. (resultx==8000014000004fa3 hi:80000140 lo:00004fa3) {Rdmsr kernel/smp.c:737}
[    0.617829] CPUunderclocking: !! Write(1of3) PState1 read : fid:26 did:3 vid:39 Multi:N/A {WritePState kernel/smp.c:879}
[    0.617858] CPUunderclocking: !! Write(2of3) PState1 write:13 did:0 vid:21 (multi:29) ... {WritePState kernel/smp.c:907}
[    0.617993] CPUunderclocking:   !! Wrmsr(before write): core:0/64 idx:c0010065 valx:8000014000002ad0 ...  {Wrmsr kernel/smp.c:662}
[    0.618585] CPUunderclocking:     !! Wrmsr(after write): done. {Wrmsr kernel/smp.c:701}
[    0.618718] CPUunderclocking:   !! Wrmsr(before write): core:1/64 idx:c0010065 valx:8000014000002ad0 ...  {Wrmsr kernel/smp.c:662}
[    0.618857] CPUunderclocking:     !! Wrmsr(after write): done. {Wrmsr kernel/smp.c:701}
[    0.618944] CPUunderclocking:   !! Wrmsr(before write): core:2/64 idx:c0010065 valx:8000014000002ad0 ...  {Wrmsr kernel/smp.c:662}
[    0.619084] CPUunderclocking:     !! Wrmsr(after write): done. {Wrmsr kernel/smp.c:701}
[    0.619217] CPUunderclocking:   !! Wrmsr(before write): core:3/64 idx:c0010065 valx:8000014000002ad0 ...  {Wrmsr kernel/smp.c:662}
[    0.619355] CPUunderclocking:     !! Wrmsr(after write): done. {Wrmsr kernel/smp.c:701}
[    0.619488] CPUunderclocking: !! Write(3of3) PState1 done. status:0 (0=success) {WritePState kernel/smp.c:909}
[    0.619584] CPUunderclocking:   !! Rdmsr(1of2): core:0 idx:c0010066 ... {Rdmsr kernel/smp.c:721}
[    0.619718] CPUunderclocking:     !! Rdmsr(2of2): core:0 idx:c0010066 done. (resultx==8000013700005573 hi:80000137 lo:00005573) {Rdmsr kernel/smp.c:737}
[    0.619832] CPUunderclocking:   !! Rdmsr(1of2): core:1 idx:c0010066 ... {Rdmsr kernel/smp.c:721}
[    0.619920] CPUunderclocking:     !! Rdmsr(2of2): core:1 idx:c0010066 done. (resultx==8000013700005573 hi:80000137 lo:00005573) {Rdmsr kernel/smp.c:737}
[    0.619920] CPUunderclocking:   !! Rdmsr(1of2): core:2 idx:c0010066 ... {Rdmsr kernel/smp.c:721}
[    0.619929] CPUunderclocking:     !! Rdmsr(2of2): core:2 idx:c0010066 done. (resultx==8000013700005573 hi:80000137 lo:00005573) {Rdmsr kernel/smp.c:737}
[    0.619929] CPUunderclocking:   !! Rdmsr(1of2): core:3 idx:c0010066 ... {Rdmsr kernel/smp.c:721}
[    0.620587] CPUunderclocking:     !! Rdmsr(2of2): core:3 idx:c0010066 done. (resultx==8000013700005573 hi:80000137 lo:00005573) {Rdmsr kernel/smp.c:737}
[    0.620723] CPUunderclocking: !! Write(1of3) PState2 read : fid:23 did:3 vid:42 Multi:N/A {WritePState kernel/smp.c:879}
[    0.620833] CPUunderclocking: !! Write(2of3) PState2 write:12 did:0 vid:23 (multi:28) ... {WritePState kernel/smp.c:907}
[    0.620923] CPUunderclocking:   !! Wrmsr(before write): core:0/64 idx:c0010066 valx:8000013700002ec0 ...  {Wrmsr kernel/smp.c:662}
[    0.621060] CPUunderclocking:     !! Wrmsr(after write): done. {Wrmsr kernel/smp.c:701}
[    0.621193] CPUunderclocking:   !! Wrmsr(before write): core:1/64 idx:c0010066 valx:8000013700002ec0 ...  {Wrmsr kernel/smp.c:662}
[    0.621333] CPUunderclocking:     !! Wrmsr(after write): done. {Wrmsr kernel/smp.c:701}
[    0.621595] CPUunderclocking:   !! Wrmsr(before write): core:2/64 idx:c0010066 valx:8000013700002ec0 ...  {Wrmsr kernel/smp.c:662}
[    0.621735] CPUunderclocking:     !! Wrmsr(after write): done. {Wrmsr kernel/smp.c:701}
[    0.621868] CPUunderclocking:   !! Wrmsr(before write): core:3/64 idx:c0010066 valx:8000013700002ec0 ...  {Wrmsr kernel/smp.c:662}
[    0.621979] CPUunderclocking:     !! Wrmsr(after write): done. {Wrmsr kernel/smp.c:701}
[    0.622112] CPUunderclocking: !! Write(3of3) PState2 done. status:0 (0=success) {WritePState kernel/smp.c:909}
[    0.622247] CPUunderclocking:   !! Rdmsr(1of2): core:0 idx:c0010067 ... {Rdmsr kernel/smp.c:721}
[    0.622381] CPUunderclocking:     !! Rdmsr(2of2): core:0 idx:c0010067 done. (resultx==8000013200005b43 hi:80000132 lo:00005b43) {Rdmsr kernel/smp.c:737}
[    0.622519] CPUunderclocking:   !! Rdmsr(1of2): core:1 idx:c0010067 ... {Rdmsr kernel/smp.c:721}
[    0.622584] CPUunderclocking:     !! Rdmsr(2of2): core:1 idx:c0010067 done. (resultx==8000013200005b43 hi:80000132 lo:00005b43) {Rdmsr kernel/smp.c:737}
[    0.622722] CPUunderclocking:   !! Rdmsr(1of2): core:2 idx:c0010067 ... {Rdmsr kernel/smp.c:721}
[    0.622858] CPUunderclocking:     !! Rdmsr(2of2): core:2 idx:c0010067 done. (resultx==8000013200005b43 hi:80000132 lo:00005b43) {Rdmsr kernel/smp.c:737}
[    0.622858] CPUunderclocking:   !! Rdmsr(1of2): core:3 idx:c0010067 ... {Rdmsr kernel/smp.c:721}
[    0.622858] CPUunderclocking:     !! Rdmsr(2of2): core:3 idx:c0010067 done. (resultx==8000013200005b43 hi:80000132 lo:00005b43) {Rdmsr kernel/smp.c:737}
[    0.622858] CPUunderclocking: !! Write(1of3) PState3 read : fid:20 did:3 vid:45 Multi:N/A {WritePState kernel/smp.c:879}
[    0.622858] CPUunderclocking: !! Write(2of3) PState3 write:10 did:0 vid:29 (multi:26) ... {WritePState kernel/smp.c:907}
[    0.623584] CPUunderclocking:   !! Wrmsr(before write): core:0/64 idx:c0010067 valx:8000013200003aa0 ...  {Wrmsr kernel/smp.c:662}
[    0.623720] CPUunderclocking:     !! Wrmsr(after write): done. {Wrmsr kernel/smp.c:701}
[    0.623853] CPUunderclocking:   !! Wrmsr(before write): core:1/64 idx:c0010067 valx:8000013200003aa0 ...  {Wrmsr kernel/smp.c:662}
[    0.623966] CPUunderclocking:     !! Wrmsr(after write): done. {Wrmsr kernel/smp.c:701}
[    0.624099] CPUunderclocking:   !! Wrmsr(before write): core:2/64 idx:c0010067 valx:8000013200003aa0 ...  {Wrmsr kernel/smp.c:662}
[    0.624238] CPUunderclocking:     !! Wrmsr(after write): done. {Wrmsr kernel/smp.c:701}
[    0.624371] CPUunderclocking:   !! Wrmsr(before write): core:3/64 idx:c0010067 valx:8000013200003aa0 ...  {Wrmsr kernel/smp.c:662}
[    0.624509] CPUunderclocking:     !! Wrmsr(after write): done. {Wrmsr kernel/smp.c:701}
[    0.624583] CPUunderclocking: !! Write(3of3) PState3 done. status:0 (0=success) {WritePState kernel/smp.c:909}
[    0.624718] CPUunderclocking:   !! Rdmsr(1of2): core:0 idx:c0010068 ... {Rdmsr kernel/smp.c:721}
[    0.624852] CPUunderclocking:     !! Rdmsr(2of2): core:0 idx:c0010068 done. (resultx==8000012e00005d13 hi:8000012e lo:00005d13) {Rdmsr kernel/smp.c:737}
[    0.624943] CPUunderclocking:   !! Rdmsr(1of2): core:1 idx:c0010068 ... {Rdmsr kernel/smp.c:721}
[    0.625078] CPUunderclocking:     !! Rdmsr(2of2): core:1 idx:c0010068 done. (resultx==8000012e00005d13 hi:8000012e lo:00005d13) {Rdmsr kernel/smp.c:737}
[    0.625078] CPUunderclocking:   !! Rdmsr(1of2): core:2 idx:c0010068 ... {Rdmsr kernel/smp.c:721}
[    0.625078] CPUunderclocking:     !! Rdmsr(2of2): core:2 idx:c0010068 done. (resultx==8000012e00005d13 hi:8000012e lo:00005d13) {Rdmsr kernel/smp.c:737}
[    0.625583] CPUunderclocking:   !! Rdmsr(1of2): core:3 idx:c0010068 ... {Rdmsr kernel/smp.c:721}
[    0.625718] CPUunderclocking:     !! Rdmsr(2of2): core:3 idx:c0010068 done. (resultx==8000012e00005d13 hi:8000012e lo:00005d13) {Rdmsr kernel/smp.c:737}
[    0.625788] CPUunderclocking: !! Write(1of3) PState4 read : fid:17 did:3 vid:46 Multi:N/A {WritePState kernel/smp.c:879}
[    0.625878] CPUunderclocking: !! Write(2of3) PState4 write:8 did:0 vid:33 (multi:24) ... {WritePState kernel/smp.c:907}
[    0.626014] CPUunderclocking:   !! Wrmsr(before write): core:0/64 idx:c0010068 valx:8000012e00004280 ...  {Wrmsr kernel/smp.c:662}
[    0.626151] CPUunderclocking:     !! Wrmsr(after write): done. {Wrmsr kernel/smp.c:701}
[    0.626284] CPUunderclocking:   !! Wrmsr(before write): core:1/64 idx:c0010068 valx:8000012e00004280 ...  {Wrmsr kernel/smp.c:662}
[    0.626592] CPUunderclocking:     !! Wrmsr(after write): done. {Wrmsr kernel/smp.c:701}
[    0.626725] CPUunderclocking:   !! Wrmsr(before write): core:2/64 idx:c0010068 valx:8000012e00004280 ...  {Wrmsr kernel/smp.c:662}
[    0.626865] CPUunderclocking:     !! Wrmsr(after write): done. {Wrmsr kernel/smp.c:701}
[    0.626974] CPUunderclocking:   !! Wrmsr(before write): core:3/64 idx:c0010068 valx:8000012e00004280 ...  {Wrmsr kernel/smp.c:662}
[    0.627113] CPUunderclocking:     !! Wrmsr(after write): done. {Wrmsr kernel/smp.c:701}
[    0.627245] CPUunderclocking: !! Write(3of3) PState4 done. status:0 (0=success) {WritePState kernel/smp.c:909}
[    0.627379] CPUunderclocking:   !! Rdmsr(1of2): core:0 idx:c0010069 ... {Rdmsr kernel/smp.c:721}
[    0.627512] CPUunderclocking:     !! Rdmsr(2of2): core:0 idx:c0010069 done. (resultx==8000012b00005ee3 hi:8000012b lo:00005ee3) {Rdmsr kernel/smp.c:737}
[    0.627583] CPUunderclocking:   !! Rdmsr(1of2): core:1 idx:c0010069 ... {Rdmsr kernel/smp.c:721}
[    0.627721] CPUunderclocking:     !! Rdmsr(2of2): core:1 idx:c0010069 done. (resultx==8000012b00005ee3 hi:8000012b lo:00005ee3) {Rdmsr kernel/smp.c:737}
[    0.627721] CPUunderclocking:   !! Rdmsr(1of2): core:2 idx:c0010069 ... {Rdmsr kernel/smp.c:721}
[    0.627830] CPUunderclocking:     !! Rdmsr(2of2): core:2 idx:c0010069 done. (resultx==8000012b00005ee3 hi:8000012b lo:00005ee3) {Rdmsr kernel/smp.c:737}
[    0.627830] CPUunderclocking:   !! Rdmsr(1of2): core:3 idx:c0010069 ... {Rdmsr kernel/smp.c:721}
[    0.627852] CPUunderclocking:     !! Rdmsr(2of2): core:3 idx:c0010069 done. (resultx==8000012b00005ee3 hi:8000012b lo:00005ee3) {Rdmsr kernel/smp.c:737}
[    0.627852] CPUunderclocking: !! Write(1of3) PState5 read : fid:14 did:3 vid:47 Multi:N/A {WritePState kernel/smp.c:879}
[    0.627852] CPUunderclocking: !! Write(2of3) PState5 write:6 did:0 vid:38 (multi:22) ... {WritePState kernel/smp.c:907}
[    0.628584] CPUunderclocking:   !! Wrmsr(before write): core:0/64 idx:c0010069 valx:8000012b00004c60 ...  {Wrmsr kernel/smp.c:662}
[    0.628718] CPUunderclocking:     !! Wrmsr(after write): done. {Wrmsr kernel/smp.c:701}
[    0.628848] CPUunderclocking:   !! Wrmsr(before write): core:1/64 idx:c0010069 valx:8000012b00004c60 ...  {Wrmsr kernel/smp.c:662}
[    0.628939] CPUunderclocking:     !! Wrmsr(after write): done. {Wrmsr kernel/smp.c:701}
[    0.629069] CPUunderclocking:   !! Wrmsr(before write): core:2/64 idx:c0010069 valx:8000012b00004c60 ...  {Wrmsr kernel/smp.c:662}
[    0.629206] CPUunderclocking:     !! Wrmsr(after write): done. {Wrmsr kernel/smp.c:701}
[    0.629337] CPUunderclocking:   !! Wrmsr(before write): core:3/64 idx:c0010069 valx:8000012b00004c60 ...  {Wrmsr kernel/smp.c:662}
[    0.629472] CPUunderclocking:     !! Wrmsr(after write): done. {Wrmsr kernel/smp.c:701}
[    0.629583] CPUunderclocking: !! Write(3of3) PState5 done. status:0 (0=success) {WritePState kernel/smp.c:909}
[    0.629715] CPUunderclocking:   !! Rdmsr(1of2): core:0 idx:c001006a ... {Rdmsr kernel/smp.c:721}
[    0.629849] CPUunderclocking:     !! Rdmsr(2of2): core:0 idx:c001006a done. (resultx==80000127000060b3 hi:80000127 lo:000060b3) {Rdmsr kernel/smp.c:737}
[    0.629937] CPUunderclocking:   !! Rdmsr(1of2): core:1 idx:c001006a ... {Rdmsr kernel/smp.c:721}
[    0.630069] CPUunderclocking:     !! Rdmsr(2of2): core:1 idx:c001006a done. (resultx==80000127000060b3 hi:80000127 lo:000060b3) {Rdmsr kernel/smp.c:737}
[    0.630069] CPUunderclocking:   !! Rdmsr(1of2): core:2 idx:c001006a ... {Rdmsr kernel/smp.c:721}
[    0.630069] CPUunderclocking:     !! Rdmsr(2of2): core:2 idx:c001006a done. (resultx==80000127000060b3 hi:80000127 lo:000060b3) {Rdmsr kernel/smp.c:737}
[    0.630584] CPUunderclocking:   !! Rdmsr(1of2): core:3 idx:c001006a ... {Rdmsr kernel/smp.c:721}
[    0.630715] CPUunderclocking:     !! Rdmsr(2of2): core:3 idx:c001006a done. (resultx==80000127000060b3 hi:80000127 lo:000060b3) {Rdmsr kernel/smp.c:737}
[    0.630790] CPUunderclocking: !! Write(1of3) PState6 read : fid:11 did:3 vid:48 Multi:N/A {WritePState kernel/smp.c:879}
[    0.630878] CPUunderclocking: !! Write(2of3) PState6 write:5 did:0 vid:41 (multi:21) ... {WritePState kernel/smp.c:907}
[    0.631013] CPUunderclocking:   !! Wrmsr(before write): core:0/64 idx:c001006a valx:8000012700005250 ...  {Wrmsr kernel/smp.c:662}
[    0.631151] CPUunderclocking:     !! Wrmsr(after write): done. {Wrmsr kernel/smp.c:701}
[    0.631283] CPUunderclocking:   !! Wrmsr(before write): core:1/64 idx:c001006a valx:8000012700005250 ...  {Wrmsr kernel/smp.c:662}
[    0.631591] CPUunderclocking:     !! Wrmsr(after write): done. {Wrmsr kernel/smp.c:701}
[    0.631725] CPUunderclocking:   !! Wrmsr(before write): core:2/64 idx:c001006a valx:8000012700005250 ...  {Wrmsr kernel/smp.c:662}
[    0.631864] CPUunderclocking:     !! Wrmsr(after write): done. {Wrmsr kernel/smp.c:701}
[    0.631974] CPUunderclocking:   !! Wrmsr(before write): core:3/64 idx:c001006a valx:8000012700005250 ...  {Wrmsr kernel/smp.c:662}
[    0.632113] CPUunderclocking:     !! Wrmsr(after write): done. {Wrmsr kernel/smp.c:701}
[    0.632246] CPUunderclocking: !! Write(3of3) PState6 done. status:0 (0=success) {WritePState kernel/smp.c:909}
[    0.632380] CPUunderclocking:   !! Rdmsr(1of2): core:0 idx:c001006b ... {Rdmsr kernel/smp.c:721}
[    0.632516] CPUunderclocking:     !! Rdmsr(2of2): core:0 idx:c001006b done. (resultx==8000012500006504 hi:80000125 lo:00006504) {Rdmsr kernel/smp.c:737}
[    0.632583] CPUunderclocking:   !! Rdmsr(1of2): core:1 idx:c001006b ... {Rdmsr kernel/smp.c:721}
[    0.632722] CPUunderclocking:     !! Rdmsr(2of2): core:1 idx:c001006b done. (resultx==8000012500006504 hi:80000125 lo:00006504) {Rdmsr kernel/smp.c:737}
[    0.632722] CPUunderclocking:   !! Rdmsr(1of2): core:2 idx:c001006b ... {Rdmsr kernel/smp.c:721}
[    0.632811] CPUunderclocking:     !! Rdmsr(2of2): core:2 idx:c001006b done. (resultx==8000012500006504 hi:80000125 lo:00006504) {Rdmsr kernel/smp.c:737}
[    0.632811] CPUunderclocking:   !! Rdmsr(1of2): core:3 idx:c001006b ... {Rdmsr kernel/smp.c:721}
[    0.632856] CPUunderclocking:     !! Rdmsr(2of2): core:3 idx:c001006b done. (resultx==8000012500006504 hi:80000125 lo:00006504) {Rdmsr kernel/smp.c:737}
[    0.632856] CPUunderclocking: !! Write(1of3) PState7 read : fid:16 did:4 vid:50 Multi:N/A {WritePState kernel/smp.c:879}
[    0.633588] CPUunderclocking: !! Write(2of3) PState7 write:5 did:1 vid:55 (multi:14) ... {WritePState kernel/smp.c:907}
[    0.633723] CPUunderclocking:   !! Wrmsr(before write): core:0/64 idx:c001006b valx:8000012500006e51 ...  {Wrmsr kernel/smp.c:662}
[    0.633861] CPUunderclocking:     !! Wrmsr(after write): done. {Wrmsr kernel/smp.c:701}
[    0.633970] CPUunderclocking:   !! Wrmsr(before write): core:1/64 idx:c001006b valx:8000012500006e51 ...  {Wrmsr kernel/smp.c:662}
[    0.634109] CPUunderclocking:     !! Wrmsr(after write): done. {Wrmsr kernel/smp.c:701}
[    0.634241] CPUunderclocking:   !! Wrmsr(before write): core:2/64 idx:c001006b valx:8000012500006e51 ...  {Wrmsr kernel/smp.c:662}
[    0.634381] CPUunderclocking:     !! Wrmsr(after write): done. {Wrmsr kernel/smp.c:701}
[    0.634514] CPUunderclocking:   !! Wrmsr(before write): core:3/64 idx:c001006b valx:8000012500006e51 ...  {Wrmsr kernel/smp.c:662}
[    0.634721] CPUunderclocking:     !! Wrmsr(after write): done. {Wrmsr kernel/smp.c:701}
[    0.634853] CPUunderclocking: !! Write(3of3) PState7 done. status:0 (0=success) {WritePState kernel/smp.c:909}
[    0.634965] CPUunderclocking: Switching to another p-state temporarily so to ensure that the current one uses newly applied values {apply_underclocking_if_needed kernel/smp.c:979}
[    0.635128] CPUunderclocking:   !! Rdmsr(1of2): core:0 idx:c0010071 ... {Rdmsr kernel/smp.c:721}
[    0.635264] CPUunderclocking:     !! Rdmsr(2of2): core:0 idx:c0010071 done. (resultx==003160975a014fa3 hi:00316097 lo:5a014fa3) {Rdmsr kernel/smp.c:737}
[    0.635401] CPUunderclocking:   !! Rdmsr(1of2): core:1 idx:c0010071 ... {Rdmsr kernel/smp.c:721}
[    0.635539] CPUunderclocking:     !! Rdmsr(2of2): core:1 idx:c0010071 done. (resultx==003160975a014fa3 hi:00316097 lo:5a014fa3) {Rdmsr kernel/smp.c:737}
[    0.635583] CPUunderclocking:   !! Rdmsr(1of2): core:2 idx:c0010071 ... {Rdmsr kernel/smp.c:721}
[    0.635718] CPUunderclocking:     !! Rdmsr(2of2): core:2 idx:c0010071 done. (resultx==003160975a014fa3 hi:00316097 lo:5a014fa3) {Rdmsr kernel/smp.c:737}
[    0.635718] CPUunderclocking:   !! Rdmsr(1of2): core:3 idx:c0010071 ... {Rdmsr kernel/smp.c:721}
[    0.635800] CPUunderclocking:     !! Rdmsr(2of2): core:3 idx:c0010071 done. (resultx==003160975a014fa3 hi:00316097 lo:5a014fa3) {Rdmsr kernel/smp.c:737}
[    0.635800] CPUunderclocking: !! currentpstate:1 temppstate:7 {apply_underclocking_if_needed kernel/smp.c:987}
[    0.635855] CPUunderclocking:   !! Rdmsr(1of2): core:0 idx:c0010062 ... {Rdmsr kernel/smp.c:721}
[    0.635990] CPUunderclocking:     !! Rdmsr(2of2): core:0 idx:c0010062 done. (resultx==0000000000000000 hi:00000000 lo:00000000) {Rdmsr kernel/smp.c:737}
[    0.636583] CPUunderclocking:   !! Rdmsr(1of2): core:1 idx:c0010062 ... {Rdmsr kernel/smp.c:721}
[    0.636718] CPUunderclocking:     !! Rdmsr(2of2): core:1 idx:c0010062 done. (resultx==0000000000000000 hi:00000000 lo:00000000) {Rdmsr kernel/smp.c:737}
[    0.636740] CPUunderclocking:   !! Rdmsr(1of2): core:2 idx:c0010062 ... {Rdmsr kernel/smp.c:721}
[    0.636855] CPUunderclocking:     !! Rdmsr(2of2): core:2 idx:c0010062 done. (resultx==0000000000000000 hi:00000000 lo:00000000) {Rdmsr kernel/smp.c:737}
[    0.636855] CPUunderclocking:   !! Rdmsr(1of2): core:3 idx:c0010062 ... {Rdmsr kernel/smp.c:721}
[    0.636855] CPUunderclocking:     !! Rdmsr(2of2): core:3 idx:c0010062 done. (resultx==0000000000000000 hi:00000000 lo:00000000) {Rdmsr kernel/smp.c:737}
[    0.636855] CPUunderclocking:   !! Wrmsr(before write): core:0/64 idx:c0010062 valx:0000000000000006 ...  {Wrmsr kernel/smp.c:662}
[    0.637590] CPUunderclocking:     !! Wrmsr(after write): done. {Wrmsr kernel/smp.c:701}
[    0.637724] CPUunderclocking:   !! Wrmsr(before write): core:1/64 idx:c0010062 valx:0000000000000006 ...  {Wrmsr kernel/smp.c:662}
[    0.637864] CPUunderclocking:     !! Wrmsr(after write): done. {Wrmsr kernel/smp.c:701}
[    0.637974] CPUunderclocking:   !! Wrmsr(before write): core:2/64 idx:c0010062 valx:0000000000000006 ...  {Wrmsr kernel/smp.c:662}
[    0.638113] CPUunderclocking:     !! Wrmsr(after write): done. {Wrmsr kernel/smp.c:701}
[    0.638246] CPUunderclocking:   !! Wrmsr(before write): core:3/64 idx:c0010062 valx:0000000000000006 ...  {Wrmsr kernel/smp.c:662}
[    0.638387] CPUunderclocking:     !! Wrmsr(after write): done. {Wrmsr kernel/smp.c:701}
[    0.638521] CPUunderclocking:   !! Rdmsr(1of2): core:0 idx:c0010063 ... {Rdmsr kernel/smp.c:721}
[    0.638585] CPUunderclocking:     !! Rdmsr(2of2): core:0 idx:c0010063 done. (resultx==0000000000000006 hi:00000000 lo:00000006) {Rdmsr kernel/smp.c:737}
[    0.638723] CPUunderclocking:   !! Rdmsr(1of2): core:1 idx:c0010063 ... {Rdmsr kernel/smp.c:721}
[    0.638858] CPUunderclocking:     !! Rdmsr(2of2): core:1 idx:c0010063 done. (resultx==0000000000000000 hi:00000000 lo:00000000) {Rdmsr kernel/smp.c:737}
[    0.638858] CPUunderclocking:     !! Rdmsr(3of2): different results for cores(this is expected to be so, depending on load) core[0] != core[1] (see above KERN_DEBUG msgs) {Rdmsr kernel/smp.c:742}
[    0.638858] CPUunderclocking:   !! Rdmsr(1of2): core:2 idx:c0010063 ... {Rdmsr kernel/smp.c:721}
[    0.638976] CPUunderclocking:     !! Rdmsr(2of2): core:2 idx:c0010063 done. (resultx==0000000000000000 hi:00000000 lo:00000000) {Rdmsr kernel/smp.c:737}
[    0.638976] CPUunderclocking:   !! Rdmsr(1of2): core:3 idx:c0010063 ... {Rdmsr kernel/smp.c:721}
[    0.639593] CPUunderclocking:     !! Rdmsr(2of2): core:3 idx:c0010063 done. (resultx==0000000000000006 hi:00000000 lo:00000006) {Rdmsr kernel/smp.c:737}
[    0.639723] CPUunderclocking:     !! Rdmsr(3of2): different results for cores(this is expected to be so, depending on load) core[2] != core[3] (see above KERN_DEBUG msgs) {Rdmsr kernel/smp.c:742}
[    0.639857] CPUunderclocking: Waiting for PState to settle at wanted. Current: i(16bits)=6 j(64bits)=6 wantedpstate=6 tries left:9 {SetCurrentPState kernel/smp.c:951}
[    0.640021] CPUunderclocking:   !! Rdmsr(1of2): core:0 idx:c0010071 ... {Rdmsr kernel/smp.c:721}
[    0.640158] CPUunderclocking:     !! Rdmsr(2of2): core:0 idx:c0010071 done. (resultx==003160975a074e51 hi:00316097 lo:5a074e51) {Rdmsr kernel/smp.c:737}
[    0.640296] CPUunderclocking:   !! Rdmsr(1of2): core:1 idx:c0010071 ... {Rdmsr kernel/smp.c:721}
[    0.640593] CPUunderclocking:     !! Rdmsr(2of2): core:1 idx:c0010071 done. (resultx==003160975a014fa3 hi:00316097 lo:5a014fa3) {Rdmsr kernel/smp.c:737}
[    0.640783] CPUunderclocking:     !! Rdmsr(3of2): different results for cores(this is expected to be so, depending on load) core[0] != core[1] (see above KERN_DEBUG msgs) {Rdmsr kernel/smp.c:742}
[    0.640949] CPUunderclocking:   !! Rdmsr(1of2): core:2 idx:c0010071 ... {Rdmsr kernel/smp.c:721}
[    0.641044] CPUunderclocking:     !! Rdmsr(2of2): core:2 idx:c0010071 done. (resultx==003160975a014fa3 hi:00316097 lo:5a014fa3) {Rdmsr kernel/smp.c:737}
[    0.641044] CPUunderclocking:   !! Rdmsr(1of2): core:3 idx:c0010071 ... {Rdmsr kernel/smp.c:721}
[    0.641044] CPUunderclocking:     !! Rdmsr(2of2): core:3 idx:c0010071 done. (resultx==003160975a074e51 hi:00316097 lo:5a074e51) {Rdmsr kernel/smp.c:737}
[    0.641044] CPUunderclocking:     !! Rdmsr(3of2): different results for cores(this is expected to be so, depending on load) core[2] != core[3] (see above KERN_DEBUG msgs) {Rdmsr kernel/smp.c:742}
[    0.641583] CPUunderclocking: !! currentpstate:7 {apply_underclocking_if_needed kernel/smp.c:989}
[    0.641717] CPUunderclocking:   !! Rdmsr(1of2): core:0 idx:c0010062 ... {Rdmsr kernel/smp.c:721}
[    0.641853] CPUunderclocking:     !! Rdmsr(2of2): core:0 idx:c0010062 done. (resultx==0000000000000006 hi:00000000 lo:00000006) {Rdmsr kernel/smp.c:737}
[    0.641962] CPUunderclocking:   !! Rdmsr(1of2): core:1 idx:c0010062 ... {Rdmsr kernel/smp.c:721}
[    0.642096] CPUunderclocking:     !! Rdmsr(2of2): core:1 idx:c0010062 done. (resultx==0000000000000006 hi:00000000 lo:00000006) {Rdmsr kernel/smp.c:737}
[    0.642096] CPUunderclocking:   !! Rdmsr(1of2): core:2 idx:c0010062 ... {Rdmsr kernel/smp.c:721}
[    0.642096] CPUunderclocking:     !! Rdmsr(2of2): core:2 idx:c0010062 done. (resultx==0000000000000006 hi:00000000 lo:00000006) {Rdmsr kernel/smp.c:737}
[    0.642587] CPUunderclocking:   !! Rdmsr(1of2): core:3 idx:c0010062 ... {Rdmsr kernel/smp.c:721}
[    0.642719] CPUunderclocking:     !! Rdmsr(2of2): core:3 idx:c0010062 done. (resultx==0000000000000006 hi:00000000 lo:00000006) {Rdmsr kernel/smp.c:737}
[    0.642720] CPUunderclocking:   !! Wrmsr(before write): core:0/64 idx:c0010062 valx:0000000000000000 ...  {Wrmsr kernel/smp.c:662}
[    0.642831] CPUunderclocking:     !! Wrmsr(after write): done. {Wrmsr kernel/smp.c:701}
[    0.642961] CPUunderclocking:   !! Wrmsr(before write): core:1/64 idx:c0010062 valx:0000000000000000 ...  {Wrmsr kernel/smp.c:662}
[    0.643092] CPUunderclocking:     !! Wrmsr(after write): done. {Wrmsr kernel/smp.c:701}
[    0.643217] CPUunderclocking:   !! Wrmsr(before write): core:2/64 idx:c0010062 valx:0000000000000000 ...  {Wrmsr kernel/smp.c:662}
[    0.643348] CPUunderclocking:     !! Wrmsr(after write): done. {Wrmsr kernel/smp.c:701}
[    0.643582] CPUunderclocking:   !! Wrmsr(before write): core:3/64 idx:c0010062 valx:0000000000000000 ...  {Wrmsr kernel/smp.c:662}
[    0.643714] CPUunderclocking:     !! Wrmsr(after write): done. {Wrmsr kernel/smp.c:701}
[    0.643839] CPUunderclocking:   !! Rdmsr(1of2): core:0 idx:c0010063 ... {Rdmsr kernel/smp.c:721}
[    0.643948] CPUunderclocking:     !! Rdmsr(2of2): core:0 idx:c0010063 done. (resultx==0000000000000000 hi:00000000 lo:00000000) {Rdmsr kernel/smp.c:737}
[    0.644077] CPUunderclocking:   !! Rdmsr(1of2): core:1 idx:c0010063 ... {Rdmsr kernel/smp.c:721}
[    0.644204] CPUunderclocking:     !! Rdmsr(2of2): core:1 idx:c0010063 done. (resultx==0000000000000000 hi:00000000 lo:00000000) {Rdmsr kernel/smp.c:737}
[    0.644204] CPUunderclocking:   !! Rdmsr(1of2): core:2 idx:c0010063 ... {Rdmsr kernel/smp.c:721}
[    0.644204] CPUunderclocking:     !! Rdmsr(2of2): core:2 idx:c0010063 done. (resultx==0000000000000000 hi:00000000 lo:00000000) {Rdmsr kernel/smp.c:737}
[    0.644585] CPUunderclocking:   !! Rdmsr(1of2): core:3 idx:c0010063 ... {Rdmsr kernel/smp.c:721}
[    0.644711] CPUunderclocking:     !! Rdmsr(2of2): core:3 idx:c0010063 done. (resultx==0000000000000000 hi:00000000 lo:00000000) {Rdmsr kernel/smp.c:737}
[    0.644711] CPUunderclocking: Waiting for PState to settle at wanted. Current: i(16bits)=0 j(64bits)=0 wantedpstate=0 tries left:9 {SetCurrentPState kernel/smp.c:951}
[    0.644858] CPUunderclocking:   !! Rdmsr(1of2): core:0 idx:c0010071 ... {Rdmsr kernel/smp.c:721}
[    0.644986] CPUunderclocking:     !! Rdmsr(2of2): core:0 idx:c0010071 done. (resultx==003160975a012ad0 hi:00316097 lo:5a012ad0) {Rdmsr kernel/smp.c:737}
[    0.645113] CPUunderclocking:   !! Rdmsr(1of2): core:1 idx:c0010071 ... {Rdmsr kernel/smp.c:721}
[    0.645241] CPUunderclocking:     !! Rdmsr(2of2): core:1 idx:c0010071 done. (resultx==003160975a012ba3 hi:00316097 lo:5a012ba3) {Rdmsr kernel/smp.c:737}
[    0.645585] CPUunderclocking:     !! Rdmsr(3of2): different results for cores(this is expected to be so, depending on load) core[0] != core[1] (see above KERN_DEBUG msgs) {Rdmsr kernel/smp.c:742}
[    0.645738] CPUunderclocking:   !! Rdmsr(1of2): core:2 idx:c0010071 ... {Rdmsr kernel/smp.c:721}
[    0.645869] CPUunderclocking:     !! Rdmsr(2of2): core:2 idx:c0010071 done. (resultx==003160975a012ba3 hi:00316097 lo:5a012ba3) {Rdmsr kernel/smp.c:737}
[    0.645869] CPUunderclocking:   !! Rdmsr(1of2): core:3 idx:c0010071 ... {Rdmsr kernel/smp.c:721}
[    0.645869] CPUunderclocking:     !! Rdmsr(2of2): core:3 idx:c0010071 done. (resultx==003160975a012ad0 hi:00316097 lo:5a012ad0) {Rdmsr kernel/smp.c:737}
[    0.645869] CPUunderclocking:     !! Rdmsr(3of2): different results for cores(this is expected to be so, depending on load) core[2] != core[3] (see above KERN_DEBUG msgs) {Rdmsr kernel/smp.c:742}
[    0.645869] CPUunderclocking: !! currentpstate:1 {apply_underclocking_if_needed kernel/smp.c:991}
[    0.646582] CPUunderclocking: done. {apply_underclocking_if_needed kernel/smp.c:994}
[    0.646709] smpboot: Boot done
[    0.646765] smpboot: Max logical packages: 1
[    0.646820] smpboot: Before bogomips
[    0.646876] smpboot: Total of 4 processors activated (11179.86 BogoMIPS)
[    0.646933] smpboot: Before bogocount - setting activated=1
[    0.648592] node 0 initialised, 3165411 pages in 1ms
[    0.650649] devtmpfs: initialized
[    0.651601] clocksource: jiffies: mask: 0xffffffff max_cycles: 0xffffffff, max_idle_ns: 1911260446275000 ns
[    0.651810] futex hash table entries: 1024 (order: 4, 65536 bytes)
[    0.652022] xor: measuring software checksum speed
[    0.661035]    prefetch64-sse:  6352.000 MB/sec
[    0.671034]    generic_sse:  5756.000 MB/sec
[    0.671143] xor: using function: prefetch64-sse (6352.000 MB/sec)
[    0.671281] regulator-dummy: no parameters
[    0.671620] NET: Registered protocol family 16
[    0.672642] cpuidle: using governor ladder
[    0.672729] cpuidle: using governor menu
[    0.672773] ACPI FADT declares the system doesn't support PCIe ASPM, so disable it
[    0.672957] ACPI: bus type PCI registered
[    0.673020] acpiphp: ACPI Hot Plug PCI Controller Driver version: 0.5
[    0.673196] PCI: MMCONFIG for domain 0000 [bus 00-3f] at [mem 0xf8000000-0xfbffffff] (base 0xf8000000)
[    0.673593] PCI: not using MMCONFIG
[    0.673654] PCI: Using configuration type 1 for base access
[    0.673713] PCI: Using configuration type 1 for extended access
[    0.675681] HugeTLB registered 1.00 GiB page size, pre-allocated 0 pages
[    0.675681] HugeTLB registered 2.00 MiB page size, pre-allocated 0 pages
[    0.692592] raid6: sse2x4   gen()  7941 MB/s
[    0.709587] raid6: sse2x4   xor()  4193 MB/s
[    0.726585] raid6: sse2x2   gen()  6289 MB/s
[    0.743582] raid6: sse2x2   xor()  7068 MB/s
[    0.760593] raid6: sse2x1   gen()  4140 MB/s
[    0.777585] raid6: sse2x1   xor()  5138 MB/s
[    0.777691] raid6: using algorithm sse2x4 gen() 7941 MB/s
[    0.777752] raid6: .... xor() 4193 MB/s, rmw enabled
[    0.777813] raid6: using intx1 recovery algorithm
[    0.777942] ACPI: Added _OSI(Module Device)
[    0.778036] ACPI: Added _OSI(Processor Device)
[    0.778096] ACPI: Added _OSI(3.0 _SCP Extensions)
[    0.778157] ACPI: Added _OSI(Processor Aggregator Device)
[    0.778218] ACPI: Added _OSI(Linux-Dell-Video)
[    0.778278] ACPI: Added _OSI(Linux-Lenovo-NV-HDMI-Audio)
[    0.778339] ACPI: Added _OSI(Linux-HPI-Hybrid-Graphics)
[    0.788931] ACPI: 3 ACPI AML tables successfully acquired and loaded
[    0.790346] ACPI: [Firmware Bug]: BIOS _OSI(Linux) query ignored
[    0.791082] ACPI: EC: EC started
[    0.791142] ACPI: EC: interrupt blocked
[    0.826668] ACPI: \_SB_.PCI0.LPC0.EC0_: Used as first EC
[    0.826762] ACPI: \_SB_.PCI0.LPC0.EC0_: GPE=0x3, EC_CMD/EC_SC=0x66, EC_DATA=0x62
[    0.827000] ACPI: \_SB_.PCI0.LPC0.EC0_: Used as boot DSDT EC to handle transactions
[    0.827087] ACPI: Interpreter enabled
[    0.827151] ACPI: (supports S0 S5)
[    0.827211] ACPI: Using IOAPIC for interrupt routing
[    0.827419] PCI: MMCONFIG for domain 0000 [bus 00-3f] at [mem 0xf8000000-0xfbffffff] (base 0xf8000000)
[    0.827916] PCI: MMCONFIG at [mem 0xf8000000-0xfbffffff] reserved in ACPI motherboard resources
[    0.828080] PCI: Using host bridge windows from ACPI; if necessary, use "pci=nocrs" and report a bug
[    0.828470] ACPI: Enabled 5 GPEs in block 00 to 1F
[    0.840115] ACPI: PCI Root Bridge [PCI0] (domain 0000 [bus 00-ff])
[    0.840230] acpi PNP0A08:00: _OSC: OS supports [ExtendedConfig Segments MSI]
[    0.840440] acpi PNP0A08:00: _OSC: not requesting OS control; OS requires [ExtendedConfig ASPM ClockPM MSI]
[    0.840583] acpi PNP0A08:00: [Firmware Info]: MMCONFIG for domain 0000 [bus 00-3f] only partially covers this bridge
[    0.842097] acpi PNP0A08:00: host bridge window expanded to [mem 0xe0000000-0xffffffff window]; [mem 0xe1000000-0xffffffff window] ignored
[    0.842284] acpi PNP0A08:00: ignoring host bridge window [mem 0x000ce000-0x000cffff window] (conflicts with Video ROM [mem 0x000c0000-0x000cefff])
[    0.842671] PCI host bridge to bus 0000:00
[    0.842732] pci_bus 0000:00: root bus resource [mem 0x000a0000-0x000bffff window]
[    0.842865] pci_bus 0000:00: root bus resource [mem 0x000c0000-0x000c1fff window]
[    0.842998] pci_bus 0000:00: root bus resource [mem 0x000c2000-0x000c3fff window]
[    0.843086] pci_bus 0000:00: root bus resource [mem 0x000c4000-0x000c5fff window]
[    0.843220] pci_bus 0000:00: root bus resource [mem 0x000c6000-0x000c7fff window]
[    0.843353] pci_bus 0000:00: root bus resource [mem 0x000c8000-0x000c9fff window]
[    0.843487] pci_bus 0000:00: root bus resource [mem 0x000ca000-0x000cbfff window]
[    0.843582] pci_bus 0000:00: root bus resource [mem 0x000cc000-0x000cdfff window]
[    0.843716] pci_bus 0000:00: root bus resource [mem 0x000d0000-0x000d1fff window]
[    0.843844] pci_bus 0000:00: root bus resource [mem 0x000d2000-0x000d3fff window]
[    0.843958] pci_bus 0000:00: root bus resource [mem 0x000d4000-0x000d5fff window]
[    0.844042] pci_bus 0000:00: root bus resource [mem 0x000d6000-0x000d7fff window]
[    0.844169] pci_bus 0000:00: root bus resource [mem 0x000d8000-0x000d9fff window]
[    0.844296] pci_bus 0000:00: root bus resource [mem 0x000da000-0x000dbfff window]
[    0.844424] pci_bus 0000:00: root bus resource [mem 0x000dc000-0x000ddfff window]
[    0.844582] pci_bus 0000:00: root bus resource [mem 0x000de000-0x000dffff window]
[    0.844710] pci_bus 0000:00: root bus resource [mem 0x000e0000-0x000e1fff window]
[    0.844837] pci_bus 0000:00: root bus resource [mem 0x000e2000-0x000e3fff window]
[    0.844966] pci_bus 0000:00: root bus resource [mem 0x000e4000-0x000e5fff window]
[    0.845048] pci_bus 0000:00: root bus resource [mem 0x000e6000-0x000e7fff window]
[    0.845176] pci_bus 0000:00: root bus resource [mem 0x000e8000-0x000e9fff window]
[    0.845304] pci_bus 0000:00: root bus resource [mem 0x000ea000-0x000ebfff window]
[    0.845431] pci_bus 0000:00: root bus resource [mem 0x000ec000-0x000edfff window]
[    0.845558] pci_bus 0000:00: root bus resource [mem 0x000ee000-0x000effff window]
[    0.845582] pci_bus 0000:00: root bus resource [mem 0xe0000000-0xffffffff window]
[    0.845711] pci_bus 0000:00: root bus resource [io  0x0000-0x0cf7 window]
[    0.845768] pci_bus 0000:00: root bus resource [io  0x0d00-0xffff window]
[    0.845827] pci_bus 0000:00: root bus resource [bus 00-ff]
[    0.845891] pci 0000:00:00.0: [1022:1705] type 00 class 0x060000
[    0.846038] pci 0000:00:01.0: [1002:9647] type 00 class 0x030000
[    0.846106] pci 0000:00:01.0: reg 0x10: [mem 0xe0000000-0xefffffff pref]
[    0.846168] pci 0000:00:01.0: reg 0x14: [io  0x2000-0x20ff]
[    0.846229] pci 0000:00:01.0: reg 0x18: [mem 0xf0100000-0xf013ffff]
[    0.846304] pci 0000:00:01.0: enabling Extended Tags
[    0.846384] pci 0000:00:01.0: supports D1 D2
[    0.846628] pci 0000:00:01.1: [1002:1714] type 00 class 0x040300
[    0.846741] pci 0000:00:01.1: reg 0x10: [mem 0xf0144000-0xf0147fff]
[    0.846824] pci 0000:00:01.1: enabling Extended Tags
[    0.846903] pci 0000:00:01.1: supports D1 D2
[    0.847045] pci 0000:00:04.0: [1022:1709] type 01 class 0x060400
[    0.847125] pci 0000:00:04.0: enabling Extended Tags
[    0.847208] pci 0000:00:04.0: PME# supported from D0 D3hot D3cold
[    0.847399] pci 0000:00:11.0: [1022:7804] type 00 class 0x010601
[    0.847476] pci 0000:00:11.0: reg 0x10: [io  0x2118-0x211f]
[    0.847540] pci 0000:00:11.0: reg 0x14: [io  0x2124-0x2127]
[    0.847590] pci 0000:00:11.0: reg 0x18: [io  0x2110-0x2117]
[    0.847655] pci 0000:00:11.0: reg 0x1c: [io  0x2120-0x2123]
[    0.847720] pci 0000:00:11.0: reg 0x20: [io  0x2100-0x210f]
[    0.847784] pci 0000:00:11.0: reg 0x24: [mem 0xf014a000-0xf014a7ff]
[    0.847974] pci 0000:00:12.0: [1022:7807] type 00 class 0x0c0310
[    0.848047] pci 0000:00:12.0: reg 0x10: [mem 0xf0149000-0xf0149fff]
[    0.848268] pci 0000:00:12.2: [1022:7808] type 00 class 0x0c0320
[    0.848346] pci 0000:00:12.2: reg 0x10: [mem 0xf014a900-0xf014a9ff]
[    0.848480] pci 0000:00:12.2: supports D1 D2
[    0.848536] pci 0000:00:12.2: PME# supported from D0 D1 D2 D3hot
[    0.848700] pci 0000:00:13.0: [1022:7807] type 00 class 0x0c0310
[    0.848773] pci 0000:00:13.0: reg 0x10: [mem 0xf0148000-0xf0148fff]
[    0.848977] pci 0000:00:13.2: [1022:7808] type 00 class 0x0c0320
[    0.849054] pci 0000:00:13.2: reg 0x10: [mem 0xf014a800-0xf014a8ff]
[    0.849188] pci 0000:00:13.2: supports D1 D2
[    0.849244] pci 0000:00:13.2: PME# supported from D0 D1 D2 D3hot
[    0.849418] pci 0000:00:14.0: [1022:780b] type 00 class 0x0c0500
[    0.849669] pci 0000:00:14.2: [1022:780d] type 00 class 0x040300
[    0.849749] pci 0000:00:14.2: reg 0x10: [mem 0xf0140000-0xf0143fff 64bit]
[    0.849871] pci 0000:00:14.2: PME# supported from D0 D3hot D3cold
[    0.850023] pci 0000:00:14.3: [1022:780e] type 00 class 0x060100
[    0.850258] pci 0000:00:14.4: [1022:780f] type 01 class 0x060401
[    0.850462] pci 0000:00:18.0: [1022:1700] type 00 class 0x060000
[    0.850605] pci 0000:00:18.1: [1022:1701] type 00 class 0x060000
[    0.850783] pci 0000:00:18.2: [1022:1702] type 00 class 0x060000
[    0.850965] pci 0000:00:18.3: [1022:1703] type 00 class 0x060000
[    0.851125] pci 0000:00:18.4: [1022:1704] type 00 class 0x060000
[    0.851304] pci 0000:00:18.5: [1022:1718] type 00 class 0x060000
[    0.851483] pci 0000:00:18.6: [1022:1716] type 00 class 0x060000
[    0.851660] pci 0000:00:18.7: [1022:1719] type 00 class 0x060000
[    0.851938] pci 0000:01:00.0: [10ec:8136] type 00 class 0x020000
[    0.852054] pci 0000:01:00.0: reg 0x10: [io  0x1000-0x10ff]
[    0.852132] pci 0000:01:00.0: reg 0x18: [mem 0xf0004000-0xf0004fff 64bit pref]
[    0.852272] pci 0000:01:00.0: reg 0x20: [mem 0xf0000000-0xf0003fff 64bit pref]
[    0.852472] pci 0000:01:00.0: supports D1 D2
[    0.852582] pci 0000:01:00.0: PME# supported from D0 D1 D2 D3hot D3cold
[    0.852703] pci 0000:00:04.0: PCI bridge to [bus 01]
[    0.852809] pci 0000:00:04.0:   bridge window [io  0x1000-0x1fff]
[    0.852870] pci 0000:00:04.0:   bridge window [mem 0xf0000000-0xf00fffff 64bit pref]
[    0.853007] pci_bus 0000:02: extended config space not accessible
[    0.853120] pci 0000:00:14.4: PCI bridge to [bus 02] (subtractive decode)
[    0.853185] pci 0000:00:14.4:   bridge window [mem 0x000a0000-0x000bffff window] (subtractive decode)
[    0.853314] pci 0000:00:14.4:   bridge window [mem 0x000c0000-0x000c1fff window] (subtractive decode)
[    0.853442] pci 0000:00:14.4:   bridge window [mem 0x000c2000-0x000c3fff window] (subtractive decode)
[    0.853570] pci 0000:00:14.4:   bridge window [mem 0x000c4000-0x000c5fff window] (subtractive decode)
[    0.853582] pci 0000:00:14.4:   bridge window [mem 0x000c6000-0x000c7fff window] (subtractive decode)
[    0.853708] pci 0000:00:14.4:   bridge window [mem 0x000c8000-0x000c9fff window] (subtractive decode)
[    0.853834] pci 0000:00:14.4:   bridge window [mem 0x000ca000-0x000cbfff window] (subtractive decode)
[    0.853942] pci 0000:00:14.4:   bridge window [mem 0x000cc000-0x000cdfff window] (subtractive decode)
[    0.854068] pci 0000:00:14.4:   bridge window [mem 0x000d0000-0x000d1fff window] (subtractive decode)
[    0.854194] pci 0000:00:14.4:   bridge window [mem 0x000d2000-0x000d3fff window] (subtractive decode)
[    0.854319] pci 0000:00:14.4:   bridge window [mem 0x000d4000-0x000d5fff window] (subtractive decode)
[    0.854446] pci 0000:00:14.4:   bridge window [mem 0x000d6000-0x000d7fff window] (subtractive decode)
[    0.854582] pci 0000:00:14.4:   bridge window [mem 0x000d8000-0x000d9fff window] (subtractive decode)
[    0.854708] pci 0000:00:14.4:   bridge window [mem 0x000da000-0x000dbfff window] (subtractive decode)
[    0.854833] pci 0000:00:14.4:   bridge window [mem 0x000dc000-0x000ddfff window] (subtractive decode)
[    0.854941] pci 0000:00:14.4:   bridge window [mem 0x000de000-0x000dffff window] (subtractive decode)
[    0.855066] pci 0000:00:14.4:   bridge window [mem 0x000e0000-0x000e1fff window] (subtractive decode)
[    0.855192] pci 0000:00:14.4:   bridge window [mem 0x000e2000-0x000e3fff window] (subtractive decode)
[    0.855318] pci 0000:00:14.4:   bridge window [mem 0x000e4000-0x000e5fff window] (subtractive decode)
[    0.855444] pci 0000:00:14.4:   bridge window [mem 0x000e6000-0x000e7fff window] (subtractive decode)
[    0.855582] pci 0000:00:14.4:   bridge window [mem 0x000e8000-0x000e9fff window] (subtractive decode)
[    0.855708] pci 0000:00:14.4:   bridge window [mem 0x000ea000-0x000ebfff window] (subtractive decode)
[    0.855834] pci 0000:00:14.4:   bridge window [mem 0x000ec000-0x000edfff window] (subtractive decode)
[    0.855941] pci 0000:00:14.4:   bridge window [mem 0x000ee000-0x000effff window] (subtractive decode)
[    0.856066] pci 0000:00:14.4:   bridge window [mem 0xe0000000-0xffffffff window] (subtractive decode)
[    0.856193] pci 0000:00:14.4:   bridge window [io  0x0000-0x0cf7 window] (subtractive decode)
[    0.856318] pci 0000:00:14.4:   bridge window [io  0x0d00-0xffff window] (subtractive decode)
[    0.856958] ACPI: PCI Interrupt Link [LNKA] (IRQs 10 11) *0
[    0.857079] ACPI: PCI Interrupt Link [LNKB] (IRQs 10 11) *0
[    0.857206] ACPI: PCI Interrupt Link [LNKC] (IRQs 10 11) *0
[    0.857333] ACPI: PCI Interrupt Link [LNKD] (IRQs 10 11) *0
[    0.857448] ACPI: PCI Interrupt Link [LNKE] (IRQs 10 11) *0
[    0.857550] ACPI: PCI Interrupt Link [LNKF] (IRQs 10 11) *0
[    0.857628] ACPI: PCI Interrupt Link [LNKG] (IRQs 10 11) *0
[    0.858628] ACPI: PCI Interrupt Link [LNKH] (IRQs 10 11) *0
[    0.859089] ACPI: EC: interrupt unblocked
[    0.859208] ACPI: EC: event unblocked
[    0.859295] ACPI: \_SB_.PCI0.LPC0.EC0_: GPE=0x3, EC_CMD/EC_SC=0x66, EC_DATA=0x62
[    0.859423] ACPI: \_SB_.PCI0.LPC0.EC0_: Used as boot DSDT EC to handle transactions and events
[    0.859652] pci 0000:00:01.0: vgaarb: setting as boot VGA device
[    0.859706] pci 0000:00:01.0: vgaarb: VGA device added: decodes=io+mem,owns=io+mem,locks=none
[    0.859840] pci 0000:00:01.0: vgaarb: bridge control possible
[    0.859897] vgaarb: loaded
[    0.860020] SCSI subsystem initialized
[    0.860150] libata version 3.00 loaded.
[    0.860615] ACPI: bus type USB registered
[    0.860739] usbcore: registered new interface driver usbfs
[    0.860803] usbcore: registered new interface driver hub
[    0.860893] usbcore: registered new device driver usb
[    0.860974] EDAC MC: Ver: 3.0.0
[    0.861092] EDAC DEBUG: edac_mc_sysfs_init: device mc created
[    0.861159] PCI: Using ACPI for IRQ routing
[    0.863274] PCI: pci_cache_line_size set to 64 bytes
[    0.863420] e820: reserve RAM buffer [mem 0x0009d800-0x0009ffff]
[    0.863482] e820: reserve RAM buffer [mem 0xbed9b000-0xbfffffff]
[    0.863543] e820: reserve RAM buffer [mem 0xbfe00000-0xbfffffff]
[    0.863584] e820: reserve RAM buffer [mem 0x41f000000-0x41fffffff]
[    0.863838] microcode: verify_and_add_patch: Added patch_id: 0x03000027, proc_id: 0x3010
[    0.863981] microcode: Already in-memory microcode 0x3000027 ret=0
[    0.864047] hpet0: at MMIO 0xfed00000, IRQs 2, 8, 0
[    0.864110] hpet0: 3 comparators, 32-bit 14.318180 MHz counter
[    0.866627] clocksource: Switched to clocksource hpet
[    0.866786] pnp: PnP ACPI init
[    0.867133] system 00:00: [io  0x0f50-0x0f51] has been reserved
[    0.867202] system 00:00: [mem 0xfec00000-0xfec00fff] could not be reserved
[    0.867269] system 00:00: [mem 0xfee00000-0xfee00fff] has been reserved
[    0.867337] system 00:00: [mem 0xf8000000-0xfbffffff] has been reserved
[    0.867412] system 00:00: Plug and Play ACPI device, IDs PNP0c02 (active)
[    0.868329] pnp 00:01: Plug and Play ACPI device, IDs PNP0b00 (active)
[    0.868484] pnp 00:02: disabling [io  0x1200-0x120f] because it overlaps 0000:00:04.0 BAR 13 [io  0x1000-0x1fff]
[    0.868659] system 00:02: [io  0x04d0-0x04d1] has been reserved
[    0.868767] system 00:02: [io  0x0530-0x0537] has been reserved
[    0.868829] system 00:02: [io  0x0800-0x0827] has been reserved
[    0.868891] system 00:02: [io  0x0830] has been reserved
[    0.868952] system 00:02: [io  0x0840-0x0847] has been reserved
[    0.869013] system 00:02: [io  0x0b00-0x0b1f] has been reserved
[    0.869075] system 00:02: [io  0x0b20-0x0b3f] has been reserved
[    0.869137] system 00:02: [io  0x0c00-0x0c01] has been reserved
[    0.869198] system 00:02: [io  0x0c14] has been reserved
[    0.869259] system 00:02: [io  0x0c50-0x0c52] has been reserved
[    0.869321] system 00:02: [io  0x0cd0-0x0cd1] has been reserved
[    0.869383] system 00:02: [io  0x0cd2-0x0cd3] has been reserved
[    0.869444] system 00:02: [io  0x0cd4-0x0cd5] has been reserved
[    0.869506] system 00:02: [io  0x0cd6-0x0cd7] has been reserved
[    0.869568] system 00:02: [io  0x0cd8-0x0cdf] has been reserved
[    0.869638] system 00:02: [io  0x0cf9] could not be reserved
[    0.869701] system 00:02: [io  0x8100-0x81ff window] has been reserved
[    0.869764] system 00:02: [io  0x8200-0x82ff window] has been reserved
[    0.869827] system 00:02: [mem 0xff800000-0xff80ffff] has been reserved
[    0.869889] system 00:02: [mem 0xff810000-0xff81003f] has been reserved
[    0.869954] system 00:02: Plug and Play ACPI device, IDs PNP0c02 (active)
[    0.870178] system 00:03: [mem 0x000e0000-0x000fffff] could not be reserved
[    0.870287] system 00:03: [mem 0xffe00000-0xffffffff] has been reserved
[    0.870349] system 00:03: [mem 0xfec10000-0xfec1001f] has been reserved
[    0.870410] system 00:03: [mem 0xfed00000-0xfed003ff] has been reserved
[    0.870472] system 00:03: [mem 0xfed61000-0xfed613ff] has been reserved
[    0.870532] system 00:03: [mem 0xfed80000-0xfed80fff] has been reserved
[    0.870607] system 00:03: Plug and Play ACPI device, IDs PNP0c01 (active)
[    0.870829] pnp 00:04: Plug and Play ACPI device, IDs PNP0303 (active)
[    0.870969] pnp 00:05: Plug and Play ACPI device, IDs SYN0326 SYN0300 SYN0002 PNP0f13 (active)
[    0.871172] pnp: PnP ACPI: found 6 devices
[    0.879838] clocksource: acpi_pm: mask: 0xffffff max_cycles: 0xffffff, max_idle_ns: 2085701024 ns
[    0.880009] pci 0000:00:04.0: PCI bridge to [bus 01]
[    0.880078] pci 0000:00:04.0:   bridge window [io  0x1000-0x1fff]
[    0.880149] pci 0000:00:04.0:   bridge window [mem 0xf0000000-0xf00fffff 64bit pref]
[    0.880292] pci 0000:00:14.4: PCI bridge to [bus 02]
[    0.880373] pci_bus 0000:00: resource 4 [mem 0x000a0000-0x000bffff window]
[    0.880440] pci_bus 0000:00: resource 5 [mem 0x000c0000-0x000c1fff window]
[    0.880507] pci_bus 0000:00: resource 6 [mem 0x000c2000-0x000c3fff window]
[    0.880574] pci_bus 0000:00: resource 7 [mem 0x000c4000-0x000c5fff window]
[    0.880648] pci_bus 0000:00: resource 8 [mem 0x000c6000-0x000c7fff window]
[    0.880715] pci_bus 0000:00: resource 9 [mem 0x000c8000-0x000c9fff window]
[    0.880781] pci_bus 0000:00: resource 10 [mem 0x000ca000-0x000cbfff window]
[    0.880848] pci_bus 0000:00: resource 11 [mem 0x000cc000-0x000cdfff window]
[    0.880914] pci_bus 0000:00: resource 12 [mem 0x000d0000-0x000d1fff window]
[    0.880981] pci_bus 0000:00: resource 13 [mem 0x000d2000-0x000d3fff window]
[    0.881047] pci_bus 0000:00: resource 14 [mem 0x000d4000-0x000d5fff window]
[    0.881113] pci_bus 0000:00: resource 15 [mem 0x000d6000-0x000d7fff window]
[    0.881180] pci_bus 0000:00: resource 16 [mem 0x000d8000-0x000d9fff window]
[    0.881244] pci_bus 0000:00: resource 17 [mem 0x000da000-0x000dbfff window]
[    0.881306] pci_bus 0000:00: resource 18 [mem 0x000dc000-0x000ddfff window]
[    0.881368] pci_bus 0000:00: resource 19 [mem 0x000de000-0x000dffff window]
[    0.881430] pci_bus 0000:00: resource 20 [mem 0x000e0000-0x000e1fff window]
[    0.881492] pci_bus 0000:00: resource 21 [mem 0x000e2000-0x000e3fff window]
[    0.881554] pci_bus 0000:00: resource 22 [mem 0x000e4000-0x000e5fff window]
[    0.881623] pci_bus 0000:00: resource 23 [mem 0x000e6000-0x000e7fff window]
[    0.881685] pci_bus 0000:00: resource 24 [mem 0x000e8000-0x000e9fff window]
[    0.881747] pci_bus 0000:00: resource 25 [mem 0x000ea000-0x000ebfff window]
[    0.881810] pci_bus 0000:00: resource 26 [mem 0x000ec000-0x000edfff window]
[    0.881872] pci_bus 0000:00: resource 27 [mem 0x000ee000-0x000effff window]
[    0.881934] pci_bus 0000:00: resource 28 [mem 0xe0000000-0xffffffff window]
[    0.881996] pci_bus 0000:00: resource 29 [io  0x0000-0x0cf7 window]
[    0.882058] pci_bus 0000:00: resource 30 [io  0x0d00-0xffff window]
[    0.882120] pci_bus 0000:01: resource 0 [io  0x1000-0x1fff]
[    0.882181] pci_bus 0000:01: resource 2 [mem 0xf0000000-0xf00fffff 64bit pref]
[    0.882292] pci_bus 0000:02: resource 4 [mem 0x000a0000-0x000bffff window]
[    0.882354] pci_bus 0000:02: resource 5 [mem 0x000c0000-0x000c1fff window]
[    0.882417] pci_bus 0000:02: resource 6 [mem 0x000c2000-0x000c3fff window]
[    0.882479] pci_bus 0000:02: resource 7 [mem 0x000c4000-0x000c5fff window]
[    0.882541] pci_bus 0000:02: resource 8 [mem 0x000c6000-0x000c7fff window]
[    0.882610] pci_bus 0000:02: resource 9 [mem 0x000c8000-0x000c9fff window]
[    0.882672] pci_bus 0000:02: resource 10 [mem 0x000ca000-0x000cbfff window]
[    0.882734] pci_bus 0000:02: resource 11 [mem 0x000cc000-0x000cdfff window]
[    0.882796] pci_bus 0000:02: resource 12 [mem 0x000d0000-0x000d1fff window]
[    0.882858] pci_bus 0000:02: resource 13 [mem 0x000d2000-0x000d3fff window]
[    0.882920] pci_bus 0000:02: resource 14 [mem 0x000d4000-0x000d5fff window]
[    0.882982] pci_bus 0000:02: resource 15 [mem 0x000d6000-0x000d7fff window]
[    0.883044] pci_bus 0000:02: resource 16 [mem 0x000d8000-0x000d9fff window]
[    0.883106] pci_bus 0000:02: resource 17 [mem 0x000da000-0x000dbfff window]
[    0.883168] pci_bus 0000:02: resource 18 [mem 0x000dc000-0x000ddfff window]
[    0.883230] pci_bus 0000:02: resource 19 [mem 0x000de000-0x000dffff window]
[    0.883293] pci_bus 0000:02: resource 20 [mem 0x000e0000-0x000e1fff window]
[    0.883355] pci_bus 0000:02: resource 21 [mem 0x000e2000-0x000e3fff window]
[    0.883417] pci_bus 0000:02: resource 22 [mem 0x000e4000-0x000e5fff window]
[    0.883479] pci_bus 0000:02: resource 23 [mem 0x000e6000-0x000e7fff window]
[    0.883541] pci_bus 0000:02: resource 24 [mem 0x000e8000-0x000e9fff window]
[    0.883610] pci_bus 0000:02: resource 25 [mem 0x000ea000-0x000ebfff window]
[    0.883673] pci_bus 0000:02: resource 26 [mem 0x000ec000-0x000edfff window]
[    0.883735] pci_bus 0000:02: resource 27 [mem 0x000ee000-0x000effff window]
[    0.883797] pci_bus 0000:02: resource 28 [mem 0xe0000000-0xffffffff window]
[    0.883859] pci_bus 0000:02: resource 29 [io  0x0000-0x0cf7 window]
[    0.883921] pci_bus 0000:02: resource 30 [io  0x0d00-0xffff window]
[    0.884167] NET: Registered protocol family 2
[    0.884479] tcp_listen_portaddr_hash hash table entries: 8192 (order: 5, 131072 bytes)
[    0.884776] TCP established hash table entries: 131072 (order: 8, 1048576 bytes)
[    0.885488] TCP bind hash table entries: 65536 (order: 8, 1048576 bytes)
[    0.886007] TCP: Hash tables configured (established 131072 bind 65536)
[    0.886213] UDP hash table entries: 8192 (order: 6, 262144 bytes)
[    0.886490] UDP-Lite hash table entries: 8192 (order: 6, 262144 bytes)
[    0.886781] NET: Registered protocol family 1
[    0.886912] pci 0000:00:01.0: Video device with shadowed ROM at [mem 0x000c0000-0x000dffff]
[    0.887052] pci 0000:00:01.1: Linked as a consumer to 0000:00:01.0
[    0.900125] pci 0000:00:12.0: quirk_usb_early_handoff+0x0/0x730 took 12647 usecs
[    0.901189] pci 0000:00:12.2: PME# does not work under D3, disabling it
[    0.914197] pci 0000:00:13.0: quirk_usb_early_handoff+0x0/0x730 took 12620 usecs
[    0.915335] pci 0000:00:13.2: PME# does not work under D3, disabling it
[    0.915451] PCI: CLS 32 bytes, default 64
[    0.915645] Unpacking initramfs...
[    0.978254] Freeing initrd memory: 48940K
[    0.978371] PCI-DMA: Using software bounce buffering for IO (SWIOTLB)
[    0.978437] software IO TLB: mapped [mem 0xbad9b000-0xbed9b000] (64MB)
[    0.978760] LVT offset 0 assigned for vector 0x400
[    0.979112] perf: AMD IBS detected (0x000000ff)
[    0.981684] Initialise system trusted keyrings
[    0.981905] workingset: timestamp_bits=40 max_order=22 bucket_order=0
[    1.066032] Key type asymmetric registered
[    1.066099] Asymmetric key parser 'x509' registered
[    1.066184] Block layer SCSI generic (bsg) driver version 0.4 loaded (major 251)
[    1.066319] io scheduler kyber registered
[    1.067007] shpchp: Standard Hot Plug PCI Controller Driver version: 0.4
[    1.067119] IPMI message handler: version 39.2
[    1.067189] ipmi device interface
[    1.067261] IPMI Watchdog: driver initialized
[    1.067321] IPMI poweroff: Copyright (C) 2004 MontaVista Software - IPMI Powerdown via sys_reboot
[    1.067632] ACPI: AC Adapter [ADP1] (on-line)
[    1.067731] input: Power Button as /devices/LNXSYSTM:00/LNXSYBUS:00/PNP0C0C:00/input/input0
[    1.067867] ACPI: Power Button [PWRB]
[    1.069095] input: Lid Switch as /devices/LNXSYSTM:00/LNXSYBUS:00/PNP0C0D:00/input/input1
[    1.069229] ACPI: Lid Switch [LID0]
[    1.069310] input: Sleep Button as /devices/LNXSYSTM:00/LNXSYBUS:00/PNP0C0E:00/input/input2
[    1.069444] ACPI: Sleep Button [SLPB]
[    1.069525] input: Power Button as /devices/LNXSYSTM:00/LNXPWRBN:00/input/input3
[    1.069675] ACPI: Power Button [PWRF]
[    1.069839] ACPI: Video Device [VGA1] (multi-head: yes  rom: no  post: no)
[    1.070056] input: Video Bus as /devices/LNXSYSTM:00/LNXSYBUS:00/PNP0A08:00/LNXVIDEO:01/input/input4
[    1.095971] thermal LNXTHERM:00: registered as thermal_zone0
[    1.096038] ACPI: Thermal Zone [TZS0] (47 C)
[    1.096473] thermal LNXTHERM:01: registered as thermal_zone1
[    1.096535] ACPI: Thermal Zone [TZS1] (27 C)
[    1.096878] Serial: 8250/16550 driver, 4 ports, IRQ sharing enabled
[    1.097505] Hangcheck: starting hangcheck timer 0.9.1 (tick is 180 seconds, margin is 60 seconds).
[    1.097719] [drm] radeon kernel modesetting enabled.
[    1.098076] battery: ACPI: Battery Slot [BAT0] (battery present)
[    1.098551] [drm] initializing kernel modesetting (SUMO 0x1002:0x9647 0x17AA:0x3971 0x00).
[    1.098681] resource sanity check: requesting [mem 0x000c0000-0x000dffff], which spans more than PCI Bus 0000:00 [mem 0x000c0000-0x000c1fff window]
[    1.098823] caller pci_map_rom+0x79/0x250 mapping multiple BARs
[    1.098928] ATOM BIOS: Lenovo
[    1.099076] radeon 0000:00:01.0: VRAM: 512M 0x0000000000000000 - 0x000000001FFFFFFF (512M used)
[    1.099258] radeon 0000:00:01.0: GTT: 1024M 0x0000000020000000 - 0x000000005FFFFFFF
[    1.099393] [drm] Detected VRAM RAM=512M, BAR=256M
[    1.099454] [drm] RAM width 32bits DDR
[    1.099694] [TTM] Zone  kernel: Available graphics memory: 7865830 kiB
[    1.099760] [TTM] Zone   dma32: Available graphics memory: 2097152 kiB
[    1.099822] [TTM] Initializing pool allocator
[    1.099886] [TTM] Initializing DMA pool allocator
[    1.099970] [drm] radeon: 512M of VRAM memory ready
[    1.100031] [drm] radeon: 1024M of GTT memory ready.
[    1.100106] [drm] Loading SUMO Microcode
[    1.100167] [drm] Internal thermal controller without fan control
[    1.100259] == power state 0 ==
[    1.100315] 	ui class: none
[    1.100370] 	internal class: uvd_mvc
[    1.100425] 	caps:
[    1.100480] 	uvd    vclk: 66667 dclk: 55173
[    1.100536] 		power level 0    sclk: 40000 vddc: 988
[    1.100604] 	status:
[    1.100659] == power state 1 ==
[    1.100713] 	ui class: none
[    1.100767] 	internal class: uvd_hd
[    1.100822] 	caps:
[    1.100877] 	uvd    vclk: 40000 dclk: 30770
[    1.100932] 		power level 0    sclk: 27587 vddc: 888
[    1.100988] 	status:
[    1.101042] == power state 2 ==
[    1.101096] 	ui class: none
[    1.101151] 	internal class: uvd
[    1.101205] 	caps:
[    1.101259] 	uvd    vclk: 66667 dclk: 55173
[    1.101314] 		power level 0    sclk: 40000 vddc: 988
[    1.101369] 	status:
[    1.101424] == power state 3 ==
[    1.101479] 	ui class: battery
[    1.101534] 	internal class: none
[    1.101599] 	caps:
[    1.101653] 	uvd    vclk: 0 dclk: 0
[    1.101708] 		power level 0    sclk: 27587 vddc: 888
[    1.101764] 	status:
[    1.101818] == power state 4 ==
[    1.101873] 	ui class: performance
[    1.101928] 	internal class: none
[    1.101982] 	caps:
[    1.102037] 	uvd    vclk: 0 dclk: 0
[    1.102092] 		power level 0    sclk: 27587 vddc: 888
[    1.102148] 		power level 1    sclk: 40000 vddc: 988
[    1.102204] 	status:
[    1.102258] == power state 5 ==
[    1.102313] 	ui class: none
[    1.102367] 	internal class: boot
[    1.102422] 	caps:
[    1.102476] 	uvd    vclk: 0 dclk: 0
[    1.102532] 		power level 0    sclk: 20000 vddc: 988
[    1.102601] 	status: c r b
[    1.102659] == power state 6 ==
[    1.102713] 	ui class: none
[    1.102767] 	internal class: thermal
[    1.102822] 	caps:
[    1.102877] 	uvd    vclk: 0 dclk: 0
[    1.102931] 		power level 0    sclk: 20000 vddc: 888
[    1.102987] 	status:
[    1.103043] [drm] Found smc ucode version: 0x00011100
[    1.103148] [drm] radeon: dpm initialized
[    1.103268] [drm] GART: num cpu pages 262144, num gpu pages 262144
[    1.123378] [drm] PCIE GART of 1024M enabled (table at 0x0000000000162000).
[    1.123648] radeon 0000:00:01.0: WB enabled
[    1.123705] radeon 0000:00:01.0: fence driver on ring 0 use gpu addr 0x0000000020000c00 and cpu addr 0x(____ptrval____)
[    1.123834] radeon 0000:00:01.0: fence driver on ring 3 use gpu addr 0x0000000020000c0c and cpu addr 0x(____ptrval____)
[    1.124336] radeon 0000:00:01.0: fence driver on ring 5 use gpu addr 0x0000000000072118 and cpu addr 0x(____ptrval____)
[    1.124513] [drm] Supports vblank timestamp caching Rev 2 (21.10.2013).
[    1.124570] [drm] Driver supports precise vblank timestamp query.
[    1.124633] radeon 0000:00:01.0: radeon: MSI limited to 32-bit
[    1.124729] radeon 0000:00:01.0: radeon: using MSI.
[    1.124853] [drm] radeon: irq initialized.
[    1.141175] [drm] ring test on 0 succeeded in 2 usecs
[    1.141287] [drm] ring test on 3 succeeded in 3 usecs
[    1.187383] [drm] ring test on 5 succeeded in 1 usecs
[    1.207502] [drm] UVD initialized successfully.
[    1.207771] [drm] ib test on ring 0 succeeded in 0 usecs
[    1.207885] [drm] ib test on ring 3 succeeded in 0 usecs
[    1.735883] [drm] ib test on ring 5 succeeded
[    1.756553] [drm] radeon atom DIG backlight initialized
[    1.756677] [drm] Radeon Display Connectors
[    1.756743] [drm] Connector 0:
[    1.756802] [drm]   VGA-1
[    1.756861] [drm]   HPD2
[    1.756920] [drm]   DDC: 0x6440 0x6440 0x6444 0x6444 0x6448 0x6448 0x644c 0x644c
[    1.757053] [drm]   Encoders:
[    1.757112] [drm]     CRT1: INTERNAL_UNIPHY2
[    1.757172] [drm]     CRT1: NUTMEG
[    1.757231] [drm] Connector 1:
[    1.757290] [drm]   LVDS-1
[    1.757349] [drm]   HPD1
[    1.757408] [drm]   DDC: 0x6430 0x6430 0x6434 0x6434 0x6438 0x6438 0x643c 0x643c
[    1.757540] [drm]   Encoders:
[    1.757607] [drm]     LCD1: INTERNAL_UNIPHY2
[    1.757666] [drm]     LCD1: TRAVIS
[    1.757726] [drm] Connector 2:
[    1.757783] [drm]   HDMI-A-1
[    1.757837] [drm]   HPD3
[    1.757892] [drm]   DDC: 0x6450 0x6450 0x6454 0x6454 0x6458 0x6458 0x645c 0x645c
[    1.758019] [drm]   Encoders:
[    1.758073] [drm]     DFP1: INTERNAL_UNIPHY
[    1.800111] switching from power state:
[    1.800171] 	ui class: none
[    1.800230] 	internal class: boot
[    1.800289] 	caps:
[    1.800348] 	uvd    vclk: 0 dclk: 0
[    1.800408] 		power level 0    sclk: 20000 vddc: 988
[    1.800468] 	status: c b
[    1.800527] switching to power state:
[    1.800593] 	ui class: performance
[    1.800652] 	internal class: none
[    1.800711] 	caps:
[    1.800770] 	uvd    vclk: 0 dclk: 0
[    1.800830] 		power level 0    sclk: 27587 vddc: 888
[    1.800891] 		power level 1    sclk: 40000 vddc: 988
[    1.800950] 	status: r
[    1.876730] [drm] fb mappable at 0xE0366000
[    1.876835] [drm] vram apper at 0xE0000000
[    1.876889] [drm] size 4325376
[    1.876942] [drm] fb depth is 24
[    1.876995] [drm]    pitch is 5632
[    1.877234] fbcon: radeondrmfb (fb0) is primary device
[    1.877256] fbcon: allocated 4194304 bytes of memory for scrollback. Equivalent kernel parameter: fbcon=scrollback:4194304
[    2.002924] Console: switching to colour frame buffer device 227x69
[    2.006655] radeon 0000:00:01.0: fb0: radeondrmfb frame buffer device
[    2.007069] [drm] Initialized radeon 2.50.0 20080528 for 0000:00:01.0 on minor 0
[    2.008028] ahci 0000:00:11.0: version 3.0
[    2.008520] ahci 0000:00:11.0: AHCI 0001.0300 32 slots 2 ports 3 Gbps 0x6 impl SATA mode
[    2.008546] ahci 0000:00:11.0: flags: 64bit ncq sntf ilck pm led clo pmp pio slum part ccc sxs 
[    2.009345] scsi host0: ahci
[    2.009904] scsi host1: ahci
[    2.010485] scsi host2: ahci
[    2.010682] ata1: DUMMY
[    2.010694] ata2: SATA max UDMA/133 abar m2048@0xf014a000 port 0xf014a180 irq 25
[    2.010717] ata3: SATA max UDMA/133 abar m2048@0xf014a000 port 0xf014a200 irq 25
[    2.013252] libphy: r8169: probed
[    2.013388] r8169 0000:01:00.0 eth0: RTL8105e, xx:xx:xx:xx:xx:xx, XID 40a, IRQ 26
[    2.013435] ehci_hcd: USB 2.0 'Enhanced' Host Controller (EHCI) Driver
[    2.013455] ehci-pci: EHCI PCI platform driver
[    2.013915] QUIRK: Enable AMD PLL fix
[    2.013954] ehci-pci 0000:00:12.2: EHCI Host Controller
[    2.013975] ehci-pci 0000:00:12.2: new USB bus registered, assigned bus number 1
[    2.014000] ehci-pci 0000:00:12.2: applying AMD SB700/SB800/Hudson-2/3 EHCI dummy qh workaround
[    2.014081] ehci-pci 0000:00:12.2: debug port 1
[    2.014135] ehci-pci 0000:00:12.2: irq 17, io mem 0xf014a900
[    2.020666] ehci-pci 0000:00:12.2: USB 2.0 started, EHCI 1.00
[    2.020760] usb usb1: New USB device found, idVendor=1d6b, idProduct=0002, bcdDevice= 5.00
[    2.020795] usb usb1: New USB device strings: Mfr=3, Product=2, SerialNumber=1
[    2.020817] usb usb1: Product: EHCI Host Controller
[    2.020833] usb usb1: Manufacturer: Linux 5.0.0-rc8-ga215ce8f0e00 ehci_hcd
[    2.020853] usb usb1: SerialNumber: 0000:00:12.2
[    2.021166] hub 1-0:1.0: USB hub found
[    2.021194] hub 1-0:1.0: 5 ports detected
[    2.021804] ehci-pci 0000:00:13.2: EHCI Host Controller
[    2.021826] ehci-pci 0000:00:13.2: new USB bus registered, assigned bus number 2
[    2.021851] ehci-pci 0000:00:13.2: applying AMD SB700/SB800/Hudson-2/3 EHCI dummy qh workaround
[    2.021931] ehci-pci 0000:00:13.2: debug port 1
[    2.021970] ehci-pci 0000:00:13.2: irq 17, io mem 0xf014a800
[    2.028708] ehci-pci 0000:00:13.2: USB 2.0 started, EHCI 1.00
[    2.028812] usb usb2: New USB device found, idVendor=1d6b, idProduct=0002, bcdDevice= 5.00
[    2.028837] usb usb2: New USB device strings: Mfr=3, Product=2, SerialNumber=1
[    2.028859] usb usb2: Product: EHCI Host Controller
[    2.028874] usb usb2: Manufacturer: Linux 5.0.0-rc8-ga215ce8f0e00 ehci_hcd
[    2.028895] usb usb2: SerialNumber: 0000:00:13.2
[    2.029128] hub 2-0:1.0: USB hub found
[    2.029151] hub 2-0:1.0: 5 ports detected
[    2.030198] ohci_hcd: USB 1.1 'Open' Host Controller (OHCI) Driver
[    2.031076] usbcore: registered new interface driver usb-storage
[    2.031928] usbcore: registered new interface driver ums-realtek
[    2.032796] i8042: PNP: PS/2 Controller [PNP0303:KBD0,PNP0f13:PS2M] at 0x60,0x64 irq 1,12
[    2.055737] serio: i8042 KBD port at 0x60,0x64 irq 1
[    2.056556] serio: i8042 AUX port at 0x60,0x64 irq 12
[    2.057522] mousedev: PS/2 mouse device common for all mice
[    2.058644] rtc_cmos 00:01: RTC can wake from S4
[    2.059638] rtc_cmos 00:01: char device (253:0)
[    2.060492] rtc_cmos 00:01: registered as rtc0
[    2.061393] rtc_cmos 00:01: ignoring nvmem due to undefined CONFIG_RTC_NVMEM
[    2.062301] rtc_cmos 00:01: alarms up to one month, 114 bytes nvram, hpet irqs
[    2.063272] hidraw: raw HID events driver (C) Jiri Kosina
[    2.064193] usbcore: registered new interface driver usbhid
[    2.065113] usbhid: USB HID core driver
[    2.066093] NET: Registered protocol family 17
[    2.067655] microcode: microcode updated early to new patch_level=0x03000027
[    2.068538] microcode: CPU0 added
[    2.069495] microcode: CPU0: patch_level=0x03000027
[    2.070404] microcode: CPU1 added
[    2.071351] microcode: CPU1: patch_level=0x03000027
[    2.072301] microcode: CPU2 added
[    2.073261] microcode: CPU2: patch_level=0x03000027
[    2.074162] microcode: CPU3 added
[    2.075102] microcode: CPU3: patch_level=0x03000027
[    2.076216] microcode: Microcode Update Driver: v2.2.
[    2.076647] registered taskstats version 1
[    2.078343] Loading compiled-in X.509 certificates
[    2.079526] Btrfs loaded, crc32c=crc32c-generic
[    2.086316] Key type trusted registered
[    2.089748] input: AT Translated Set 2 keyboard as /devices/platform/i8042/serio0/input/input5
[    2.092532] Key type encrypted registered
[    2.093680] rtc_cmos 00:01: setting system clock to 2019-03-03T02:14:55 UTC (1551579295)
[    2.094741] acpi_cpufreq: overriding BIOS provided _PSD data
[    2.319350] ata3: SATA link down (SStatus 0 SControl 300)
[    2.353726] usb 2-1: new high-speed USB device number 2 using ehci-pci
[    2.479681] ata2: SATA link up 3.0 Gbps (SStatus 123 SControl 300)
[    2.480810] ata2.00: ATA-10: KINGSTON SA400S37240G, SBFK71B1, max UDMA/133
[    2.481734] ata2.00: 468862128 sectors, multi 1: LBA48 NCQ (depth 32), AA
[    2.482996] ata2.00: configured for UDMA/133
[    2.484350] scsi 1:0:0:0: Direct-Access     ATA      KINGSTON SA400S3 71B1 PQ: 0 ANSI: 5
[    2.484834] usb 2-1: New USB device found, idVendor=0bda, idProduct=0139, bcdDevice=39.60
[    2.485867] sd 1:0:0:0: Attached scsi generic sg0 type 0
[    2.485882] sd 1:0:0:0: [sda] 468862128 512-byte logical blocks: (240 GB/224 GiB)
[    2.485892] sd 1:0:0:0: [sda] Write Protect is off
[    2.485893] sd 1:0:0:0: [sda] Mode Sense: 00 3a 00 00
[    2.485908] sd 1:0:0:0: [sda] Write cache: enabled, read cache: enabled, doesn't support DPO or FUA
[    2.486189] usb 2-1: New USB device strings: Mfr=1, Product=2, SerialNumber=3
[    2.487192]  sda: sda2
[    2.488165] usb 2-1: Product: USB2.0-CRW
[    2.489485] sd 1:0:0:0: [sda] Attached SCSI disk
[    2.490072] usb 2-1: Manufacturer: Generic
[    2.490073] usb 2-1: SerialNumber: 20100201396000000
[    2.496897] Freeing unused kernel image memory: 908K
[    2.505722] Write protecting the kernel read-only data: 18432k
[    2.507675] Freeing unused kernel image memory: 2020K
[    2.509124] Freeing unused kernel image memory: 1376K
[    2.510064] Run /init as init process
[    2.536538] systemd-udevd[155]: Starting version 241.7-2-arch
[    2.595637] ohci-pci: OHCI PCI platform driver
[    2.596910] ohci-pci 0000:00:12.0: OHCI PCI host controller
[    2.597822] ohci-pci 0000:00:12.0: new USB bus registered, assigned bus number 3
[    2.598725] ohci-pci 0000:00:12.0: irq 18, io mem 0xf0149000
[    2.620432] random: fast init done
[    2.622998] BTRFS: device label sys1moved devid 1 transid 102667 /dev/sda2
[    2.655721] usb usb3: New USB device found, idVendor=1d6b, idProduct=0001, bcdDevice= 5.00
[    2.656628] usb usb3: New USB device strings: Mfr=3, Product=2, SerialNumber=1
[    2.657489] usb usb3: Product: OHCI PCI host controller
[    2.658404] usb usb3: Manufacturer: Linux 5.0.0-rc8-ga215ce8f0e00 ohci_hcd
[    2.659292] usb usb3: SerialNumber: 0000:00:12.0
[    2.660644] hub 3-0:1.0: USB hub found
[    2.661596] hub 3-0:1.0: 5 ports detected
[    2.662993] ohci-pci 0000:00:13.0: OHCI PCI host controller
[    2.663885] ohci-pci 0000:00:13.0: new USB bus registered, assigned bus number 4
[    2.664846] ohci-pci 0000:00:13.0: irq 18, io mem 0xf0148000
[    2.721703] usb usb4: New USB device found, idVendor=1d6b, idProduct=0001, bcdDevice= 5.00
[    2.722627] usb usb4: New USB device strings: Mfr=3, Product=2, SerialNumber=1
[    2.723519] usb usb4: Product: OHCI PCI host controller
[    2.724415] usb usb4: Manufacturer: Linux 5.0.0-rc8-ga215ce8f0e00 ohci_hcd
[    2.725362] usb usb4: SerialNumber: 0000:00:13.0
[    2.726525] hub 4-0:1.0: USB hub found
[    2.727466] hub 4-0:1.0: 5 ports detected
[    3.052406] psmouse serio1: synaptics: queried max coordinates: x [..5728], y [..4902]
[    3.071657] usb 4-2: new low-speed USB device number 2 using ohci-pci
[    3.152631] psmouse serio1: synaptics: Touchpad model: 1, fw: 7.5, id: 0x1e0b1, caps: 0xd00073/0x240000/0xa0400/0x0, board id: 1695, fw id: 739436
[    3.215820] usb 3-3: new full-speed USB device number 2 using ohci-pci
[    3.216515] input: SynPS/2 Synaptics TouchPad as /devices/platform/i8042/serio1/input/input7
[    3.237683] usb 4-2: New USB device found, idVendor=2a7a, idProduct=0c18, bcdDevice= 0.01
[    3.238711] usb 4-2: New USB device strings: Mfr=0, Product=2, SerialNumber=0
[    3.239675] usb 4-2: Product: U
[    3.262474] input: U as /devices/pci0000:00/0000:00:13.0/usb4/4-2/4-2:1.0/0003:2A7A:0C18.0001/input/input8
[    3.315179] hid-generic 0003:2A7A:0C18.0001: input,hidraw0: USB HID v1.10 Keyboard [U] on usb-0000:00:13.0-2/input0
[    3.316513] input: U Consumer Control as /devices/pci0000:00/0000:00:13.0/usb4/4-2/4-2:1.1/0003:2A7A:0C18.0002/input/input9
[    3.370221] input: U System Control as /devices/pci0000:00/0000:00:13.0/usb4/4-2/4-2:1.1/0003:2A7A:0C18.0002/input/input10
[    3.371669] hid-generic 0003:2A7A:0C18.0002: input,hidraw1: USB HID v1.10 Device [U] on usb-0000:00:13.0-2/input1
[    3.385685] usb 3-3: New USB device found, idVendor=0458, idProduct=00f2, bcdDevice= 0.0a
[    3.386910] usb 3-3: New USB device strings: Mfr=1, Product=2, SerialNumber=0
[    3.387992] usb 3-3: Product: 2.4G Wireless BlueEye Mouse
[    3.389068] usb 3-3: Manufacturer: Genius
[    3.397451] input: Genius 2.4G Wireless BlueEye Mouse as /devices/pci0000:00/0000:00:12.0/usb3/3-3/3-3:1.0/0003:0458:00F2.0003/input/input11
[    3.398770] input: Genius 2.4G Wireless BlueEye Mouse System Control as /devices/pci0000:00/0000:00:12.0/usb3/3-3/3-3:1.0/0003:0458:00F2.0003/input/input12
[    3.452159] input: Genius 2.4G Wireless BlueEye Mouse Consumer Control as /devices/pci0000:00/0000:00:12.0/usb3/3-3/3-3:1.0/0003:0458:00F2.0003/input/input13
[    3.453461] input: Genius 2.4G Wireless BlueEye Mouse as /devices/pci0000:00/0000:00:12.0/usb3/3-3/3-3:1.0/0003:0458:00F2.0003/input/input14
[    3.454872] hid-generic 0003:0458:00F2.0003: input,hiddev96,hidraw2: USB HID v1.11 Mouse [Genius 2.4G Wireless BlueEye Mouse] on usb-0000:00:12.0-3/input0
[    3.769698] usb 2-3: new high-speed USB device number 4 using ehci-pci
[    4.013073] usb 2-3: New USB device found, idVendor=5986, idProduct=0364, bcdDevice=14.07
[    4.014335] usb 2-3: New USB device strings: Mfr=1, Product=2, SerialNumber=0
[    4.015503] usb 2-3: Product: Lenovo EasyCamera
[    4.016625] usb 2-3: Manufacturer: Bison Electronics Inc.
[    4.303819] usb 2-4: new high-speed USB device number 5 using ehci-pci
[    4.435851] usb 2-4: New USB device found, idVendor=1a40, idProduct=0101, bcdDevice= 1.11
[    4.437129] usb 2-4: New USB device strings: Mfr=0, Product=1, SerialNumber=0
[    4.438273] usb 2-4: Product: USB 2.0 Hub
[    4.440199] hub 2-4:1.0: USB hub found
[    4.442126] hub 2-4:1.0: 4 ports detected
[    4.587047] BTRFS info (device sda2): disk space caching is enabled
[    4.588214] BTRFS info (device sda2): has skinny extents
[    4.652879] BTRFS info (device sda2): enabling ssd optimizations
[    4.926507] systemd[1]: Inserted module 'autofs4'
[    4.946749] systemd[1]: systemd 241.7-2-arch running in system mode. (+PAM -AUDIT -SELINUX -IMA -APPARMOR +SMACK -SYSVINIT +UTMP +LIBCRYPTSETUP +GCRYPT +GNUTLS +ACL +XZ +LZ4 +SECCOMP +BLKID +ELFUTILS +KMOD +IDN2 -IDN +PCRE2 default-hierarchy=hybrid)
[    4.960732] systemd[1]: Detected architecture x86-64.
[    4.970922] systemd[1]: Set hostname to <z575>.
[    5.053110] systemd[1]: File /usr/lib/systemd/system/systemd-journald.service:12 configures an IP firewall (IPAddressDeny=any), but the local system does not support BPF/cgroup based firewalling.
[    5.054415] systemd[1]: Proceeding WITHOUT firewalling in effect! (This warning is only shown for the first loaded unit using IP firewalling.)
[    5.093429] random: systemd: uninitialized urandom read (16 bytes read)
[    5.118068] systemd[1]: Condition check resulted in Journal Audit Socket being skipped.
[    5.119410] random: systemd: uninitialized urandom read (16 bytes read)
[    5.122115] systemd[1]: Created slice system-netctl.slice.
[    5.124912] random: systemd: uninitialized urandom read (16 bytes read)
[    5.126210] systemd[1]: Reached target Swap.
[    5.129751] systemd[1]: Listening on udev Control Socket.
[    5.132742] systemd[1]: Set up automount Arbitrary Executable File Formats File System Automount Point.
[    5.135687] systemd[1]: Listening on Journal Socket (/dev/log).
[    5.138436] systemd[1]: Reached target Remote File Systems.
[    5.141124] systemd[1]: Started Dispatch Password Requests to Console Directory Watch.
[    5.143993] systemd[1]: Listening on udev Kernel Socket.
[    5.146855] systemd[1]: Listening on Device-mapper event daemon FIFOs.
[    5.153193] systemd[1]: Listening on Process Core Dump Socket.
[    5.156058] systemd[1]: Listening on initctl Compatibility Named Pipe.
[    5.159088] systemd[1]: Created slice User and Session Slice.
[    5.161995] systemd[1]: Listening on Journal Socket.
[    5.165612] systemd[1]: Starting udev Coldplug all Devices...
[    5.169143] systemd[1]: Starting underclocking for when booting non-git kernels...
[    5.172971] systemd[1]: Mounting Huge Pages File System...
[    5.176670] systemd[1]: Mounting POSIX Message Queue File System...
[    5.180369] systemd[1]: Mounting Kernel Debug File System...
[    5.184074] systemd[1]: Starting Journal Service...
[    5.187715] systemd[1]: Starting Create list of required static device nodes for the current kernel...
[    5.191685] systemd[1]: Starting Load Kernel Modules...
[    5.195340] systemd[1]: Starting Remount Root and Kernel File Systems...
[    5.207111] BTRFS info (device sda2): force zstd compression, level 0
[    5.208493] BTRFS info (device sda2): turning on discard
[    5.208623] systemd[1]: Condition check resulted in Set Up Additional Binary Formats being skipped.
[    5.209759] BTRFS info (device sda2): enabling auto defrag
[    5.209918] systemd-modules-load[240]: Module 'sg' is builtin
[    5.211060] systemd[1]: Reached target Slices.
[    5.212236] BTRFS info (device sda2): disk space caching is enabled
[    5.217820] systemd[1]: Created slice system-getty.slice.
[    5.220498] systemd[1]: Started Forward Password Requests to Wall Directory Watch.
[    5.223028] systemd[1]: Reached target Local Encrypted Volumes.
[    5.225479] systemd[1]: Reached target Paths.
[    5.229457] systemd[1]: Mounted Huge Pages File System.
[    5.232066] systemd[1]: Mounted POSIX Message Queue File System.
[    5.234483] systemd[1]: Mounted Kernel Debug File System.
[    5.237324] systemd[1]: Started Create list of required static device nodes for the current kernel.
[    5.240182] systemd[1]: Started Load Kernel Modules.
[    5.243019] systemd[1]: Started Remount Root and Kernel File Systems.
[    5.246964] systemd[1]: Starting Load/Save Random Seed...
[    5.249473] systemd[1]: Condition check resulted in First Boot Wizard being skipped.
[    5.255707] systemd[1]: Condition check resulted in Rebuild Hardware Database being skipped.
[    5.256908] systemd[1]: Condition check resulted in Create System Users being skipped.
[    5.258206] systemd[1]: Condition check resulted in FUSE Control File System being skipped.
[    5.261163] systemd[1]: Starting Apply Kernel Variables...
[    5.268221] systemd[1]: Mounting Kernel Configuration File System...
[    5.277370] systemd[1]: Starting Create Static Device Nodes in /dev...
[    5.280050] systemd-sysctl[250]: Couldn't write 'on' to 'kernel/printk_devkmsg': Invalid argument
[    5.281833] systemd-sysctl[250]: Couldn't write '0' to 'net/ipv6/conf/default/forwarding', ignoring: No such file or directory
[    5.281848] systemd-sysctl[250]: Couldn't write '0' to 'net/ipv6/conf/all/forwarding', ignoring: No such file or directory
[    5.281884] systemd-sysctl[250]: Couldn't write '0' to 'net/ipv4/conf/all/mc_forwarding', ignoring: Permission denied
[    5.282021] systemd-sysctl[250]: Couldn't write '0' to 'net/ipv6/conf/all/mc_forwarding', ignoring: No such file or directory
[    5.282077] systemd-sysctl[250]: Couldn't write '0' to 'net/ipv6/conf/default/accept_source_route', ignoring: No such file or directory
[    5.282087] systemd-sysctl[250]: Couldn't write '0' to 'net/ipv6/conf/all/accept_source_route', ignoring: No such file or directory
[    5.282117] systemd-sysctl[250]: Couldn't write '0' to 'net/ipv6/conf/default/accept_redirects', ignoring: No such file or directory
[    5.282127] systemd-sysctl[250]: Couldn't write '0' to 'net/ipv6/conf/all/accept_redirects', ignoring: No such file or directory
[    5.282160] systemd-sysctl[250]: Couldn't write '0' to 'net/ipv6/conf/all/secure_redirects', ignoring: No such file or directory
[    5.282170] systemd-sysctl[250]: Couldn't write '0' to 'net/ipv6/conf/default/secure_redirects', ignoring: No such file or directory
[    5.282199] systemd-sysctl[250]: Couldn't write '0' to 'net/ipv6/conf/default/send_redirects', ignoring: No such file or directory
[    5.282370] systemd-sysctl[250]: Couldn't write '0' to 'net/ipv6/conf/all/send_redirects', ignoring: No such file or directory
[    5.312393] systemd-sysctl[250]: Couldn't write '0' to 'net/ipv6/conf/default/autoconf', ignoring: No such file or directory
[    5.314563] systemd[1]: Started udev Coldplug all Devices.
[    5.314681] systemd-sysctl[250]: Couldn't write '0' to 'net/ipv6/conf/all/autoconf', ignoring: No such file or directory
